[5.419s] Invoking command in '/home/ros/arm_ws/src/arm_py_examples': CMAKE_PREFIX_PATH=/home/ros/arm_ws/install/arm_msgs:/home/ros/arm_ws/install/arm_utils:/home/ros/arm_ws/install/arm_remote:/home/ros/arm_ws/install/arm_cpp_examples:/home/ros/arm_ws/install/arm_moveit:/home/ros/arm_ws/install/arm_firmware:/home/ros/arm_ws/install/arm_description:/home/ros/arm_ws/install/arm_controller:/home/ros/arm_ws/install/arm_bringup LD_LIBRARY_PATH=/home/ros/arm_ws/install/arm_msgs/lib:/home/ros/arm_ws/install/arm_remote/lib:/home/ros/arm_ws/install/arm_cpp_examples/lib:/home/ros/arm_ws/install/arm_controller/lib:/usr/lib/x86_64-linux-gnu/gazebo-11/plugins:/opt/ros/humble/opt/rviz_ogre_vendor/lib:/opt/ros/humble/lib/x86_64-linux-gnu:/opt/ros/humble/lib PYTHONPATH=/home/ros/arm_ws/build/arm_py_examples/prefix_override:/usr/lib/python3/dist-packages/colcon_core/task/python/colcon_distutils_commands:/home/ros/arm_ws/install/arm_py_examples/lib/python3.10/site-packages:${PYTHONPATH} /usr/bin/python3 -W ignore:setup.py install is deprecated setup.py egg_info --egg-base ../../build/arm_py_examples build --build-base /home/ros/arm_ws/build/arm_py_examples/build install --record /home/ros/arm_ws/build/arm_py_examples/install.log --single-version-externally-managed install_data
[7.344s] running egg_info
[7.344s] writing ../../build/arm_py_examples/arm_py_examples.egg-info/PKG-INFO
[7.349s] writing dependency_links to ../../build/arm_py_examples/arm_py_examples.egg-info/dependency_links.txt
[7.350s] writing entry points to ../../build/arm_py_examples/arm_py_examples.egg-info/entry_points.txt
[7.351s] writing requirements to ../../build/arm_py_examples/arm_py_examples.egg-info/requires.txt
[7.356s] writing top-level names to ../../build/arm_py_examples/arm_py_examples.egg-info/top_level.txt
[7.374s] reading manifest file '../../build/arm_py_examples/arm_py_examples.egg-info/SOURCES.txt'
[7.387s] writing manifest file '../../build/arm_py_examples/arm_py_examples.egg-info/SOURCES.txt'
[7.387s] running build
[7.389s] running build_py
[7.391s] running install
[7.399s] running install_lib
[7.409s] running install_data
[7.412s] running install_egg_info
[7.424s] removing '/home/ros/arm_ws/install/arm_py_examples/lib/python3.10/site-packages/arm_py_examples-0.0.0-py3.10.egg-info' (and everything under it)
[7.432s] Copying ../../build/arm_py_examples/arm_py_examples.egg-info to /home/ros/arm_ws/install/arm_py_examples/lib/python3.10/site-packages/arm_py_examples-0.0.0-py3.10.egg-info
[7.434s] running install_scripts
[7.587s] Installing simple_action_client script to /home/ros/arm_ws/install/arm_py_examples/lib/arm_py_examples
[7.588s] Installing simple_action_server script to /home/ros/arm_ws/install/arm_py_examples/lib/arm_py_examples
[7.594s] Installing simple_parameter script to /home/ros/arm_ws/install/arm_py_examples/lib/arm_py_examples
[7.596s] Installing simple_publisher script to /home/ros/arm_ws/install/arm_py_examples/lib/arm_py_examples
[7.601s] Installing simple_service_client script to /home/ros/arm_ws/install/arm_py_examples/lib/arm_py_examples
[7.603s] Installing simple_service_server script to /home/ros/arm_ws/install/arm_py_examples/lib/arm_py_examples
[7.604s] Installing simple_subscriber script to /home/ros/arm_ws/install/arm_py_examples/lib/arm_py_examples
[7.608s] writing list of installed files to '/home/ros/arm_ws/build/arm_py_examples/install.log'
[7.693s] Invoked command in '/home/ros/arm_ws/src/arm_py_examples' returned '0': CMAKE_PREFIX_PATH=/home/ros/arm_ws/install/arm_msgs:/home/ros/arm_ws/install/arm_utils:/home/ros/arm_ws/install/arm_remote:/home/ros/arm_ws/install/arm_cpp_examples:/home/ros/arm_ws/install/arm_moveit:/home/ros/arm_ws/install/arm_firmware:/home/ros/arm_ws/install/arm_description:/home/ros/arm_ws/install/arm_controller:/home/ros/arm_ws/install/arm_bringup LD_LIBRARY_PATH=/home/ros/arm_ws/install/arm_msgs/lib:/home/ros/arm_ws/install/arm_remote/lib:/home/ros/arm_ws/install/arm_cpp_examples/lib:/home/ros/arm_ws/install/arm_controller/lib:/usr/lib/x86_64-linux-gnu/gazebo-11/plugins:/opt/ros/humble/opt/rviz_ogre_vendor/lib:/opt/ros/humble/lib/x86_64-linux-gnu:/opt/ros/humble/lib PYTHONPATH=/home/ros/arm_ws/build/arm_py_examples/prefix_override:/usr/lib/python3/dist-packages/colcon_core/task/python/colcon_distutils_commands:/home/ros/arm_ws/install/arm_py_examples/lib/python3.10/site-packages:${PYTHONPATH} /usr/bin/python3 -W ignore:setup.py install is deprecated setup.py egg_info --egg-base ../../build/arm_py_examples build --build-base /home/ros/arm_ws/build/arm_py_examples/build install --record /home/ros/arm_ws/build/arm_py_examples/install.log --single-version-externally-managed install_data
