[0.185s] Invoking command in '/home/ros/arm_ws/build/arm_remote': CMAKE_PREFIX_PATH=/home/ros/arm_ws/install/arm_msgs:/home/ros/arm_ws/install/arm_utils:/home/ros/arm_ws/install/arm_remote:/home/ros/arm_ws/install/arm_cpp_examples:/home/ros/arm_ws/install/arm_moveit:/home/ros/arm_ws/install/arm_firmware:/home/ros/arm_ws/install/arm_description:/home/ros/arm_ws/install/arm_controller:/home/ros/arm_ws/install/arm_bringup:/home/ros/arm_ws/install/arm_py_examples:/opt/ros/humble LD_LIBRARY_PATH=/home/ros/arm_ws/install/arm_msgs/lib:/home/ros/arm_ws/install/arm_remote/lib:/home/ros/arm_ws/install/arm_cpp_examples/lib:/home/ros/arm_ws/install/arm_controller/lib:/usr/lib/x86_64-linux-gnu/gazebo-11/plugins:/opt/ros/humble/opt/rviz_ogre_vendor/lib:/opt/ros/humble/lib/x86_64-linux-gnu:/opt/ros/humble/lib /usr/bin/cmake --build /home/ros/arm_ws/build/arm_remote -- -j2 -l2
[0.907s] [ 25%] [32mBuilding CXX object CMakeFiles/task_server.dir/src/task_server.cpp.o[0m
[49.437s] [ 50%] [32m[1mLinking CXX shared library libtask_server.so[0m
[51.130s] [ 50%] Built target task_server
[51.319s] [100%] Built target task_server_node
[51.580s] [100%] Built target ament_cmake_python_copy_arm_remote
[52.760s] running egg_info
[52.765s] writing arm_remote.egg-info/PKG-INFO
[52.767s] writing dependency_links to arm_remote.egg-info/dependency_links.txt
[52.769s] writing top-level names to arm_remote.egg-info/top_level.txt
[52.777s] reading manifest file 'arm_remote.egg-info/SOURCES.txt'
[52.780s] writing manifest file 'arm_remote.egg-info/SOURCES.txt'
[52.903s] [100%] Built target ament_cmake_python_build_arm_remote_egg
[52.958s] Invoked command in '/home/ros/arm_ws/build/arm_remote' returned '0': CMAKE_PREFIX_PATH=/home/ros/arm_ws/install/arm_msgs:/home/ros/arm_ws/install/arm_utils:/home/ros/arm_ws/install/arm_remote:/home/ros/arm_ws/install/arm_cpp_examples:/home/ros/arm_ws/install/arm_moveit:/home/ros/arm_ws/install/arm_firmware:/home/ros/arm_ws/install/arm_description:/home/ros/arm_ws/install/arm_controller:/home/ros/arm_ws/install/arm_bringup:/home/ros/arm_ws/install/arm_py_examples:/opt/ros/humble LD_LIBRARY_PATH=/home/ros/arm_ws/install/arm_msgs/lib:/home/ros/arm_ws/install/arm_remote/lib:/home/ros/arm_ws/install/arm_cpp_examples/lib:/home/ros/arm_ws/install/arm_controller/lib:/usr/lib/x86_64-linux-gnu/gazebo-11/plugins:/opt/ros/humble/opt/rviz_ogre_vendor/lib:/opt/ros/humble/lib/x86_64-linux-gnu:/opt/ros/humble/lib /usr/bin/cmake --build /home/ros/arm_ws/build/arm_remote -- -j2 -l2
[53.384s] Invoking command in '/home/ros/arm_ws/build/arm_remote': CMAKE_PREFIX_PATH=/home/ros/arm_ws/install/arm_msgs:/home/ros/arm_ws/install/arm_utils:/home/ros/arm_ws/install/arm_remote:/home/ros/arm_ws/install/arm_cpp_examples:/home/ros/arm_ws/install/arm_moveit:/home/ros/arm_ws/install/arm_firmware:/home/ros/arm_ws/install/arm_description:/home/ros/arm_ws/install/arm_controller:/home/ros/arm_ws/install/arm_bringup:/home/ros/arm_ws/install/arm_py_examples:/opt/ros/humble LD_LIBRARY_PATH=/home/ros/arm_ws/install/arm_msgs/lib:/home/ros/arm_ws/install/arm_remote/lib:/home/ros/arm_ws/install/arm_cpp_examples/lib:/home/ros/arm_ws/install/arm_controller/lib:/usr/lib/x86_64-linux-gnu/gazebo-11/plugins:/opt/ros/humble/opt/rviz_ogre_vendor/lib:/opt/ros/humble/lib/x86_64-linux-gnu:/opt/ros/humble/lib /usr/bin/cmake --install /home/ros/arm_ws/build/arm_remote
[53.446s] -- Install configuration: ""
[53.451s] -- Up-to-date: /home/ros/arm_ws/install/arm_remote/lib/arm_remote/task_server_node
[53.451s] -- Up-to-date: /home/ros/arm_ws/install/arm_remote/share/arm_remote/environment/pythonpath.sh
[53.455s] -- Up-to-date: /home/ros/arm_ws/install/arm_remote/share/arm_remote/environment/pythonpath.dsv
[53.455s] -- Up-to-date: /home/ros/arm_ws/install/arm_remote/local/lib/python3.10/dist-packages/arm_remote-0.0.0-py3.10.egg-info
[53.456s] -- Installing: /home/ros/arm_ws/install/arm_remote/local/lib/python3.10/dist-packages/arm_remote-0.0.0-py3.10.egg-info/dependency_links.txt
[53.456s] -- Installing: /home/ros/arm_ws/install/arm_remote/local/lib/python3.10/dist-packages/arm_remote-0.0.0-py3.10.egg-info/SOURCES.txt
[53.461s] -- Installing: /home/ros/arm_ws/install/arm_remote/local/lib/python3.10/dist-packages/arm_remote-0.0.0-py3.10.egg-info/PKG-INFO
[53.461s] -- Installing: /home/ros/arm_ws/install/arm_remote/local/lib/python3.10/dist-packages/arm_remote-0.0.0-py3.10.egg-info/top_level.txt
[53.462s] -- Up-to-date: /home/ros/arm_ws/install/arm_remote/local/lib/python3.10/dist-packages/arm_remote
[53.462s] -- Up-to-date: /home/ros/arm_ws/install/arm_remote/local/lib/python3.10/dist-packages/arm_remote/alexa_interface.py
[53.465s] -- Up-to-date: /home/ros/arm_ws/install/arm_remote/local/lib/python3.10/dist-packages/arm_remote/__init__.py
[53.612s] Listing '/home/ros/arm_ws/install/arm_remote/local/lib/python3.10/dist-packages/arm_remote'...
[53.631s] -- Up-to-date: /home/ros/arm_ws/install/arm_remote/share/arm_remote/launch
[53.631s] -- Up-to-date: /home/ros/arm_ws/install/arm_remote/share/arm_remote/launch/remote_interface.launch.py
[53.633s] -- Installing: /home/ros/arm_ws/install/arm_remote/lib/libtask_server.so
[53.641s] -- Set runtime path of "/home/ros/arm_ws/install/arm_remote/lib/libtask_server.so" to ""
[53.641s] -- Up-to-date: /home/ros/arm_ws/install/arm_remote/lib/arm_remote/alexa_interface.py
[53.644s] -- Up-to-date: /home/ros/arm_ws/install/arm_remote/share/ament_index/resource_index/package_run_dependencies/arm_remote
[53.645s] -- Up-to-date: /home/ros/arm_ws/install/arm_remote/share/ament_index/resource_index/parent_prefix_path/arm_remote
[53.645s] -- Up-to-date: /home/ros/arm_ws/install/arm_remote/share/arm_remote/environment/ament_prefix_path.sh
[53.645s] -- Up-to-date: /home/ros/arm_ws/install/arm_remote/share/arm_remote/environment/ament_prefix_path.dsv
[53.645s] -- Up-to-date: /home/ros/arm_ws/install/arm_remote/share/arm_remote/environment/path.sh
[53.645s] -- Up-to-date: /home/ros/arm_ws/install/arm_remote/share/arm_remote/environment/path.dsv
[53.646s] -- Up-to-date: /home/ros/arm_ws/install/arm_remote/share/arm_remote/local_setup.bash
[53.647s] -- Up-to-date: /home/ros/arm_ws/install/arm_remote/share/arm_remote/local_setup.sh
[53.647s] -- Up-to-date: /home/ros/arm_ws/install/arm_remote/share/arm_remote/local_setup.zsh
[53.647s] -- Up-to-date: /home/ros/arm_ws/install/arm_remote/share/arm_remote/local_setup.dsv
[53.647s] -- Installing: /home/ros/arm_ws/install/arm_remote/share/arm_remote/package.dsv
[53.648s] -- Up-to-date: /home/ros/arm_ws/install/arm_remote/share/ament_index/resource_index/packages/arm_remote
[53.652s] -- Up-to-date: /home/ros/arm_ws/install/arm_remote/share/ament_index/resource_index/rclcpp_components/arm_remote
[53.653s] -- Up-to-date: /home/ros/arm_ws/install/arm_remote/share/arm_remote/cmake/arm_remoteConfig.cmake
[53.653s] -- Up-to-date: /home/ros/arm_ws/install/arm_remote/share/arm_remote/cmake/arm_remoteConfig-version.cmake
[53.653s] -- Up-to-date: /home/ros/arm_ws/install/arm_remote/share/arm_remote/package.xml
[53.661s] Invoked command in '/home/ros/arm_ws/build/arm_remote' returned '0': CMAKE_PREFIX_PATH=/home/ros/arm_ws/install/arm_msgs:/home/ros/arm_ws/install/arm_utils:/home/ros/arm_ws/install/arm_remote:/home/ros/arm_ws/install/arm_cpp_examples:/home/ros/arm_ws/install/arm_moveit:/home/ros/arm_ws/install/arm_firmware:/home/ros/arm_ws/install/arm_description:/home/ros/arm_ws/install/arm_controller:/home/ros/arm_ws/install/arm_bringup:/home/ros/arm_ws/install/arm_py_examples:/opt/ros/humble LD_LIBRARY_PATH=/home/ros/arm_ws/install/arm_msgs/lib:/home/ros/arm_ws/install/arm_remote/lib:/home/ros/arm_ws/install/arm_cpp_examples/lib:/home/ros/arm_ws/install/arm_controller/lib:/usr/lib/x86_64-linux-gnu/gazebo-11/plugins:/opt/ros/humble/opt/rviz_ogre_vendor/lib:/opt/ros/humble/lib/x86_64-linux-gnu:/opt/ros/humble/lib /usr/bin/cmake --install /home/ros/arm_ws/build/arm_remote
