[0.285s] Invoking command in '/home/ros/arm_ws/build/arm_cpp_examples': CMAKE_PREFIX_PATH=/home/ros/arm_ws/install/arm_msgs:/home/ros/arm_ws/install/arm_utils:/home/ros/arm_ws/install/arm_remote:/home/ros/arm_ws/install/arm_cpp_examples:/home/ros/arm_ws/install/arm_moveit:/home/ros/arm_ws/install/arm_firmware:/home/ros/arm_ws/install/arm_description:/home/ros/arm_ws/install/arm_controller:/home/ros/arm_ws/install/arm_bringup:/home/ros/arm_ws/install/arm_py_examples:/opt/ros/humble LD_LIBRARY_PATH=/home/ros/arm_ws/install/arm_msgs/lib:/home/ros/arm_ws/install/arm_remote/lib:/home/ros/arm_ws/install/arm_cpp_examples/lib:/home/ros/arm_ws/install/arm_controller/lib:/usr/lib/x86_64-linux-gnu/gazebo-11/plugins:/opt/ros/humble/opt/rviz_ogre_vendor/lib:/opt/ros/humble/lib/x86_64-linux-gnu:/opt/ros/humble/lib /usr/bin/cmake --build /home/ros/arm_ws/build/arm_cpp_examples -- -j2 -l2
[1.008s] [  9%] Built target simple_publisher
[1.299s] [ 18%] Built target simple_subscriber
[1.511s] [ 27%] Built target simple_parameter
[1.694s] [ 36%] Built target simple_service_server
[1.976s] [ 45%] Built target simple_service_client
[2.287s] [ 54%] Built target simple_action_server
[2.576s] [ 63%] Built target simple_action_server_node
[2.933s] [ 72%] Built target simple_action_client
[3.167s] [ 81%] Built target simple_action_client_node
[3.494s] [ 90%] Built target simple_moveit_interface
[3.714s] [100%] Built target simple_lifecycle_node
[3.842s] Invoked command in '/home/ros/arm_ws/build/arm_cpp_examples' returned '0': CMAKE_PREFIX_PATH=/home/ros/arm_ws/install/arm_msgs:/home/ros/arm_ws/install/arm_utils:/home/ros/arm_ws/install/arm_remote:/home/ros/arm_ws/install/arm_cpp_examples:/home/ros/arm_ws/install/arm_moveit:/home/ros/arm_ws/install/arm_firmware:/home/ros/arm_ws/install/arm_description:/home/ros/arm_ws/install/arm_controller:/home/ros/arm_ws/install/arm_bringup:/home/ros/arm_ws/install/arm_py_examples:/opt/ros/humble LD_LIBRARY_PATH=/home/ros/arm_ws/install/arm_msgs/lib:/home/ros/arm_ws/install/arm_remote/lib:/home/ros/arm_ws/install/arm_cpp_examples/lib:/home/ros/arm_ws/install/arm_controller/lib:/usr/lib/x86_64-linux-gnu/gazebo-11/plugins:/opt/ros/humble/opt/rviz_ogre_vendor/lib:/opt/ros/humble/lib/x86_64-linux-gnu:/opt/ros/humble/lib /usr/bin/cmake --build /home/ros/arm_ws/build/arm_cpp_examples -- -j2 -l2
[4.957s] Invoking command in '/home/ros/arm_ws/build/arm_cpp_examples': CMAKE_PREFIX_PATH=/home/ros/arm_ws/install/arm_msgs:/home/ros/arm_ws/install/arm_utils:/home/ros/arm_ws/install/arm_remote:/home/ros/arm_ws/install/arm_cpp_examples:/home/ros/arm_ws/install/arm_moveit:/home/ros/arm_ws/install/arm_firmware:/home/ros/arm_ws/install/arm_description:/home/ros/arm_ws/install/arm_controller:/home/ros/arm_ws/install/arm_bringup:/home/ros/arm_ws/install/arm_py_examples:/opt/ros/humble LD_LIBRARY_PATH=/home/ros/arm_ws/install/arm_msgs/lib:/home/ros/arm_ws/install/arm_remote/lib:/home/ros/arm_ws/install/arm_cpp_examples/lib:/home/ros/arm_ws/install/arm_controller/lib:/usr/lib/x86_64-linux-gnu/gazebo-11/plugins:/opt/ros/humble/opt/rviz_ogre_vendor/lib:/opt/ros/humble/lib/x86_64-linux-gnu:/opt/ros/humble/lib /usr/bin/cmake --install /home/ros/arm_ws/build/arm_cpp_examples
[4.997s] -- Install configuration: ""
[5.002s] -- Up-to-date: /home/ros/arm_ws/install/arm_cpp_examples/lib/arm_cpp_examples/simple_action_server_node
[5.002s] -- Up-to-date: /home/ros/arm_ws/install/arm_cpp_examples/lib/arm_cpp_examples/simple_action_client_node
[5.011s] -- Up-to-date: /home/ros/arm_ws/install/arm_cpp_examples/lib/arm_cpp_examples/simple_publisher
[5.012s] -- Up-to-date: /home/ros/arm_ws/install/arm_cpp_examples/lib/arm_cpp_examples/simple_subscriber
[5.012s] -- Up-to-date: /home/ros/arm_ws/install/arm_cpp_examples/lib/arm_cpp_examples/simple_parameter
[5.019s] -- Up-to-date: /home/ros/arm_ws/install/arm_cpp_examples/lib/arm_cpp_examples/simple_service_server
[5.021s] -- Up-to-date: /home/ros/arm_ws/install/arm_cpp_examples/lib/arm_cpp_examples/simple_service_client
[5.022s] -- Up-to-date: /home/ros/arm_ws/install/arm_cpp_examples/lib/arm_cpp_examples/simple_moveit_interface
[5.033s] -- Up-to-date: /home/ros/arm_ws/install/arm_cpp_examples/lib/arm_cpp_examples/simple_lifecycle_node
[5.033s] -- Up-to-date: /home/ros/arm_ws/install/arm_cpp_examples/lib/libsimple_action_server.so
[5.034s] -- Up-to-date: /home/ros/arm_ws/install/arm_cpp_examples/lib/libsimple_action_client.so
[5.034s] -- Up-to-date: /home/ros/arm_ws/install/arm_cpp_examples/share/ament_index/resource_index/package_run_dependencies/arm_cpp_examples
[5.034s] -- Up-to-date: /home/ros/arm_ws/install/arm_cpp_examples/share/ament_index/resource_index/parent_prefix_path/arm_cpp_examples
[5.034s] -- Up-to-date: /home/ros/arm_ws/install/arm_cpp_examples/share/arm_cpp_examples/environment/ament_prefix_path.sh
[5.035s] -- Up-to-date: /home/ros/arm_ws/install/arm_cpp_examples/share/arm_cpp_examples/environment/ament_prefix_path.dsv
[5.035s] -- Up-to-date: /home/ros/arm_ws/install/arm_cpp_examples/share/arm_cpp_examples/environment/path.sh
[5.035s] -- Up-to-date: /home/ros/arm_ws/install/arm_cpp_examples/share/arm_cpp_examples/environment/path.dsv
[5.035s] -- Up-to-date: /home/ros/arm_ws/install/arm_cpp_examples/share/arm_cpp_examples/local_setup.bash
[5.035s] -- Up-to-date: /home/ros/arm_ws/install/arm_cpp_examples/share/arm_cpp_examples/local_setup.sh
[5.035s] -- Up-to-date: /home/ros/arm_ws/install/arm_cpp_examples/share/arm_cpp_examples/local_setup.zsh
[5.035s] -- Up-to-date: /home/ros/arm_ws/install/arm_cpp_examples/share/arm_cpp_examples/local_setup.dsv
[5.036s] -- Installing: /home/ros/arm_ws/install/arm_cpp_examples/share/arm_cpp_examples/package.dsv
[5.043s] -- Up-to-date: /home/ros/arm_ws/install/arm_cpp_examples/share/ament_index/resource_index/packages/arm_cpp_examples
[5.053s] -- Up-to-date: /home/ros/arm_ws/install/arm_cpp_examples/share/ament_index/resource_index/rclcpp_components/arm_cpp_examples
[5.053s] -- Up-to-date: /home/ros/arm_ws/install/arm_cpp_examples/share/arm_cpp_examples/cmake/arm_cpp_examplesConfig.cmake
[5.054s] -- Up-to-date: /home/ros/arm_ws/install/arm_cpp_examples/share/arm_cpp_examples/cmake/arm_cpp_examplesConfig-version.cmake
[5.054s] -- Up-to-date: /home/ros/arm_ws/install/arm_cpp_examples/share/arm_cpp_examples/package.xml
[5.055s] Invoked command in '/home/ros/arm_ws/build/arm_cpp_examples' returned '0': CMAKE_PREFIX_PATH=/home/ros/arm_ws/install/arm_msgs:/home/ros/arm_ws/install/arm_utils:/home/ros/arm_ws/install/arm_remote:/home/ros/arm_ws/install/arm_cpp_examples:/home/ros/arm_ws/install/arm_moveit:/home/ros/arm_ws/install/arm_firmware:/home/ros/arm_ws/install/arm_description:/home/ros/arm_ws/install/arm_controller:/home/ros/arm_ws/install/arm_bringup:/home/ros/arm_ws/install/arm_py_examples:/opt/ros/humble LD_LIBRARY_PATH=/home/ros/arm_ws/install/arm_msgs/lib:/home/ros/arm_ws/install/arm_remote/lib:/home/ros/arm_ws/install/arm_cpp_examples/lib:/home/ros/arm_ws/install/arm_controller/lib:/usr/lib/x86_64-linux-gnu/gazebo-11/plugins:/opt/ros/humble/opt/rviz_ogre_vendor/lib:/opt/ros/humble/lib/x86_64-linux-gnu:/opt/ros/humble/lib /usr/bin/cmake --install /home/ros/arm_ws/build/arm_cpp_examples
