[0.063s] Invoking command in '/home/ros/arm_ws/build/arm_bringup': CMAKE_PREFIX_PATH=/opt/ros/humble /usr/bin/cmake --build /home/ros/arm_ws/build/arm_bringup -- -j2 -l2
[1.130s] Invoked command in '/home/ros/arm_ws/build/arm_bringup' returned '0': CMAKE_PREFIX_PATH=/opt/ros/humble /usr/bin/cmake --build /home/ros/arm_ws/build/arm_bringup -- -j2 -l2
[1.683s] Invoking command in '/home/ros/arm_ws/build/arm_bringup': CMAKE_PREFIX_PATH=/opt/ros/humble /usr/bin/cmake --install /home/ros/arm_ws/build/arm_bringup
[1.768s] -- Install configuration: ""
[1.779s] -- Up-to-date: /home/ros/arm_ws/install/arm_bringup/share/arm_bringup/launch
[1.782s] -- Up-to-date: /home/ros/arm_ws/install/arm_bringup/share/arm_bringup/launch/simulated_robot.launch.py
[1.788s] -- Up-to-date: /home/ros/arm_ws/install/arm_bringup/share/arm_bringup/launch/real_robot.launch.py
[1.792s] -- Up-to-date: /home/ros/arm_ws/install/arm_bringup/share/ament_index/resource_index/package_run_dependencies/arm_bringup
[1.793s] -- Up-to-date: /home/ros/arm_ws/install/arm_bringup/share/ament_index/resource_index/parent_prefix_path/arm_bringup
[1.794s] -- Up-to-date: /home/ros/arm_ws/install/arm_bringup/share/arm_bringup/environment/ament_prefix_path.sh
[1.794s] -- Up-to-date: /home/ros/arm_ws/install/arm_bringup/share/arm_bringup/environment/ament_prefix_path.dsv
[1.795s] -- Up-to-date: /home/ros/arm_ws/install/arm_bringup/share/arm_bringup/environment/path.sh
[1.795s] -- Up-to-date: /home/ros/arm_ws/install/arm_bringup/share/arm_bringup/environment/path.dsv
[1.796s] -- Up-to-date: /home/ros/arm_ws/install/arm_bringup/share/arm_bringup/local_setup.bash
[1.796s] -- Up-to-date: /home/ros/arm_ws/install/arm_bringup/share/arm_bringup/local_setup.sh
[1.796s] -- Up-to-date: /home/ros/arm_ws/install/arm_bringup/share/arm_bringup/local_setup.zsh
[1.796s] -- Up-to-date: /home/ros/arm_ws/install/arm_bringup/share/arm_bringup/local_setup.dsv
[1.799s] -- Installing: /home/ros/arm_ws/install/arm_bringup/share/arm_bringup/package.dsv
[1.800s] -- Up-to-date: /home/ros/arm_ws/install/arm_bringup/share/ament_index/resource_index/packages/arm_bringup
[1.800s] -- Up-to-date: /home/ros/arm_ws/install/arm_bringup/share/arm_bringup/cmake/arm_bringupConfig.cmake
[1.800s] -- Up-to-date: /home/ros/arm_ws/install/arm_bringup/share/arm_bringup/cmake/arm_bringupConfig-version.cmake
[1.800s] -- Up-to-date: /home/ros/arm_ws/install/arm_bringup/share/arm_bringup/package.xml
[1.809s] Invoked command in '/home/ros/arm_ws/build/arm_bringup' returned '0': CMAKE_PREFIX_PATH=/opt/ros/humble /usr/bin/cmake --install /home/ros/arm_ws/build/arm_bringup
