[0.041s] Invoking command in '/home/ros/arm_ws/build/arm_controller': CMAKE_PREFIX_PATH=/opt/ros/humble /usr/bin/cmake /home/ros/arm_ws/src/arm_controller -DCMAKE_INSTALL_PREFIX=/home/ros/arm_ws/install/arm_controller
[0.242s] -- The C compiler identification is GNU 11.4.0
[0.520s] -- The CXX compiler identification is GNU 11.4.0
[0.565s] -- Detecting C compiler ABI info
[0.884s] -- Detecting C compiler ABI info - done
[0.921s] -- Check for working C compiler: /usr/bin/cc - skipped
[0.923s] -- Detecting C compile features
[0.929s] -- Detecting C compile features - done
[0.933s] -- Detecting CXX compiler ABI info
[1.381s] -- Detecting CXX compiler ABI info - done
[1.405s] -- Check for working CXX compiler: /usr/bin/c++ - skipped
[1.406s] -- Detecting CXX compile features
[1.412s] -- Detecting CXX compile features - done
[1.431s] -- Found ament_cmake: 1.3.10 (/opt/ros/humble/share/ament_cmake/cmake)
[1.886s] -- Found Python3: /usr/bin/python3 (found version "3.10.12") found components: Interpreter 
[2.193s] -- Found trajectory_msgs: 4.2.4 (/opt/ros/humble/share/trajectory_msgs/cmake)
[2.316s] -- Found rosidl_generator_c: 3.1.5 (/opt/ros/humble/share/rosidl_generator_c/cmake)
[2.348s] -- Found rosidl_adapter: 3.1.5 (/opt/ros/humble/share/rosidl_adapter/cmake)
[2.364s] -- Found rosidl_generator_cpp: 3.1.5 (/opt/ros/humble/share/rosidl_generator_cpp/cmake)
[2.409s] -- Using all available rosidl_typesupport_c: rosidl_typesupport_fastrtps_c;rosidl_typesupport_introspection_c
[2.457s] -- Using all available rosidl_typesupport_cpp: rosidl_typesupport_fastrtps_cpp;rosidl_typesupport_introspection_cpp
[2.685s] -- Found sensor_msgs: 4.2.4 (/opt/ros/humble/share/sensor_msgs/cmake)
[2.750s] -- Found rclcpp: 16.0.10 (/opt/ros/humble/share/rclcpp/cmake)
[2.887s] -- Found rmw_implementation_cmake: 6.1.2 (/opt/ros/humble/share/rmw_implementation_cmake/cmake)
[2.896s] -- Found rmw_fastrtps_cpp: 6.2.7 (/opt/ros/humble/share/rmw_fastrtps_cpp/cmake)
[3.551s] -- Found OpenSSL: /usr/lib/x86_64-linux-gnu/libcrypto.so (found version "3.0.2")  
[3.770s] -- Found FastRTPS: /opt/ros/humble/include  
[3.934s] -- Using RMW implementation 'rmw_fastrtps_cpp' as default
[3.975s] -- Looking for pthread.h
[4.557s] -- Looking for pthread.h - found
[4.569s] -- Performing Test CMAKE_HAVE_LIBC_PTHREAD
[5.180s] -- Performing Test CMAKE_HAVE_LIBC_PTHREAD - Success
[5.199s] -- Found Threads: TRUE  
[5.465s] -- Found rclpy: 3.3.14 (/opt/ros/humble/share/rclpy/cmake)
[5.475s] -- Found hardware_interface: 2.43.1 (/opt/ros/humble/share/hardware_interface/cmake)
[6.582s] -- Found PkgConfig: /usr/bin/pkg-config (found version "0.29.2") 
[6.588s] -- Checking for module 'libserial'
[6.697s] --   Found libserial, version 1.0.0
[7.810s] -- Configuring done
[8.112s] -- Generating done
[8.140s] -- Build files have been written to: /home/ros/arm_ws/build/arm_controller
[8.244s] Invoked command in '/home/ros/arm_ws/build/arm_controller' returned '0': CMAKE_PREFIX_PATH=/opt/ros/humble /usr/bin/cmake /home/ros/arm_ws/src/arm_controller -DCMAKE_INSTALL_PREFIX=/home/ros/arm_ws/install/arm_controller
[8.263s] Invoking command in '/home/ros/arm_ws/build/arm_controller': CMAKE_PREFIX_PATH=/opt/ros/humble /usr/bin/cmake --build /home/ros/arm_ws/build/arm_controller -- -j2 -l2
[8.851s] [ 25%] [32mBuilding CXX object CMakeFiles/slider_control.dir/src/slider_control.cpp.o[0m
[8.933s] [ 50%] [32mBuilding CXX object CMakeFiles/arm_controller.dir/src/arm_interface.cpp.o[0m
[9.059s] [01m[K/home/ros/arm_ws/src/arm_controller/src/arm_interface.cpp:1:10:[m[K [01;31m[Kfatal error: [m[Karm_controller/arm_interface.hpp: No such file or directory
[9.059s]     1 | #include [01;31m[K"arm_controller/arm_interface.hpp"[m[K
[9.059s]       |          [01;31m[K^~~~~~~~~~~~~~~~~~~~~~~~~~~~~~~~~~[m[K
[9.061s] compilation terminated.
[9.064s] gmake[2]: *** [CMakeFiles/arm_controller.dir/build.make:76: CMakeFiles/arm_controller.dir/src/arm_interface.cpp.o] Error 1
[9.066s] gmake[1]: *** [CMakeFiles/Makefile2:168: CMakeFiles/arm_controller.dir/all] Error 2
[9.066s] gmake[1]: *** Waiting for unfinished jobs....
[60.082s] [ 75%] [32m[1mLinking CXX executable slider_control[0m
[61.658s] [ 75%] Built target slider_control
[61.663s] gmake: *** [Makefile:146: all] Error 2
[61.668s] Invoked command in '/home/ros/arm_ws/build/arm_controller' returned '2': CMAKE_PREFIX_PATH=/opt/ros/humble /usr/bin/cmake --build /home/ros/arm_ws/build/arm_controller -- -j2 -l2
