[ 50%] Built target slider_control
[100%] Built target arm_controller
[100%] Built target ament_cmake_python_copy_arm_controller
running egg_info
writing arm_controller.egg-info/PKG-INFO
writing dependency_links to arm_controller.egg-info/dependency_links.txt
writing top-level names to arm_controller.egg-info/top_level.txt
reading manifest file 'arm_controller.egg-info/SOURCES.txt'
writing manifest file 'arm_controller.egg-info/SOURCES.txt'
[100%] Built target ament_cmake_python_build_arm_controller_egg
-- Install configuration: ""
-- Up-to-date: /home/ros/arm_ws/install/arm_controller/share/arm_controller/arm_controller.xml
-- Up-to-date: /home/ros/arm_ws/install/arm_controller/share/arm_controller/environment/pythonpath.sh
-- Up-to-date: /home/ros/arm_ws/install/arm_controller/share/arm_controller/environment/pythonpath.dsv
-- Up-to-date: /home/ros/arm_ws/install/arm_controller/local/lib/python3.10/dist-packages/arm_controller-0.0.0-py3.10.egg-info
-- Installing: /home/ros/arm_ws/install/arm_controller/local/lib/python3.10/dist-packages/arm_controller-0.0.0-py3.10.egg-info/dependency_links.txt
-- Installing: /home/ros/arm_ws/install/arm_controller/local/lib/python3.10/dist-packages/arm_controller-0.0.0-py3.10.egg-info/SOURCES.txt
-- Installing: /home/ros/arm_ws/install/arm_controller/local/lib/python3.10/dist-packages/arm_controller-0.0.0-py3.10.egg-info/PKG-INFO
-- Installing: /home/ros/arm_ws/install/arm_controller/local/lib/python3.10/dist-packages/arm_controller-0.0.0-py3.10.egg-info/top_level.txt
-- Up-to-date: /home/ros/arm_ws/install/arm_controller/local/lib/python3.10/dist-packages/arm_controller
-- Up-to-date: /home/ros/arm_ws/install/arm_controller/local/lib/python3.10/dist-packages/arm_controller/slider_control.py
-- Up-to-date: /home/ros/arm_ws/install/arm_controller/local/lib/python3.10/dist-packages/arm_controller/__init__.py
Listing '/home/ros/arm_ws/install/arm_controller/local/lib/python3.10/dist-packages/arm_controller'...
-- Up-to-date: /home/ros/arm_ws/install/arm_controller/lib/arm_controller/slider_control
-- Up-to-date: /home/ros/arm_ws/install/arm_controller/lib/libarm_controller.so
-- Up-to-date: /home/ros/arm_ws/install/arm_controller/include/include
-- Up-to-date: /home/ros/arm_ws/install/arm_controller/include/include/arm_controller
-- Up-to-date: /home/ros/arm_ws/install/arm_controller/include/include/arm_controller/arm_interface.hpp
-- Up-to-date: /home/ros/arm_ws/install/arm_controller/share/arm_controller/launch
-- Up-to-date: /home/ros/arm_ws/install/arm_controller/share/arm_controller/launch/controller.launch.py
-- Up-to-date: /home/ros/arm_ws/install/arm_controller/share/arm_controller/launch/slider_controller.launch.py
-- Up-to-date: /home/ros/arm_ws/install/arm_controller/share/arm_controller/config
-- Up-to-date: /home/ros/arm_ws/install/arm_controller/share/arm_controller/config/arm_controllers.yaml
-- Up-to-date: /home/ros/arm_ws/install/arm_controller/lib/arm_controller/slider_control.py
-- Up-to-date: /home/ros/arm_ws/install/arm_controller/share/arm_controller/environment/library_path.sh
-- Up-to-date: /home/ros/arm_ws/install/arm_controller/share/arm_controller/environment/library_path.dsv
-- Up-to-date: /home/ros/arm_ws/install/arm_controller/share/ament_index/resource_index/package_run_dependencies/arm_controller
-- Up-to-date: /home/ros/arm_ws/install/arm_controller/share/ament_index/resource_index/parent_prefix_path/arm_controller
-- Up-to-date: /home/ros/arm_ws/install/arm_controller/share/arm_controller/environment/ament_prefix_path.sh
-- Up-to-date: /home/ros/arm_ws/install/arm_controller/share/arm_controller/environment/ament_prefix_path.dsv
-- Up-to-date: /home/ros/arm_ws/install/arm_controller/share/arm_controller/environment/path.sh
-- Up-to-date: /home/ros/arm_ws/install/arm_controller/share/arm_controller/environment/path.dsv
-- Up-to-date: /home/ros/arm_ws/install/arm_controller/share/arm_controller/local_setup.bash
-- Up-to-date: /home/ros/arm_ws/install/arm_controller/share/arm_controller/local_setup.sh
-- Up-to-date: /home/ros/arm_ws/install/arm_controller/share/arm_controller/local_setup.zsh
-- Up-to-date: /home/ros/arm_ws/install/arm_controller/share/arm_controller/local_setup.dsv
-- Installing: /home/ros/arm_ws/install/arm_controller/share/arm_controller/package.dsv
-- Up-to-date: /home/ros/arm_ws/install/arm_controller/share/ament_index/resource_index/packages/arm_controller
-- Up-to-date: /home/ros/arm_ws/install/arm_controller/share/ament_index/resource_index/hardware_interface__pluginlib__plugin/arm_controller
-- Up-to-date: /home/ros/arm_ws/install/arm_controller/share/arm_controller/cmake/ament_cmake_export_include_directories-extras.cmake
-- Up-to-date: /home/ros/arm_ws/install/arm_controller/share/arm_controller/cmake/ament_cmake_export_libraries-extras.cmake
-- Up-to-date: /home/ros/arm_ws/install/arm_controller/share/arm_controller/cmake/ament_cmake_export_dependencies-extras.cmake
-- Up-to-date: /home/ros/arm_ws/install/arm_controller/share/arm_controller/cmake/arm_controllerConfig.cmake
-- Up-to-date: /home/ros/arm_ws/install/arm_controller/share/arm_controller/cmake/arm_controllerConfig-version.cmake
-- Up-to-date: /home/ros/arm_ws/install/arm_controller/share/arm_controller/package.xml
