[0.178s] Invoking command in '/home/ros/arm_ws/build/arm_controller': CMAKE_PREFIX_PATH=/opt/ros/humble /usr/bin/cmake --build /home/ros/arm_ws/build/arm_controller -- -j2 -l2
[1.264s] [ 50%] Built target slider_control
[1.568s] [100%] Built target arm_controller
[1.875s] [100%] Built target ament_cmake_python_copy_arm_controller
[4.175s] running egg_info
[4.189s] writing arm_controller.egg-info/PKG-INFO
[4.193s] writing dependency_links to arm_controller.egg-info/dependency_links.txt
[4.203s] writing top-level names to arm_controller.egg-info/top_level.txt
[4.240s] reading manifest file 'arm_controller.egg-info/SOURCES.txt'
[4.253s] writing manifest file 'arm_controller.egg-info/SOURCES.txt'
[4.483s] [100%] Built target ament_cmake_python_build_arm_controller_egg
[4.569s] Invoked command in '/home/ros/arm_ws/build/arm_controller' returned '0': CMAKE_PREFIX_PATH=/opt/ros/humble /usr/bin/cmake --build /home/ros/arm_ws/build/arm_controller -- -j2 -l2
[4.988s] Invoking command in '/home/ros/arm_ws/build/arm_controller': CMAKE_PREFIX_PATH=/opt/ros/humble /usr/bin/cmake --install /home/ros/arm_ws/build/arm_controller
[5.034s] -- Install configuration: ""
[5.034s] -- Up-to-date: /home/ros/arm_ws/install/arm_controller/share/arm_controller/arm_controller.xml
[5.034s] -- Up-to-date: /home/ros/arm_ws/install/arm_controller/share/arm_controller/environment/pythonpath.sh
[5.035s] -- Up-to-date: /home/ros/arm_ws/install/arm_controller/share/arm_controller/environment/pythonpath.dsv
[5.035s] -- Up-to-date: /home/ros/arm_ws/install/arm_controller/local/lib/python3.10/dist-packages/arm_controller-0.0.0-py3.10.egg-info
[5.035s] -- Installing: /home/ros/arm_ws/install/arm_controller/local/lib/python3.10/dist-packages/arm_controller-0.0.0-py3.10.egg-info/dependency_links.txt
[5.036s] -- Installing: /home/ros/arm_ws/install/arm_controller/local/lib/python3.10/dist-packages/arm_controller-0.0.0-py3.10.egg-info/SOURCES.txt
[5.040s] -- Installing: /home/ros/arm_ws/install/arm_controller/local/lib/python3.10/dist-packages/arm_controller-0.0.0-py3.10.egg-info/PKG-INFO
[5.040s] -- Installing: /home/ros/arm_ws/install/arm_controller/local/lib/python3.10/dist-packages/arm_controller-0.0.0-py3.10.egg-info/top_level.txt
[5.043s] -- Up-to-date: /home/ros/arm_ws/install/arm_controller/local/lib/python3.10/dist-packages/arm_controller
[5.043s] -- Up-to-date: /home/ros/arm_ws/install/arm_controller/local/lib/python3.10/dist-packages/arm_controller/slider_control.py
[5.043s] -- Up-to-date: /home/ros/arm_ws/install/arm_controller/local/lib/python3.10/dist-packages/arm_controller/__init__.py
[5.284s] Listing '/home/ros/arm_ws/install/arm_controller/local/lib/python3.10/dist-packages/arm_controller'...
[5.338s] -- Up-to-date: /home/ros/arm_ws/install/arm_controller/lib/arm_controller/slider_control
[5.354s] -- Up-to-date: /home/ros/arm_ws/install/arm_controller/lib/libarm_controller.so
[5.360s] -- Up-to-date: /home/ros/arm_ws/install/arm_controller/include/include
[5.360s] -- Up-to-date: /home/ros/arm_ws/install/arm_controller/include/include/arm_controller
[5.361s] -- Up-to-date: /home/ros/arm_ws/install/arm_controller/include/include/arm_controller/arm_interface.hpp
[5.362s] -- Up-to-date: /home/ros/arm_ws/install/arm_controller/share/arm_controller/launch
[5.362s] -- Up-to-date: /home/ros/arm_ws/install/arm_controller/share/arm_controller/launch/controller.launch.py
[5.362s] -- Up-to-date: /home/ros/arm_ws/install/arm_controller/share/arm_controller/launch/slider_controller.launch.py
[5.366s] -- Up-to-date: /home/ros/arm_ws/install/arm_controller/share/arm_controller/config
[5.369s] -- Up-to-date: /home/ros/arm_ws/install/arm_controller/share/arm_controller/config/arm_controllers.yaml
[5.369s] -- Up-to-date: /home/ros/arm_ws/install/arm_controller/lib/arm_controller/slider_control.py
[5.369s] -- Up-to-date: /home/ros/arm_ws/install/arm_controller/share/arm_controller/environment/library_path.sh
[5.369s] -- Up-to-date: /home/ros/arm_ws/install/arm_controller/share/arm_controller/environment/library_path.dsv
[5.370s] -- Up-to-date: /home/ros/arm_ws/install/arm_controller/share/ament_index/resource_index/package_run_dependencies/arm_controller
[5.374s] -- Up-to-date: /home/ros/arm_ws/install/arm_controller/share/ament_index/resource_index/parent_prefix_path/arm_controller
[5.374s] -- Up-to-date: /home/ros/arm_ws/install/arm_controller/share/arm_controller/environment/ament_prefix_path.sh
[5.374s] -- Up-to-date: /home/ros/arm_ws/install/arm_controller/share/arm_controller/environment/ament_prefix_path.dsv
[5.374s] -- Up-to-date: /home/ros/arm_ws/install/arm_controller/share/arm_controller/environment/path.sh
[5.380s] -- Up-to-date: /home/ros/arm_ws/install/arm_controller/share/arm_controller/environment/path.dsv
[5.380s] -- Up-to-date: /home/ros/arm_ws/install/arm_controller/share/arm_controller/local_setup.bash
[5.380s] -- Up-to-date: /home/ros/arm_ws/install/arm_controller/share/arm_controller/local_setup.sh
[5.382s] -- Up-to-date: /home/ros/arm_ws/install/arm_controller/share/arm_controller/local_setup.zsh
[5.382s] -- Up-to-date: /home/ros/arm_ws/install/arm_controller/share/arm_controller/local_setup.dsv
[5.384s] -- Installing: /home/ros/arm_ws/install/arm_controller/share/arm_controller/package.dsv
[5.386s] -- Up-to-date: /home/ros/arm_ws/install/arm_controller/share/ament_index/resource_index/packages/arm_controller
[5.388s] -- Up-to-date: /home/ros/arm_ws/install/arm_controller/share/ament_index/resource_index/hardware_interface__pluginlib__plugin/arm_controller
[5.388s] -- Up-to-date: /home/ros/arm_ws/install/arm_controller/share/arm_controller/cmake/ament_cmake_export_include_directories-extras.cmake
[5.388s] -- Up-to-date: /home/ros/arm_ws/install/arm_controller/share/arm_controller/cmake/ament_cmake_export_libraries-extras.cmake
[5.390s] -- Up-to-date: /home/ros/arm_ws/install/arm_controller/share/arm_controller/cmake/ament_cmake_export_dependencies-extras.cmake
[5.390s] -- Up-to-date: /home/ros/arm_ws/install/arm_controller/share/arm_controller/cmake/arm_controllerConfig.cmake
[5.391s] -- Up-to-date: /home/ros/arm_ws/install/arm_controller/share/arm_controller/cmake/arm_controllerConfig-version.cmake
[5.392s] -- Up-to-date: /home/ros/arm_ws/install/arm_controller/share/arm_controller/package.xml
[5.402s] Invoked command in '/home/ros/arm_ws/build/arm_controller' returned '0': CMAKE_PREFIX_PATH=/opt/ros/humble /usr/bin/cmake --install /home/ros/arm_ws/build/arm_controller
