[0.139s] Invoking command in '/home/ros/arm_ws/build/arm_utils': AMENT_PREFIX_PATH=/home/ros/arm_ws/install/arm_msgs:${AMENT_PREFIX_PATH} CMAKE_PREFIX_PATH=/home/ros/arm_ws/install/arm_msgs:/opt/ros/humble LD_LIBRARY_PATH=/home/ros/arm_ws/install/arm_msgs/lib:${LD_LIBRARY_PATH} PYTHONPATH=/home/ros/arm_ws/install/arm_msgs/local/lib/python3.10/dist-packages:${PYTHONPATH} /usr/bin/cmake --build /home/ros/arm_ws/build/arm_utils -- -j2 -l2
[0.650s] [35m[1mConsolidate compiler generated dependencies of target angle_conversion[0m
[0.795s] [100%] Built target angle_conversion
[1.101s] [100%] Built target ament_cmake_python_copy_arm_utils
[2.697s] running egg_info
[2.701s] writing arm_utils.egg-info/PKG-INFO
[2.704s] writing dependency_links to arm_utils.egg-info/dependency_links.txt
[2.705s] writing top-level names to arm_utils.egg-info/top_level.txt
[2.713s] reading manifest file 'arm_utils.egg-info/SOURCES.txt'
[2.716s] writing manifest file 'arm_utils.egg-info/SOURCES.txt'
[2.831s] [100%] Built target ament_cmake_python_build_arm_utils_egg
[2.882s] Invoked command in '/home/ros/arm_ws/build/arm_utils' returned '0': AMENT_PREFIX_PATH=/home/ros/arm_ws/install/arm_msgs:${AMENT_PREFIX_PATH} CMAKE_PREFIX_PATH=/home/ros/arm_ws/install/arm_msgs:/opt/ros/humble LD_LIBRARY_PATH=/home/ros/arm_ws/install/arm_msgs/lib:${LD_LIBRARY_PATH} PYTHONPATH=/home/ros/arm_ws/install/arm_msgs/local/lib/python3.10/dist-packages:${PYTHONPATH} /usr/bin/cmake --build /home/ros/arm_ws/build/arm_utils -- -j2 -l2
[3.136s] Invoking command in '/home/ros/arm_ws/build/arm_utils': AMENT_PREFIX_PATH=/home/ros/arm_ws/install/arm_msgs:${AMENT_PREFIX_PATH} CMAKE_PREFIX_PATH=/home/ros/arm_ws/install/arm_msgs:/opt/ros/humble LD_LIBRARY_PATH=/home/ros/arm_ws/install/arm_msgs/lib:${LD_LIBRARY_PATH} PYTHONPATH=/home/ros/arm_ws/install/arm_msgs/local/lib/python3.10/dist-packages:${PYTHONPATH} /usr/bin/cmake --install /home/ros/arm_ws/build/arm_utils
[3.190s] -- Install configuration: ""
[3.193s] -- Up-to-date: /home/ros/arm_ws/install/arm_utils/share/arm_utils/environment/pythonpath.sh
[3.194s] -- Up-to-date: /home/ros/arm_ws/install/arm_utils/share/arm_utils/environment/pythonpath.dsv
[3.195s] -- Up-to-date: /home/ros/arm_ws/install/arm_utils/local/lib/python3.10/dist-packages/arm_utils-0.0.0-py3.10.egg-info
[3.195s] -- Installing: /home/ros/arm_ws/install/arm_utils/local/lib/python3.10/dist-packages/arm_utils-0.0.0-py3.10.egg-info/dependency_links.txt
[3.197s] -- Installing: /home/ros/arm_ws/install/arm_utils/local/lib/python3.10/dist-packages/arm_utils-0.0.0-py3.10.egg-info/SOURCES.txt
[3.197s] -- Installing: /home/ros/arm_ws/install/arm_utils/local/lib/python3.10/dist-packages/arm_utils-0.0.0-py3.10.egg-info/PKG-INFO
[3.197s] -- Installing: /home/ros/arm_ws/install/arm_utils/local/lib/python3.10/dist-packages/arm_utils-0.0.0-py3.10.egg-info/top_level.txt
[3.197s] -- Up-to-date: /home/ros/arm_ws/install/arm_utils/local/lib/python3.10/dist-packages/arm_utils
[3.198s] -- Up-to-date: /home/ros/arm_ws/install/arm_utils/local/lib/python3.10/dist-packages/arm_utils/__init__.py
[3.198s] -- Up-to-date: /home/ros/arm_ws/install/arm_utils/local/lib/python3.10/dist-packages/arm_utils/angle_conversion.py
[3.327s] Listing '/home/ros/arm_ws/install/arm_utils/local/lib/python3.10/dist-packages/arm_utils'...
[3.343s] -- Up-to-date: /home/ros/arm_ws/install/arm_utils/lib/arm_utils/angle_conversion
[3.346s] -- Up-to-date: /home/ros/arm_ws/install/arm_utils/lib/arm_utils/angle_conversion.py
[3.347s] -- Up-to-date: /home/ros/arm_ws/install/arm_utils/share/ament_index/resource_index/package_run_dependencies/arm_utils
[3.347s] -- Up-to-date: /home/ros/arm_ws/install/arm_utils/share/ament_index/resource_index/parent_prefix_path/arm_utils
[3.347s] -- Up-to-date: /home/ros/arm_ws/install/arm_utils/share/arm_utils/environment/ament_prefix_path.sh
[3.348s] -- Up-to-date: /home/ros/arm_ws/install/arm_utils/share/arm_utils/environment/ament_prefix_path.dsv
[3.348s] -- Up-to-date: /home/ros/arm_ws/install/arm_utils/share/arm_utils/environment/path.sh
[3.351s] -- Up-to-date: /home/ros/arm_ws/install/arm_utils/share/arm_utils/environment/path.dsv
[3.352s] -- Up-to-date: /home/ros/arm_ws/install/arm_utils/share/arm_utils/local_setup.bash
[3.353s] -- Up-to-date: /home/ros/arm_ws/install/arm_utils/share/arm_utils/local_setup.sh
[3.353s] -- Up-to-date: /home/ros/arm_ws/install/arm_utils/share/arm_utils/local_setup.zsh
[3.353s] -- Up-to-date: /home/ros/arm_ws/install/arm_utils/share/arm_utils/local_setup.dsv
[3.354s] -- Installing: /home/ros/arm_ws/install/arm_utils/share/arm_utils/package.dsv
[3.354s] -- Up-to-date: /home/ros/arm_ws/install/arm_utils/share/ament_index/resource_index/packages/arm_utils
[3.357s] -- Up-to-date: /home/ros/arm_ws/install/arm_utils/share/arm_utils/cmake/arm_utilsConfig.cmake
[3.358s] -- Up-to-date: /home/ros/arm_ws/install/arm_utils/share/arm_utils/cmake/arm_utilsConfig-version.cmake
[3.358s] -- Up-to-date: /home/ros/arm_ws/install/arm_utils/share/arm_utils/package.xml
[3.368s] Invoked command in '/home/ros/arm_ws/build/arm_utils' returned '0': AMENT_PREFIX_PATH=/home/ros/arm_ws/install/arm_msgs:${AMENT_PREFIX_PATH} CMAKE_PREFIX_PATH=/home/ros/arm_ws/install/arm_msgs:/opt/ros/humble LD_LIBRARY_PATH=/home/ros/arm_ws/install/arm_msgs/lib:${LD_LIBRARY_PATH} PYTHONPATH=/home/ros/arm_ws/install/arm_msgs/local/lib/python3.10/dist-packages:${PYTHONPATH} /usr/bin/cmake --install /home/ros/arm_ws/build/arm_utils
