[0.045s] Invoking command in '/home/ros/arm_ws/build/arm_bringup': CMAKE_PREFIX_PATH=/opt/ros/humble /usr/bin/cmake /home/ros/arm_ws/src/arm_bringup -DCMAKE_INSTALL_PREFIX=/home/ros/arm_ws/install/arm_bringup
[0.241s] -- The C compiler identification is GNU 11.4.0
[0.512s] -- The CXX compiler identification is GNU 11.4.0
[0.564s] -- Detecting C compiler ABI info
[0.873s] -- Detecting C compiler ABI info - done
[0.899s] -- Check for working C compiler: /usr/bin/cc - skipped
[0.901s] -- Detecting C compile features
[0.901s] -- Detecting C compile features - done
[0.931s] -- Detecting CXX compiler ABI info
[1.292s] -- Detecting CXX compiler ABI info - done
[1.321s] -- Check for working CXX compiler: /usr/bin/c++ - skipped
[1.322s] -- Detecting CXX compile features
[1.322s] -- Detecting CXX compile features - done
[1.342s] -- Found ament_cmake: 1.3.10 (/opt/ros/humble/share/ament_cmake/cmake)
[1.839s] -- Found Python3: /usr/bin/python3 (found version "3.10.12") found components: Interpreter 
[2.281s] -- Configuring done
[2.287s] -- Generating done
[2.290s] -- Build files have been written to: /home/ros/arm_ws/build/arm_bringup
[2.299s] Invoked command in '/home/ros/arm_ws/build/arm_bringup' returned '0': CMAKE_PREFIX_PATH=/opt/ros/humble /usr/bin/cmake /home/ros/arm_ws/src/arm_bringup -DCMAKE_INSTALL_PREFIX=/home/ros/arm_ws/install/arm_bringup
[2.315s] Invoking command in '/home/ros/arm_ws/build/arm_bringup': CMAKE_PREFIX_PATH=/opt/ros/humble /usr/bin/cmake --build /home/ros/arm_ws/build/arm_bringup -- -j2 -l2
[2.456s] Invoked command in '/home/ros/arm_ws/build/arm_bringup' returned '0': CMAKE_PREFIX_PATH=/opt/ros/humble /usr/bin/cmake --build /home/ros/arm_ws/build/arm_bringup -- -j2 -l2
[2.635s] Invoking command in '/home/ros/arm_ws/build/arm_bringup': CMAKE_PREFIX_PATH=/opt/ros/humble /usr/bin/cmake --install /home/ros/arm_ws/build/arm_bringup
[2.680s] -- Install configuration: ""
[2.680s] -- Installing: /home/ros/arm_ws/install/arm_bringup/share/arm_bringup/launch
[2.683s] -- Installing: /home/ros/arm_ws/install/arm_bringup/share/arm_bringup/launch/simulated_robot.launch.py
[2.683s] -- Installing: /home/ros/arm_ws/install/arm_bringup/share/arm_bringup/launch/real_robot.launch.py
[2.684s] -- Installing: /home/ros/arm_ws/install/arm_bringup/share/ament_index/resource_index/package_run_dependencies/arm_bringup
[2.684s] -- Installing: /home/ros/arm_ws/install/arm_bringup/share/ament_index/resource_index/parent_prefix_path/arm_bringup
[2.687s] -- Installing: /home/ros/arm_ws/install/arm_bringup/share/arm_bringup/environment/ament_prefix_path.sh
[2.689s] -- Installing: /home/ros/arm_ws/install/arm_bringup/share/arm_bringup/environment/ament_prefix_path.dsv
[2.690s] -- Installing: /home/ros/arm_ws/install/arm_bringup/share/arm_bringup/environment/path.sh
[2.694s] -- Installing: /home/ros/arm_ws/install/arm_bringup/share/arm_bringup/environment/path.dsv
[2.694s] -- Installing: /home/ros/arm_ws/install/arm_bringup/share/arm_bringup/local_setup.bash
[2.702s] -- Installing: /home/ros/arm_ws/install/arm_bringup/share/arm_bringup/local_setup.sh
[2.702s] -- Installing: /home/ros/arm_ws/install/arm_bringup/share/arm_bringup/local_setup.zsh
[2.702s] -- Installing: /home/ros/arm_ws/install/arm_bringup/share/arm_bringup/local_setup.dsv
[2.703s] -- Installing: /home/ros/arm_ws/install/arm_bringup/share/arm_bringup/package.dsv
[2.706s] -- Installing: /home/ros/arm_ws/install/arm_bringup/share/ament_index/resource_index/packages/arm_bringup
[2.707s] -- Installing: /home/ros/arm_ws/install/arm_bringup/share/arm_bringup/cmake/arm_bringupConfig.cmake
[2.707s] -- Installing: /home/ros/arm_ws/install/arm_bringup/share/arm_bringup/cmake/arm_bringupConfig-version.cmake
[2.707s] -- Installing: /home/ros/arm_ws/install/arm_bringup/share/arm_bringup/package.xml
[2.710s] Invoked command in '/home/ros/arm_ws/build/arm_bringup' returned '0': CMAKE_PREFIX_PATH=/opt/ros/humble /usr/bin/cmake --install /home/ros/arm_ws/build/arm_bringup
