[7.507s] Invoking command in '/home/ros/arm_ws/src/arm_py_examples': AMENT_PREFIX_PATH=/home/ros/arm_ws/install/arm_msgs:${AMENT_PREFIX_PATH} CMAKE_PREFIX_PATH=/home/ros/arm_ws/install/arm_msgs LD_LIBRARY_PATH=/home/ros/arm_ws/install/arm_msgs/lib:${LD_LIBRARY_PATH} PYTHONPATH=/home/ros/arm_ws/build/arm_py_examples/prefix_override:/usr/lib/python3/dist-packages/colcon_core/task/python/colcon_distutils_commands:/home/ros/arm_ws/install/arm_py_examples/lib/python3.10/site-packages:/home/ros/arm_ws/install/arm_msgs/local/lib/python3.10/dist-packages:${PYTHONPATH} /usr/bin/python3 -W ignore:setup.py install is deprecated setup.py egg_info --egg-base ../../build/arm_py_examples build --build-base /home/ros/arm_ws/build/arm_py_examples/build install --record /home/ros/arm_ws/build/arm_py_examples/install.log --single-version-externally-managed install_data
[10.441s] running egg_info
[10.447s] writing ../../build/arm_py_examples/arm_py_examples.egg-info/PKG-INFO
[10.451s] writing dependency_links to ../../build/arm_py_examples/arm_py_examples.egg-info/dependency_links.txt
[10.457s] writing entry points to ../../build/arm_py_examples/arm_py_examples.egg-info/entry_points.txt
[10.461s] writing requirements to ../../build/arm_py_examples/arm_py_examples.egg-info/requires.txt
[10.463s] writing top-level names to ../../build/arm_py_examples/arm_py_examples.egg-info/top_level.txt
[10.487s] reading manifest file '../../build/arm_py_examples/arm_py_examples.egg-info/SOURCES.txt'
[10.495s] writing manifest file '../../build/arm_py_examples/arm_py_examples.egg-info/SOURCES.txt'
[10.500s] running build
[10.501s] running build_py
[10.507s] running install
[10.508s] running install_lib
[10.520s] running install_data
[10.520s] running install_egg_info
[10.540s] removing '/home/ros/arm_ws/install/arm_py_examples/lib/python3.10/site-packages/arm_py_examples-0.0.0-py3.10.egg-info' (and everything under it)
[10.541s] Copying ../../build/arm_py_examples/arm_py_examples.egg-info to /home/ros/arm_ws/install/arm_py_examples/lib/python3.10/site-packages/arm_py_examples-0.0.0-py3.10.egg-info
[10.550s] running install_scripts
[10.743s] Installing simple_action_client script to /home/ros/arm_ws/install/arm_py_examples/lib/arm_py_examples
[10.750s] Installing simple_action_server script to /home/ros/arm_ws/install/arm_py_examples/lib/arm_py_examples
[10.763s] Installing simple_parameter script to /home/ros/arm_ws/install/arm_py_examples/lib/arm_py_examples
[10.764s] Installing simple_publisher script to /home/ros/arm_ws/install/arm_py_examples/lib/arm_py_examples
[10.766s] Installing simple_service_client script to /home/ros/arm_ws/install/arm_py_examples/lib/arm_py_examples
[10.766s] Installing simple_service_server script to /home/ros/arm_ws/install/arm_py_examples/lib/arm_py_examples
[10.766s] Installing simple_subscriber script to /home/ros/arm_ws/install/arm_py_examples/lib/arm_py_examples
[10.777s] writing list of installed files to '/home/ros/arm_ws/build/arm_py_examples/install.log'
[10.961s] Invoked command in '/home/ros/arm_ws/src/arm_py_examples' returned '0': AMENT_PREFIX_PATH=/home/ros/arm_ws/install/arm_msgs:${AMENT_PREFIX_PATH} CMAKE_PREFIX_PATH=/home/ros/arm_ws/install/arm_msgs LD_LIBRARY_PATH=/home/ros/arm_ws/install/arm_msgs/lib:${LD_LIBRARY_PATH} PYTHONPATH=/home/ros/arm_ws/build/arm_py_examples/prefix_override:/usr/lib/python3/dist-packages/colcon_core/task/python/colcon_distutils_commands:/home/ros/arm_ws/install/arm_py_examples/lib/python3.10/site-packages:/home/ros/arm_ws/install/arm_msgs/local/lib/python3.10/dist-packages:${PYTHONPATH} /usr/bin/python3 -W ignore:setup.py install is deprecated setup.py egg_info --egg-base ../../build/arm_py_examples build --build-base /home/ros/arm_ws/build/arm_py_examples/build install --record /home/ros/arm_ws/build/arm_py_examples/install.log --single-version-externally-managed install_data
