[0.271s] DEBUG:colcon:Command line arguments: ['/usr/bin/colcon', 'build']
[0.271s] DEBUG:colcon:Parsed command line arguments: Namespace(log_base=None, log_level=None, verb_name='build', build_base='build', install_base='install', merge_install=False, symlink_install=False, test_result_base=None, continue_on_error=False, executor='parallel', parallel_workers=2, event_handlers=None, ignore_user_meta=False, metas=['./colcon.meta'], base_paths=['.'], packages_ignore=None, packages_ignore_regex=None, paths=None, packages_up_to=None, packages_up_to_regex=None, packages_above=None, packages_above_and_dependencies=None, packages_above_depth=None, packages_select_by_dep=None, packages_skip_by_dep=None, packages_skip_up_to=None, packages_select_build_failed=False, packages_skip_build_finished=False, packages_select_test_failures=False, packages_skip_test_passed=False, packages_select=None, packages_skip=None, packages_select_regex=None, packages_skip_regex=None, packages_start=None, packages_end=None, allow_overriding=[], cmake_args=None, cmake_target=None, cmake_target_skip_unavailable=False, cmake_clean_cache=False, cmake_clean_first=False, cmake_force_configure=False, ament_cmake_args=None, catkin_cmake_args=None, catkin_skip_building_tests=False, verb_parser=<colcon_defaults.argument_parser.defaults.DefaultArgumentsDecorator object at 0x7e3786f23a00>, verb_extension=<colcon_core.verb.build.BuildVerb object at 0x7e3786f234f0>, main=<bound method BuildVerb.main of <colcon_core.verb.build.BuildVerb object at 0x7e3786f234f0>>)
[0.858s] Level 1:colcon.colcon_core.package_discovery:discover_packages(colcon_meta) check parameters
[0.858s] Level 1:colcon.colcon_core.package_discovery:discover_packages(recursive) check parameters
[0.858s] Level 1:colcon.colcon_core.package_discovery:discover_packages(ignore) check parameters
[0.858s] Level 1:colcon.colcon_core.package_discovery:discover_packages(path) check parameters
[0.858s] Level 1:colcon.colcon_core.package_discovery:discover_packages(colcon_meta) discover
[0.858s] Level 1:colcon.colcon_core.package_discovery:discover_packages(recursive) discover
[0.858s] INFO:colcon.colcon_core.package_discovery:Crawling recursively for packages in '/home/ros/arm_ws'
[0.858s] Level 1:colcon.colcon_core.package_identification:_identify(.) by extensions ['ignore', 'ignore_ament_install']
[0.859s] Level 1:colcon.colcon_core.package_identification:_identify(.) by extension 'ignore'
[0.859s] Level 1:colcon.colcon_core.package_identification:_identify(.) by extension 'ignore_ament_install'
[0.859s] Level 1:colcon.colcon_core.package_identification:_identify(.) by extensions ['colcon_pkg']
[0.859s] Level 1:colcon.colcon_core.package_identification:_identify(.) by extension 'colcon_pkg'
[0.859s] Level 1:colcon.colcon_core.package_identification:_identify(.) by extensions ['colcon_meta']
[0.860s] Level 1:colcon.colcon_core.package_identification:_identify(.) by extension 'colcon_meta'
[0.860s] Level 1:colcon.colcon_core.package_identification:_identify(.) by extensions ['ros']
[0.860s] Level 1:colcon.colcon_core.package_identification:_identify(.) by extension 'ros'
[0.901s] Level 1:colcon.colcon_core.package_identification:_identify(.) by extensions ['cmake', 'python']
[0.901s] Level 1:colcon.colcon_core.package_identification:_identify(.) by extension 'cmake'
[0.901s] Level 1:colcon.colcon_core.package_identification:_identify(.) by extension 'python'
[0.901s] Level 1:colcon.colcon_core.package_identification:_identify(.) by extensions ['python_setup_py']
[0.902s] Level 1:colcon.colcon_core.package_identification:_identify(.) by extension 'python_setup_py'
[0.902s] Level 1:colcon.colcon_core.package_identification:_identify(build) by extensions ['ignore', 'ignore_ament_install']
[0.902s] Level 1:colcon.colcon_core.package_identification:_identify(build) by extension 'ignore'
[0.903s] Level 1:colcon.colcon_core.package_identification:_identify(build) ignored
[0.903s] Level 1:colcon.colcon_core.package_identification:_identify(install) by extensions ['ignore', 'ignore_ament_install']
[0.903s] Level 1:colcon.colcon_core.package_identification:_identify(install) by extension 'ignore'
[0.903s] Level 1:colcon.colcon_core.package_identification:_identify(install) ignored
[0.904s] Level 1:colcon.colcon_core.package_identification:_identify(log) by extensions ['ignore', 'ignore_ament_install']
[0.904s] Level 1:colcon.colcon_core.package_identification:_identify(log) by extension 'ignore'
[0.904s] Level 1:colcon.colcon_core.package_identification:_identify(log) ignored
[0.905s] Level 1:colcon.colcon_core.package_identification:_identify(src) by extensions ['ignore', 'ignore_ament_install']
[0.905s] Level 1:colcon.colcon_core.package_identification:_identify(src) by extension 'ignore'
[0.905s] Level 1:colcon.colcon_core.package_identification:_identify(src) by extension 'ignore_ament_install'
[0.905s] Level 1:colcon.colcon_core.package_identification:_identify(src) by extensions ['colcon_pkg']
[0.905s] Level 1:colcon.colcon_core.package_identification:_identify(src) by extension 'colcon_pkg'
[0.905s] Level 1:colcon.colcon_core.package_identification:_identify(src) by extensions ['colcon_meta']
[0.906s] Level 1:colcon.colcon_core.package_identification:_identify(src) by extension 'colcon_meta'
[0.906s] Level 1:colcon.colcon_core.package_identification:_identify(src) by extensions ['ros']
[0.906s] Level 1:colcon.colcon_core.package_identification:_identify(src) by extension 'ros'
[0.906s] Level 1:colcon.colcon_core.package_identification:_identify(src) by extensions ['cmake', 'python']
[0.906s] Level 1:colcon.colcon_core.package_identification:_identify(src) by extension 'cmake'
[0.906s] Level 1:colcon.colcon_core.package_identification:_identify(src) by extension 'python'
[0.906s] Level 1:colcon.colcon_core.package_identification:_identify(src) by extensions ['python_setup_py']
[0.906s] Level 1:colcon.colcon_core.package_identification:_identify(src) by extension 'python_setup_py'
[0.907s] Level 1:colcon.colcon_core.package_identification:_identify(src/arm_bringup) by extensions ['ignore', 'ignore_ament_install']
[0.907s] Level 1:colcon.colcon_core.package_identification:_identify(src/arm_bringup) by extension 'ignore'
[0.907s] Level 1:colcon.colcon_core.package_identification:_identify(src/arm_bringup) by extension 'ignore_ament_install'
[0.910s] Level 1:colcon.colcon_core.package_identification:_identify(src/arm_bringup) by extensions ['colcon_pkg']
[0.910s] Level 1:colcon.colcon_core.package_identification:_identify(src/arm_bringup) by extension 'colcon_pkg'
[0.910s] Level 1:colcon.colcon_core.package_identification:_identify(src/arm_bringup) by extensions ['colcon_meta']
[0.910s] Level 1:colcon.colcon_core.package_identification:_identify(src/arm_bringup) by extension 'colcon_meta'
[0.910s] Level 1:colcon.colcon_core.package_identification:_identify(src/arm_bringup) by extensions ['ros']
[0.911s] Level 1:colcon.colcon_core.package_identification:_identify(src/arm_bringup) by extension 'ros'
[0.923s] DEBUG:colcon.colcon_core.package_identification:Package 'src/arm_bringup' with type 'ros.ament_cmake' and name 'arm_bringup'
[0.923s] Level 1:colcon.colcon_core.package_identification:_identify(src/arm_controller) by extensions ['ignore', 'ignore_ament_install']
[0.923s] Level 1:colcon.colcon_core.package_identification:_identify(src/arm_controller) by extension 'ignore'
[0.924s] Level 1:colcon.colcon_core.package_identification:_identify(src/arm_controller) by extension 'ignore_ament_install'
[0.924s] Level 1:colcon.colcon_core.package_identification:_identify(src/arm_controller) by extensions ['colcon_pkg']
[0.924s] Level 1:colcon.colcon_core.package_identification:_identify(src/arm_controller) by extension 'colcon_pkg'
[0.924s] Level 1:colcon.colcon_core.package_identification:_identify(src/arm_controller) by extensions ['colcon_meta']
[0.924s] Level 1:colcon.colcon_core.package_identification:_identify(src/arm_controller) by extension 'colcon_meta'
[0.924s] Level 1:colcon.colcon_core.package_identification:_identify(src/arm_controller) by extensions ['ros']
[0.925s] Level 1:colcon.colcon_core.package_identification:_identify(src/arm_controller) by extension 'ros'
[0.935s] DEBUG:colcon.colcon_core.package_identification:Package 'src/arm_controller' with type 'ros.ament_cmake' and name 'arm_controller'
[0.935s] Level 1:colcon.colcon_core.package_identification:_identify(src/arm_cpp_examples) by extensions ['ignore', 'ignore_ament_install']
[0.936s] Level 1:colcon.colcon_core.package_identification:_identify(src/arm_cpp_examples) by extension 'ignore'
[0.936s] Level 1:colcon.colcon_core.package_identification:_identify(src/arm_cpp_examples) by extension 'ignore_ament_install'
[0.936s] Level 1:colcon.colcon_core.package_identification:_identify(src/arm_cpp_examples) by extensions ['colcon_pkg']
[0.936s] Level 1:colcon.colcon_core.package_identification:_identify(src/arm_cpp_examples) by extension 'colcon_pkg'
[0.936s] Level 1:colcon.colcon_core.package_identification:_identify(src/arm_cpp_examples) by extensions ['colcon_meta']
[0.937s] Level 1:colcon.colcon_core.package_identification:_identify(src/arm_cpp_examples) by extension 'colcon_meta'
[0.937s] Level 1:colcon.colcon_core.package_identification:_identify(src/arm_cpp_examples) by extensions ['ros']
[0.937s] Level 1:colcon.colcon_core.package_identification:_identify(src/arm_cpp_examples) by extension 'ros'
[0.942s] DEBUG:colcon.colcon_core.package_identification:Package 'src/arm_cpp_examples' with type 'ros.ament_cmake' and name 'arm_cpp_examples'
[0.943s] Level 1:colcon.colcon_core.package_identification:_identify(src/arm_description) by extensions ['ignore', 'ignore_ament_install']
[0.943s] Level 1:colcon.colcon_core.package_identification:_identify(src/arm_description) by extension 'ignore'
[0.943s] Level 1:colcon.colcon_core.package_identification:_identify(src/arm_description) by extension 'ignore_ament_install'
[0.943s] Level 1:colcon.colcon_core.package_identification:_identify(src/arm_description) by extensions ['colcon_pkg']
[0.943s] Level 1:colcon.colcon_core.package_identification:_identify(src/arm_description) by extension 'colcon_pkg'
[0.944s] Level 1:colcon.colcon_core.package_identification:_identify(src/arm_description) by extensions ['colcon_meta']
[0.944s] Level 1:colcon.colcon_core.package_identification:_identify(src/arm_description) by extension 'colcon_meta'
[0.944s] Level 1:colcon.colcon_core.package_identification:_identify(src/arm_description) by extensions ['ros']
[0.944s] Level 1:colcon.colcon_core.package_identification:_identify(src/arm_description) by extension 'ros'
[0.947s] DEBUG:colcon.colcon_core.package_identification:Package 'src/arm_description' with type 'ros.ament_cmake' and name 'arm_description'
[0.948s] Level 1:colcon.colcon_core.package_identification:_identify(src/arm_firmware) by extensions ['ignore', 'ignore_ament_install']
[0.948s] Level 1:colcon.colcon_core.package_identification:_identify(src/arm_firmware) by extension 'ignore'
[0.948s] Level 1:colcon.colcon_core.package_identification:_identify(src/arm_firmware) by extension 'ignore_ament_install'
[0.949s] Level 1:colcon.colcon_core.package_identification:_identify(src/arm_firmware) by extensions ['colcon_pkg']
[0.949s] Level 1:colcon.colcon_core.package_identification:_identify(src/arm_firmware) by extension 'colcon_pkg'
[0.949s] Level 1:colcon.colcon_core.package_identification:_identify(src/arm_firmware) by extensions ['colcon_meta']
[0.949s] Level 1:colcon.colcon_core.package_identification:_identify(src/arm_firmware) by extension 'colcon_meta'
[0.949s] Level 1:colcon.colcon_core.package_identification:_identify(src/arm_firmware) by extensions ['ros']
[0.949s] Level 1:colcon.colcon_core.package_identification:_identify(src/arm_firmware) by extension 'ros'
[0.952s] DEBUG:colcon.colcon_core.package_identification:Package 'src/arm_firmware' with type 'ros.ament_cmake' and name 'arm_firmware'
[0.953s] Level 1:colcon.colcon_core.package_identification:_identify(src/arm_moveit) by extensions ['ignore', 'ignore_ament_install']
[0.953s] Level 1:colcon.colcon_core.package_identification:_identify(src/arm_moveit) by extension 'ignore'
[0.953s] Level 1:colcon.colcon_core.package_identification:_identify(src/arm_moveit) by extension 'ignore_ament_install'
[0.954s] Level 1:colcon.colcon_core.package_identification:_identify(src/arm_moveit) by extensions ['colcon_pkg']
[0.954s] Level 1:colcon.colcon_core.package_identification:_identify(src/arm_moveit) by extension 'colcon_pkg'
[0.954s] Level 1:colcon.colcon_core.package_identification:_identify(src/arm_moveit) by extensions ['colcon_meta']
[0.954s] Level 1:colcon.colcon_core.package_identification:_identify(src/arm_moveit) by extension 'colcon_meta'
[0.954s] Level 1:colcon.colcon_core.package_identification:_identify(src/arm_moveit) by extensions ['ros']
[0.954s] Level 1:colcon.colcon_core.package_identification:_identify(src/arm_moveit) by extension 'ros'
[0.956s] DEBUG:colcon.colcon_core.package_identification:Package 'src/arm_moveit' with type 'ros.ament_cmake' and name 'arm_moveit'
[0.957s] Level 1:colcon.colcon_core.package_identification:_identify(src/arm_msgs) by extensions ['ignore', 'ignore_ament_install']
[0.957s] Level 1:colcon.colcon_core.package_identification:_identify(src/arm_msgs) by extension 'ignore'
[0.957s] Level 1:colcon.colcon_core.package_identification:_identify(src/arm_msgs) by extension 'ignore_ament_install'
[0.957s] Level 1:colcon.colcon_core.package_identification:_identify(src/arm_msgs) by extensions ['colcon_pkg']
[0.957s] Level 1:colcon.colcon_core.package_identification:_identify(src/arm_msgs) by extension 'colcon_pkg'
[0.958s] Level 1:colcon.colcon_core.package_identification:_identify(src/arm_msgs) by extensions ['colcon_meta']
[0.958s] Level 1:colcon.colcon_core.package_identification:_identify(src/arm_msgs) by extension 'colcon_meta'
[0.958s] Level 1:colcon.colcon_core.package_identification:_identify(src/arm_msgs) by extensions ['ros']
[0.958s] Level 1:colcon.colcon_core.package_identification:_identify(src/arm_msgs) by extension 'ros'
[0.960s] DEBUG:colcon.colcon_core.package_identification:Package 'src/arm_msgs' with type 'ros.ament_cmake' and name 'arm_msgs'
[0.960s] Level 1:colcon.colcon_core.package_identification:_identify(src/arm_py_examples) by extensions ['ignore', 'ignore_ament_install']
[0.961s] Level 1:colcon.colcon_core.package_identification:_identify(src/arm_py_examples) by extension 'ignore'
[0.961s] Level 1:colcon.colcon_core.package_identification:_identify(src/arm_py_examples) by extension 'ignore_ament_install'
[0.961s] Level 1:colcon.colcon_core.package_identification:_identify(src/arm_py_examples) by extensions ['colcon_pkg']
[0.961s] Level 1:colcon.colcon_core.package_identification:_identify(src/arm_py_examples) by extension 'colcon_pkg'
[0.962s] Level 1:colcon.colcon_core.package_identification:_identify(src/arm_py_examples) by extensions ['colcon_meta']
[0.962s] Level 1:colcon.colcon_core.package_identification:_identify(src/arm_py_examples) by extension 'colcon_meta'
[0.962s] Level 1:colcon.colcon_core.package_identification:_identify(src/arm_py_examples) by extensions ['ros']
[0.962s] Level 1:colcon.colcon_core.package_identification:_identify(src/arm_py_examples) by extension 'ros'
[0.963s] DEBUG:colcon.colcon_core.package_identification:Package 'src/arm_py_examples' with type 'ros.ament_python' and name 'arm_py_examples'
[0.964s] Level 1:colcon.colcon_core.package_identification:_identify(src/arm_remote) by extensions ['ignore', 'ignore_ament_install']
[0.964s] Level 1:colcon.colcon_core.package_identification:_identify(src/arm_remote) by extension 'ignore'
[0.964s] Level 1:colcon.colcon_core.package_identification:_identify(src/arm_remote) by extension 'ignore_ament_install'
[0.964s] Level 1:colcon.colcon_core.package_identification:_identify(src/arm_remote) by extensions ['colcon_pkg']
[0.964s] Level 1:colcon.colcon_core.package_identification:_identify(src/arm_remote) by extension 'colcon_pkg'
[0.964s] Level 1:colcon.colcon_core.package_identification:_identify(src/arm_remote) by extensions ['colcon_meta']
[0.965s] Level 1:colcon.colcon_core.package_identification:_identify(src/arm_remote) by extension 'colcon_meta'
[0.965s] Level 1:colcon.colcon_core.package_identification:_identify(src/arm_remote) by extensions ['ros']
[0.965s] Level 1:colcon.colcon_core.package_identification:_identify(src/arm_remote) by extension 'ros'
[0.968s] DEBUG:colcon.colcon_core.package_identification:Package 'src/arm_remote' with type 'ros.ament_cmake' and name 'arm_remote'
[0.968s] Level 1:colcon.colcon_core.package_identification:_identify(src/arm_utils) by extensions ['ignore', 'ignore_ament_install']
[0.968s] Level 1:colcon.colcon_core.package_identification:_identify(src/arm_utils) by extension 'ignore'
[0.968s] Level 1:colcon.colcon_core.package_identification:_identify(src/arm_utils) by extension 'ignore_ament_install'
[0.969s] Level 1:colcon.colcon_core.package_identification:_identify(src/arm_utils) by extensions ['colcon_pkg']
[0.970s] Level 1:colcon.colcon_core.package_identification:_identify(src/arm_utils) by extension 'colcon_pkg'
[0.970s] Level 1:colcon.colcon_core.package_identification:_identify(src/arm_utils) by extensions ['colcon_meta']
[0.970s] Level 1:colcon.colcon_core.package_identification:_identify(src/arm_utils) by extension 'colcon_meta'
[0.971s] Level 1:colcon.colcon_core.package_identification:_identify(src/arm_utils) by extensions ['ros']
[0.971s] Level 1:colcon.colcon_core.package_identification:_identify(src/arm_utils) by extension 'ros'
[0.977s] DEBUG:colcon.colcon_core.package_identification:Package 'src/arm_utils' with type 'ros.ament_cmake' and name 'arm_utils'
[0.977s] Level 1:colcon.colcon_core.package_discovery:discover_packages(recursive) using defaults
[0.977s] Level 1:colcon.colcon_core.package_discovery:discover_packages(ignore) discover
[0.977s] Level 1:colcon.colcon_core.package_discovery:discover_packages(ignore) using defaults
[0.977s] Level 1:colcon.colcon_core.package_discovery:discover_packages(path) discover
[0.978s] Level 1:colcon.colcon_core.package_discovery:discover_packages(path) using defaults
[1.093s] Level 1:colcon.colcon_core.package_discovery:discover_packages(prefix_path) check parameters
[1.093s] Level 1:colcon.colcon_core.package_discovery:discover_packages(prefix_path) discover
[1.108s] DEBUG:colcon.colcon_installed_package_information.package_discovery:Found 429 installed packages in /opt/ros/humble
[1.113s] Level 1:colcon.colcon_core.package_discovery:discover_packages(prefix_path) using defaults
[1.337s] Level 5:colcon.colcon_core.verb:set package 'arm_bringup' build argument 'cmake_args' from command line to 'None'
[1.337s] Level 5:colcon.colcon_core.verb:set package 'arm_bringup' build argument 'cmake_target' from command line to 'None'
[1.337s] Level 5:colcon.colcon_core.verb:set package 'arm_bringup' build argument 'cmake_target_skip_unavailable' from command line to 'False'
[1.338s] Level 5:colcon.colcon_core.verb:set package 'arm_bringup' build argument 'cmake_clean_cache' from command line to 'False'
[1.338s] Level 5:colcon.colcon_core.verb:set package 'arm_bringup' build argument 'cmake_clean_first' from command line to 'False'
[1.338s] Level 5:colcon.colcon_core.verb:set package 'arm_bringup' build argument 'cmake_force_configure' from command line to 'False'
[1.338s] Level 5:colcon.colcon_core.verb:set package 'arm_bringup' build argument 'ament_cmake_args' from command line to 'None'
[1.338s] Level 5:colcon.colcon_core.verb:set package 'arm_bringup' build argument 'catkin_cmake_args' from command line to 'None'
[1.338s] Level 5:colcon.colcon_core.verb:set package 'arm_bringup' build argument 'catkin_skip_building_tests' from command line to 'False'
[1.338s] DEBUG:colcon.colcon_core.verb:Building package 'arm_bringup' with the following arguments: {'ament_cmake_args': None, 'build_base': '/home/ros/arm_ws/build/arm_bringup', 'catkin_cmake_args': None, 'catkin_skip_building_tests': False, 'cmake_args': None, 'cmake_clean_cache': False, 'cmake_clean_first': False, 'cmake_force_configure': False, 'cmake_target': None, 'cmake_target_skip_unavailable': False, 'install_base': '/home/ros/arm_ws/install/arm_bringup', 'merge_install': False, 'path': '/home/ros/arm_ws/src/arm_bringup', 'symlink_install': False, 'test_result_base': None}
[1.340s] Level 5:colcon.colcon_core.verb:set package 'arm_controller' build argument 'cmake_args' from command line to 'None'
[1.341s] Level 5:colcon.colcon_core.verb:set package 'arm_controller' build argument 'cmake_target' from command line to 'None'
[1.341s] Level 5:colcon.colcon_core.verb:set package 'arm_controller' build argument 'cmake_target_skip_unavailable' from command line to 'False'
[1.342s] Level 5:colcon.colcon_core.verb:set package 'arm_controller' build argument 'cmake_clean_cache' from command line to 'False'
[1.342s] Level 5:colcon.colcon_core.verb:set package 'arm_controller' build argument 'cmake_clean_first' from command line to 'False'
[1.342s] Level 5:colcon.colcon_core.verb:set package 'arm_controller' build argument 'cmake_force_configure' from command line to 'False'
[1.342s] Level 5:colcon.colcon_core.verb:set package 'arm_controller' build argument 'ament_cmake_args' from command line to 'None'
[1.342s] Level 5:colcon.colcon_core.verb:set package 'arm_controller' build argument 'catkin_cmake_args' from command line to 'None'
[1.342s] Level 5:colcon.colcon_core.verb:set package 'arm_controller' build argument 'catkin_skip_building_tests' from command line to 'False'
[1.342s] DEBUG:colcon.colcon_core.verb:Building package 'arm_controller' with the following arguments: {'ament_cmake_args': None, 'build_base': '/home/ros/arm_ws/build/arm_controller', 'catkin_cmake_args': None, 'catkin_skip_building_tests': False, 'cmake_args': None, 'cmake_clean_cache': False, 'cmake_clean_first': False, 'cmake_force_configure': False, 'cmake_target': None, 'cmake_target_skip_unavailable': False, 'install_base': '/home/ros/arm_ws/install/arm_controller', 'merge_install': False, 'path': '/home/ros/arm_ws/src/arm_controller', 'symlink_install': False, 'test_result_base': None}
[1.344s] Level 5:colcon.colcon_core.verb:set package 'arm_description' build argument 'cmake_args' from command line to 'None'
[1.345s] Level 5:colcon.colcon_core.verb:set package 'arm_description' build argument 'cmake_target' from command line to 'None'
[1.345s] Level 5:colcon.colcon_core.verb:set package 'arm_description' build argument 'cmake_target_skip_unavailable' from command line to 'False'
[1.345s] Level 5:colcon.colcon_core.verb:set package 'arm_description' build argument 'cmake_clean_cache' from command line to 'False'
[1.345s] Level 5:colcon.colcon_core.verb:set package 'arm_description' build argument 'cmake_clean_first' from command line to 'False'
[1.345s] Level 5:colcon.colcon_core.verb:set package 'arm_description' build argument 'cmake_force_configure' from command line to 'False'
[1.345s] Level 5:colcon.colcon_core.verb:set package 'arm_description' build argument 'ament_cmake_args' from command line to 'None'
[1.345s] Level 5:colcon.colcon_core.verb:set package 'arm_description' build argument 'catkin_cmake_args' from command line to 'None'
[1.345s] Level 5:colcon.colcon_core.verb:set package 'arm_description' build argument 'catkin_skip_building_tests' from command line to 'False'
[1.346s] DEBUG:colcon.colcon_core.verb:Building package 'arm_description' with the following arguments: {'ament_cmake_args': None, 'build_base': '/home/ros/arm_ws/build/arm_description', 'catkin_cmake_args': None, 'catkin_skip_building_tests': False, 'cmake_args': None, 'cmake_clean_cache': False, 'cmake_clean_first': False, 'cmake_force_configure': False, 'cmake_target': None, 'cmake_target_skip_unavailable': False, 'install_base': '/home/ros/arm_ws/install/arm_description', 'merge_install': False, 'path': '/home/ros/arm_ws/src/arm_description', 'symlink_install': False, 'test_result_base': None}
[1.347s] Level 5:colcon.colcon_core.verb:set package 'arm_firmware' build argument 'cmake_args' from command line to 'None'
[1.347s] Level 5:colcon.colcon_core.verb:set package 'arm_firmware' build argument 'cmake_target' from command line to 'None'
[1.347s] Level 5:colcon.colcon_core.verb:set package 'arm_firmware' build argument 'cmake_target_skip_unavailable' from command line to 'False'
[1.347s] Level 5:colcon.colcon_core.verb:set package 'arm_firmware' build argument 'cmake_clean_cache' from command line to 'False'
[1.347s] Level 5:colcon.colcon_core.verb:set package 'arm_firmware' build argument 'cmake_clean_first' from command line to 'False'
[1.347s] Level 5:colcon.colcon_core.verb:set package 'arm_firmware' build argument 'cmake_force_configure' from command line to 'False'
[1.347s] Level 5:colcon.colcon_core.verb:set package 'arm_firmware' build argument 'ament_cmake_args' from command line to 'None'
[1.348s] Level 5:colcon.colcon_core.verb:set package 'arm_firmware' build argument 'catkin_cmake_args' from command line to 'None'
[1.348s] Level 5:colcon.colcon_core.verb:set package 'arm_firmware' build argument 'catkin_skip_building_tests' from command line to 'False'
[1.348s] DEBUG:colcon.colcon_core.verb:Building package 'arm_firmware' with the following arguments: {'ament_cmake_args': None, 'build_base': '/home/ros/arm_ws/build/arm_firmware', 'catkin_cmake_args': None, 'catkin_skip_building_tests': False, 'cmake_args': None, 'cmake_clean_cache': False, 'cmake_clean_first': False, 'cmake_force_configure': False, 'cmake_target': None, 'cmake_target_skip_unavailable': False, 'install_base': '/home/ros/arm_ws/install/arm_firmware', 'merge_install': False, 'path': '/home/ros/arm_ws/src/arm_firmware', 'symlink_install': False, 'test_result_base': None}
[1.349s] Level 5:colcon.colcon_core.verb:set package 'arm_moveit' build argument 'cmake_args' from command line to 'None'
[1.349s] Level 5:colcon.colcon_core.verb:set package 'arm_moveit' build argument 'cmake_target' from command line to 'None'
[1.349s] Level 5:colcon.colcon_core.verb:set package 'arm_moveit' build argument 'cmake_target_skip_unavailable' from command line to 'False'
[1.349s] Level 5:colcon.colcon_core.verb:set package 'arm_moveit' build argument 'cmake_clean_cache' from command line to 'False'
[1.349s] Level 5:colcon.colcon_core.verb:set package 'arm_moveit' build argument 'cmake_clean_first' from command line to 'False'
[1.349s] Level 5:colcon.colcon_core.verb:set package 'arm_moveit' build argument 'cmake_force_configure' from command line to 'False'
[1.350s] Level 5:colcon.colcon_core.verb:set package 'arm_moveit' build argument 'ament_cmake_args' from command line to 'None'
[1.350s] Level 5:colcon.colcon_core.verb:set package 'arm_moveit' build argument 'catkin_cmake_args' from command line to 'None'
[1.350s] Level 5:colcon.colcon_core.verb:set package 'arm_moveit' build argument 'catkin_skip_building_tests' from command line to 'False'
[1.350s] DEBUG:colcon.colcon_core.verb:Building package 'arm_moveit' with the following arguments: {'ament_cmake_args': None, 'build_base': '/home/ros/arm_ws/build/arm_moveit', 'catkin_cmake_args': None, 'catkin_skip_building_tests': False, 'cmake_args': None, 'cmake_clean_cache': False, 'cmake_clean_first': False, 'cmake_force_configure': False, 'cmake_target': None, 'cmake_target_skip_unavailable': False, 'install_base': '/home/ros/arm_ws/install/arm_moveit', 'merge_install': False, 'path': '/home/ros/arm_ws/src/arm_moveit', 'symlink_install': False, 'test_result_base': None}
[1.351s] Level 5:colcon.colcon_core.verb:set package 'arm_msgs' build argument 'cmake_args' from command line to 'None'
[1.351s] Level 5:colcon.colcon_core.verb:set package 'arm_msgs' build argument 'cmake_target' from command line to 'None'
[1.351s] Level 5:colcon.colcon_core.verb:set package 'arm_msgs' build argument 'cmake_target_skip_unavailable' from command line to 'False'
[1.351s] Level 5:colcon.colcon_core.verb:set package 'arm_msgs' build argument 'cmake_clean_cache' from command line to 'False'
[1.352s] Level 5:colcon.colcon_core.verb:set package 'arm_msgs' build argument 'cmake_clean_first' from command line to 'False'
[1.352s] Level 5:colcon.colcon_core.verb:set package 'arm_msgs' build argument 'cmake_force_configure' from command line to 'False'
[1.352s] Level 5:colcon.colcon_core.verb:set package 'arm_msgs' build argument 'ament_cmake_args' from command line to 'None'
[1.352s] Level 5:colcon.colcon_core.verb:set package 'arm_msgs' build argument 'catkin_cmake_args' from command line to 'None'
[1.352s] Level 5:colcon.colcon_core.verb:set package 'arm_msgs' build argument 'catkin_skip_building_tests' from command line to 'False'
[1.352s] DEBUG:colcon.colcon_core.verb:Building package 'arm_msgs' with the following arguments: {'ament_cmake_args': None, 'build_base': '/home/ros/arm_ws/build/arm_msgs', 'catkin_cmake_args': None, 'catkin_skip_building_tests': False, 'cmake_args': None, 'cmake_clean_cache': False, 'cmake_clean_first': False, 'cmake_force_configure': False, 'cmake_target': None, 'cmake_target_skip_unavailable': False, 'install_base': '/home/ros/arm_ws/install/arm_msgs', 'merge_install': False, 'path': '/home/ros/arm_ws/src/arm_msgs', 'symlink_install': False, 'test_result_base': None}
[1.354s] Level 5:colcon.colcon_core.verb:set package 'arm_cpp_examples' build argument 'cmake_args' from command line to 'None'
[1.355s] Level 5:colcon.colcon_core.verb:set package 'arm_cpp_examples' build argument 'cmake_target' from command line to 'None'
[1.355s] Level 5:colcon.colcon_core.verb:set package 'arm_cpp_examples' build argument 'cmake_target_skip_unavailable' from command line to 'False'
[1.355s] Level 5:colcon.colcon_core.verb:set package 'arm_cpp_examples' build argument 'cmake_clean_cache' from command line to 'False'
[1.355s] Level 5:colcon.colcon_core.verb:set package 'arm_cpp_examples' build argument 'cmake_clean_first' from command line to 'False'
[1.355s] Level 5:colcon.colcon_core.verb:set package 'arm_cpp_examples' build argument 'cmake_force_configure' from command line to 'False'
[1.355s] Level 5:colcon.colcon_core.verb:set package 'arm_cpp_examples' build argument 'ament_cmake_args' from command line to 'None'
[1.355s] Level 5:colcon.colcon_core.verb:set package 'arm_cpp_examples' build argument 'catkin_cmake_args' from command line to 'None'
[1.355s] Level 5:colcon.colcon_core.verb:set package 'arm_cpp_examples' build argument 'catkin_skip_building_tests' from command line to 'False'
[1.355s] DEBUG:colcon.colcon_core.verb:Building package 'arm_cpp_examples' with the following arguments: {'ament_cmake_args': None, 'build_base': '/home/ros/arm_ws/build/arm_cpp_examples', 'catkin_cmake_args': None, 'catkin_skip_building_tests': False, 'cmake_args': None, 'cmake_clean_cache': False, 'cmake_clean_first': False, 'cmake_force_configure': False, 'cmake_target': None, 'cmake_target_skip_unavailable': False, 'install_base': '/home/ros/arm_ws/install/arm_cpp_examples', 'merge_install': False, 'path': '/home/ros/arm_ws/src/arm_cpp_examples', 'symlink_install': False, 'test_result_base': None}
[1.358s] Level 5:colcon.colcon_core.verb:set package 'arm_py_examples' build argument 'cmake_args' from command line to 'None'
[1.358s] Level 5:colcon.colcon_core.verb:set package 'arm_py_examples' build argument 'cmake_target' from command line to 'None'
[1.358s] Level 5:colcon.colcon_core.verb:set package 'arm_py_examples' build argument 'cmake_target_skip_unavailable' from command line to 'False'
[1.358s] Level 5:colcon.colcon_core.verb:set package 'arm_py_examples' build argument 'cmake_clean_cache' from command line to 'False'
[1.358s] Level 5:colcon.colcon_core.verb:set package 'arm_py_examples' build argument 'cmake_clean_first' from command line to 'False'
[1.358s] Level 5:colcon.colcon_core.verb:set package 'arm_py_examples' build argument 'cmake_force_configure' from command line to 'False'
[1.358s] Level 5:colcon.colcon_core.verb:set package 'arm_py_examples' build argument 'ament_cmake_args' from command line to 'None'
[1.358s] Level 5:colcon.colcon_core.verb:set package 'arm_py_examples' build argument 'catkin_cmake_args' from command line to 'None'
[1.358s] Level 5:colcon.colcon_core.verb:set package 'arm_py_examples' build argument 'catkin_skip_building_tests' from command line to 'False'
[1.359s] DEBUG:colcon.colcon_core.verb:Building package 'arm_py_examples' with the following arguments: {'ament_cmake_args': None, 'build_base': '/home/ros/arm_ws/build/arm_py_examples', 'catkin_cmake_args': None, 'catkin_skip_building_tests': False, 'cmake_args': None, 'cmake_clean_cache': False, 'cmake_clean_first': False, 'cmake_force_configure': False, 'cmake_target': None, 'cmake_target_skip_unavailable': False, 'install_base': '/home/ros/arm_ws/install/arm_py_examples', 'merge_install': False, 'path': '/home/ros/arm_ws/src/arm_py_examples', 'symlink_install': False, 'test_result_base': None}
[1.361s] Level 5:colcon.colcon_core.verb:set package 'arm_remote' build argument 'cmake_args' from command line to 'None'
[1.361s] Level 5:colcon.colcon_core.verb:set package 'arm_remote' build argument 'cmake_target' from command line to 'None'
[1.361s] Level 5:colcon.colcon_core.verb:set package 'arm_remote' build argument 'cmake_target_skip_unavailable' from command line to 'False'
[1.361s] Level 5:colcon.colcon_core.verb:set package 'arm_remote' build argument 'cmake_clean_cache' from command line to 'False'
[1.361s] Level 5:colcon.colcon_core.verb:set package 'arm_remote' build argument 'cmake_clean_first' from command line to 'False'
[1.362s] Level 5:colcon.colcon_core.verb:set package 'arm_remote' build argument 'cmake_force_configure' from command line to 'False'
[1.362s] Level 5:colcon.colcon_core.verb:set package 'arm_remote' build argument 'ament_cmake_args' from command line to 'None'
[1.362s] Level 5:colcon.colcon_core.verb:set package 'arm_remote' build argument 'catkin_cmake_args' from command line to 'None'
[1.362s] Level 5:colcon.colcon_core.verb:set package 'arm_remote' build argument 'catkin_skip_building_tests' from command line to 'False'
[1.362s] DEBUG:colcon.colcon_core.verb:Building package 'arm_remote' with the following arguments: {'ament_cmake_args': None, 'build_base': '/home/ros/arm_ws/build/arm_remote', 'catkin_cmake_args': None, 'catkin_skip_building_tests': False, 'cmake_args': None, 'cmake_clean_cache': False, 'cmake_clean_first': False, 'cmake_force_configure': False, 'cmake_target': None, 'cmake_target_skip_unavailable': False, 'install_base': '/home/ros/arm_ws/install/arm_remote', 'merge_install': False, 'path': '/home/ros/arm_ws/src/arm_remote', 'symlink_install': False, 'test_result_base': None}
[1.364s] Level 5:colcon.colcon_core.verb:set package 'arm_utils' build argument 'cmake_args' from command line to 'None'
[1.364s] Level 5:colcon.colcon_core.verb:set package 'arm_utils' build argument 'cmake_target' from command line to 'None'
[1.364s] Level 5:colcon.colcon_core.verb:set package 'arm_utils' build argument 'cmake_target_skip_unavailable' from command line to 'False'
[1.364s] Level 5:colcon.colcon_core.verb:set package 'arm_utils' build argument 'cmake_clean_cache' from command line to 'False'
[1.364s] Level 5:colcon.colcon_core.verb:set package 'arm_utils' build argument 'cmake_clean_first' from command line to 'False'
[1.365s] Level 5:colcon.colcon_core.verb:set package 'arm_utils' build argument 'cmake_force_configure' from command line to 'False'
[1.365s] Level 5:colcon.colcon_core.verb:set package 'arm_utils' build argument 'ament_cmake_args' from command line to 'None'
[1.365s] Level 5:colcon.colcon_core.verb:set package 'arm_utils' build argument 'catkin_cmake_args' from command line to 'None'
[1.365s] Level 5:colcon.colcon_core.verb:set package 'arm_utils' build argument 'catkin_skip_building_tests' from command line to 'False'
[1.365s] DEBUG:colcon.colcon_core.verb:Building package 'arm_utils' with the following arguments: {'ament_cmake_args': None, 'build_base': '/home/ros/arm_ws/build/arm_utils', 'catkin_cmake_args': None, 'catkin_skip_building_tests': False, 'cmake_args': None, 'cmake_clean_cache': False, 'cmake_clean_first': False, 'cmake_force_configure': False, 'cmake_target': None, 'cmake_target_skip_unavailable': False, 'install_base': '/home/ros/arm_ws/install/arm_utils', 'merge_install': False, 'path': '/home/ros/arm_ws/src/arm_utils', 'symlink_install': False, 'test_result_base': None}
[1.365s] INFO:colcon.colcon_core.executor:Executing jobs using 'parallel' executor
[1.367s] DEBUG:colcon.colcon_parallel_executor.executor.parallel:run_until_complete
[1.368s] INFO:colcon.colcon_ros.task.ament_cmake.build:Building ROS package in '/home/ros/arm_ws/src/arm_msgs' with build type 'ament_cmake'
[1.368s] INFO:colcon.colcon_cmake.task.cmake.build:Building CMake package in '/home/ros/arm_ws/src/arm_msgs'
[1.376s] INFO:colcon.colcon_core.plugin_system:Skipping extension 'colcon_core.shell.bat': Not used on non-Windows systems
[1.376s] INFO:colcon.colcon_core.shell:Skip shell extension 'powershell' for command environment: Not usable outside of PowerShell
[1.376s] DEBUG:colcon.colcon_core.shell:Skip shell extension 'dsv' for command environment
[1.389s] INFO:colcon.colcon_ros.task.ament_cmake.build:Building ROS package in '/home/ros/arm_ws/src/arm_bringup' with build type 'ament_cmake'
[1.389s] INFO:colcon.colcon_cmake.task.cmake.build:Building CMake package in '/home/ros/arm_ws/src/arm_bringup'
[1.392s] INFO:colcon.colcon_core.shell:Skip shell extension 'powershell' for command environment: Not usable outside of PowerShell
[1.392s] DEBUG:colcon.colcon_core.shell:Skip shell extension 'dsv' for command environment
[1.437s] DEBUG:colcon.colcon_core.event_handler.log_command:Invoking command in '/home/ros/arm_ws/build/arm_msgs': CMAKE_PREFIX_PATH=/opt/ros/humble /usr/bin/cmake --build /home/ros/arm_ws/build/arm_msgs -- -j2 -l2
[1.486s] DEBUG:colcon.colcon_core.event_handler.log_command:Invoking command in '/home/ros/arm_ws/build/arm_bringup': CMAKE_PREFIX_PATH=/opt/ros/humble /usr/bin/cmake --build /home/ros/arm_ws/build/arm_bringup -- -j2 -l2
[2.003s] DEBUG:colcon.colcon_core.event_handler.log_command:Invoked command in '/home/ros/arm_ws/build/arm_bringup' returned '0': CMAKE_PREFIX_PATH=/opt/ros/humble /usr/bin/cmake --build /home/ros/arm_ws/build/arm_bringup -- -j2 -l2
[2.674s] DEBUG:colcon.colcon_core.event_handler.log_command:Invoking command in '/home/ros/arm_ws/build/arm_bringup': CMAKE_PREFIX_PATH=/opt/ros/humble /usr/bin/cmake --install /home/ros/arm_ws/build/arm_bringup
[2.757s] Level 1:colcon.colcon_core.environment:create_environment_scripts_only(arm_bringup)
[2.758s] DEBUG:colcon.colcon_core.event_handler.log_command:Invoked command in '/home/ros/arm_ws/build/arm_bringup' returned '0': CMAKE_PREFIX_PATH=/opt/ros/humble /usr/bin/cmake --install /home/ros/arm_ws/build/arm_bringup
[2.797s] Level 1:colcon.colcon_core.environment:checking '/home/ros/arm_ws/install/arm_bringup' for CMake module files
[2.799s] Level 1:colcon.colcon_core.environment:checking '/home/ros/arm_ws/install/arm_bringup' for CMake config files
[2.806s] Level 1:colcon.colcon_core.shell:create_environment_hook('arm_bringup', 'cmake_prefix_path')
[2.815s] INFO:colcon.colcon_core.shell:Creating environment hook '/home/ros/arm_ws/install/arm_bringup/share/arm_bringup/hook/cmake_prefix_path.ps1'
[2.823s] INFO:colcon.colcon_core.shell:Creating environment descriptor '/home/ros/arm_ws/install/arm_bringup/share/arm_bringup/hook/cmake_prefix_path.dsv'
[2.832s] INFO:colcon.colcon_core.shell:Creating environment hook '/home/ros/arm_ws/install/arm_bringup/share/arm_bringup/hook/cmake_prefix_path.sh'
[2.841s] Level 1:colcon.colcon_core.environment:checking '/home/ros/arm_ws/install/arm_bringup/bin'
[2.841s] Level 1:colcon.colcon_core.environment:checking '/home/ros/arm_ws/install/arm_bringup/lib/pkgconfig/arm_bringup.pc'
[2.842s] Level 1:colcon.colcon_core.environment:checking '/home/ros/arm_ws/install/arm_bringup/lib/python3.10/site-packages'
[2.848s] Level 1:colcon.colcon_core.environment:checking '/home/ros/arm_ws/install/arm_bringup/bin'
[2.848s] INFO:colcon.colcon_core.shell:Creating package script '/home/ros/arm_ws/install/arm_bringup/share/arm_bringup/package.ps1'
[2.866s] INFO:colcon.colcon_core.shell:Creating package descriptor '/home/ros/arm_ws/install/arm_bringup/share/arm_bringup/package.dsv'
[2.881s] INFO:colcon.colcon_core.shell:Creating package script '/home/ros/arm_ws/install/arm_bringup/share/arm_bringup/package.sh'
[2.893s] INFO:colcon.colcon_core.shell:Creating package script '/home/ros/arm_ws/install/arm_bringup/share/arm_bringup/package.bash'
[2.906s] INFO:colcon.colcon_core.shell:Creating package script '/home/ros/arm_ws/install/arm_bringup/share/arm_bringup/package.zsh'
[2.920s] Level 1:colcon.colcon_core.environment:create_file_with_runtime_dependencies(/home/ros/arm_ws/install/arm_bringup/share/colcon-core/packages/arm_bringup)
[3.297s] Level 1:colcon.colcon_core.environment:create_environment_scripts_only(arm_bringup)
[3.301s] Level 1:colcon.colcon_core.environment:checking '/home/ros/arm_ws/install/arm_bringup' for CMake module files
[3.308s] Level 1:colcon.colcon_core.environment:checking '/home/ros/arm_ws/install/arm_bringup' for CMake config files
[3.316s] Level 1:colcon.colcon_core.shell:create_environment_hook('arm_bringup', 'cmake_prefix_path')
[3.317s] INFO:colcon.colcon_core.shell:Creating environment hook '/home/ros/arm_ws/install/arm_bringup/share/arm_bringup/hook/cmake_prefix_path.ps1'
[3.326s] INFO:colcon.colcon_core.shell:Creating environment descriptor '/home/ros/arm_ws/install/arm_bringup/share/arm_bringup/hook/cmake_prefix_path.dsv'
[3.328s] INFO:colcon.colcon_core.shell:Creating environment hook '/home/ros/arm_ws/install/arm_bringup/share/arm_bringup/hook/cmake_prefix_path.sh'
[3.330s] Level 1:colcon.colcon_core.environment:checking '/home/ros/arm_ws/install/arm_bringup/bin'
[3.330s] Level 1:colcon.colcon_core.environment:checking '/home/ros/arm_ws/install/arm_bringup/lib/pkgconfig/arm_bringup.pc'
[3.331s] Level 1:colcon.colcon_core.environment:checking '/home/ros/arm_ws/install/arm_bringup/lib/python3.10/site-packages'
[3.333s] Level 1:colcon.colcon_core.environment:checking '/home/ros/arm_ws/install/arm_bringup/bin'
[3.336s] INFO:colcon.colcon_core.shell:Creating package script '/home/ros/arm_ws/install/arm_bringup/share/arm_bringup/package.ps1'
[3.344s] INFO:colcon.colcon_core.shell:Creating package descriptor '/home/ros/arm_ws/install/arm_bringup/share/arm_bringup/package.dsv'
[3.348s] INFO:colcon.colcon_core.shell:Creating package script '/home/ros/arm_ws/install/arm_bringup/share/arm_bringup/package.sh'
[3.356s] INFO:colcon.colcon_core.shell:Creating package script '/home/ros/arm_ws/install/arm_bringup/share/arm_bringup/package.bash'
[3.361s] INFO:colcon.colcon_core.shell:Creating package script '/home/ros/arm_ws/install/arm_bringup/share/arm_bringup/package.zsh'
[3.368s] Level 1:colcon.colcon_core.environment:create_file_with_runtime_dependencies(/home/ros/arm_ws/install/arm_bringup/share/colcon-core/packages/arm_bringup)
[3.369s] INFO:colcon.colcon_ros.task.ament_cmake.build:Building ROS package in '/home/ros/arm_ws/src/arm_controller' with build type 'ament_cmake'
[3.371s] INFO:colcon.colcon_cmake.task.cmake.build:Building CMake package in '/home/ros/arm_ws/src/arm_controller'
[3.374s] INFO:colcon.colcon_core.shell:Skip shell extension 'powershell' for command environment: Not usable outside of PowerShell
[3.374s] DEBUG:colcon.colcon_core.shell:Skip shell extension 'dsv' for command environment
[3.476s] DEBUG:colcon.colcon_core.event_handler.log_command:Invoking command in '/home/ros/arm_ws/build/arm_controller': CMAKE_PREFIX_PATH=/opt/ros/humble /usr/bin/cmake --build /home/ros/arm_ws/build/arm_controller -- -j2 -l2
[6.948s] DEBUG:colcon.colcon_core.event_handler.log_command:Invoked command in '/home/ros/arm_ws/build/arm_msgs' returned '0': CMAKE_PREFIX_PATH=/opt/ros/humble /usr/bin/cmake --build /home/ros/arm_ws/build/arm_msgs -- -j2 -l2
[9.505s] DEBUG:colcon.colcon_core.event_handler.log_command:Invoking command in '/home/ros/arm_ws/build/arm_msgs': CMAKE_PREFIX_PATH=/opt/ros/humble /usr/bin/cmake --install /home/ros/arm_ws/build/arm_msgs
[10.129s] Level 1:colcon.colcon_core.environment:create_environment_scripts_only(arm_msgs)
[10.133s] Level 1:colcon.colcon_core.environment:checking '/home/ros/arm_ws/install/arm_msgs' for CMake module files
[10.132s] DEBUG:colcon.colcon_core.event_handler.log_command:Invoked command in '/home/ros/arm_ws/build/arm_msgs' returned '0': CMAKE_PREFIX_PATH=/opt/ros/humble /usr/bin/cmake --install /home/ros/arm_ws/build/arm_msgs
[10.148s] Level 1:colcon.colcon_core.environment:checking '/home/ros/arm_ws/install/arm_msgs' for CMake config files
[10.149s] Level 1:colcon.colcon_core.shell:create_environment_hook('arm_msgs', 'cmake_prefix_path')
[10.150s] INFO:colcon.colcon_core.shell:Creating environment hook '/home/ros/arm_ws/install/arm_msgs/share/arm_msgs/hook/cmake_prefix_path.ps1'
[10.158s] INFO:colcon.colcon_core.shell:Creating environment descriptor '/home/ros/arm_ws/install/arm_msgs/share/arm_msgs/hook/cmake_prefix_path.dsv'
[10.163s] INFO:colcon.colcon_core.shell:Creating environment hook '/home/ros/arm_ws/install/arm_msgs/share/arm_msgs/hook/cmake_prefix_path.sh'
[10.172s] Level 1:colcon.colcon_core.environment:checking '/home/ros/arm_ws/install/arm_msgs/lib'
[10.173s] Level 1:colcon.colcon_core.shell:create_environment_hook('arm_msgs', 'ld_library_path_lib')
[10.178s] INFO:colcon.colcon_core.shell:Creating environment hook '/home/ros/arm_ws/install/arm_msgs/share/arm_msgs/hook/ld_library_path_lib.ps1'
[10.187s] INFO:colcon.colcon_core.shell:Creating environment descriptor '/home/ros/arm_ws/install/arm_msgs/share/arm_msgs/hook/ld_library_path_lib.dsv'
[10.191s] INFO:colcon.colcon_core.shell:Creating environment hook '/home/ros/arm_ws/install/arm_msgs/share/arm_msgs/hook/ld_library_path_lib.sh'
[10.196s] Level 1:colcon.colcon_core.environment:checking '/home/ros/arm_ws/install/arm_msgs/bin'
[10.196s] Level 1:colcon.colcon_core.environment:checking '/home/ros/arm_ws/install/arm_msgs/lib/pkgconfig/arm_msgs.pc'
[10.201s] Level 1:colcon.colcon_core.environment:checking '/home/ros/arm_ws/install/arm_msgs/lib/python3.10/site-packages'
[10.206s] Level 1:colcon.colcon_core.environment:checking '/home/ros/arm_ws/install/arm_msgs/bin'
[10.206s] INFO:colcon.colcon_core.shell:Creating package script '/home/ros/arm_ws/install/arm_msgs/share/arm_msgs/package.ps1'
[10.212s] INFO:colcon.colcon_core.shell:Creating package descriptor '/home/ros/arm_ws/install/arm_msgs/share/arm_msgs/package.dsv'
[10.220s] INFO:colcon.colcon_core.shell:Creating package script '/home/ros/arm_ws/install/arm_msgs/share/arm_msgs/package.sh'
[10.226s] INFO:colcon.colcon_core.shell:Creating package script '/home/ros/arm_ws/install/arm_msgs/share/arm_msgs/package.bash'
[10.230s] INFO:colcon.colcon_core.shell:Creating package script '/home/ros/arm_ws/install/arm_msgs/share/arm_msgs/package.zsh'
[10.234s] Level 1:colcon.colcon_core.environment:create_file_with_runtime_dependencies(/home/ros/arm_ws/install/arm_msgs/share/colcon-core/packages/arm_msgs)
[11.989s] Level 1:colcon.colcon_core.environment:create_environment_scripts_only(arm_msgs)
[11.989s] Level 1:colcon.colcon_core.environment:checking '/home/ros/arm_ws/install/arm_msgs' for CMake module files
[11.995s] Level 1:colcon.colcon_core.environment:checking '/home/ros/arm_ws/install/arm_msgs' for CMake config files
[11.995s] Level 1:colcon.colcon_core.shell:create_environment_hook('arm_msgs', 'cmake_prefix_path')
[11.996s] INFO:colcon.colcon_core.shell:Creating environment hook '/home/ros/arm_ws/install/arm_msgs/share/arm_msgs/hook/cmake_prefix_path.ps1'
[12.000s] INFO:colcon.colcon_core.shell:Creating environment descriptor '/home/ros/arm_ws/install/arm_msgs/share/arm_msgs/hook/cmake_prefix_path.dsv'
[12.002s] INFO:colcon.colcon_core.shell:Creating environment hook '/home/ros/arm_ws/install/arm_msgs/share/arm_msgs/hook/cmake_prefix_path.sh'
[12.004s] Level 1:colcon.colcon_core.environment:checking '/home/ros/arm_ws/install/arm_msgs/lib'
[12.004s] Level 1:colcon.colcon_core.shell:create_environment_hook('arm_msgs', 'ld_library_path_lib')
[12.005s] INFO:colcon.colcon_core.shell:Creating environment hook '/home/ros/arm_ws/install/arm_msgs/share/arm_msgs/hook/ld_library_path_lib.ps1'
[12.007s] INFO:colcon.colcon_core.shell:Creating environment descriptor '/home/ros/arm_ws/install/arm_msgs/share/arm_msgs/hook/ld_library_path_lib.dsv'
[12.012s] INFO:colcon.colcon_core.shell:Creating environment hook '/home/ros/arm_ws/install/arm_msgs/share/arm_msgs/hook/ld_library_path_lib.sh'
[12.015s] Level 1:colcon.colcon_core.environment:checking '/home/ros/arm_ws/install/arm_msgs/bin'
[12.017s] Level 1:colcon.colcon_core.environment:checking '/home/ros/arm_ws/install/arm_msgs/lib/pkgconfig/arm_msgs.pc'
[12.018s] Level 1:colcon.colcon_core.environment:checking '/home/ros/arm_ws/install/arm_msgs/lib/python3.10/site-packages'
[12.020s] Level 1:colcon.colcon_core.environment:checking '/home/ros/arm_ws/install/arm_msgs/bin'
[12.024s] INFO:colcon.colcon_core.shell:Creating package script '/home/ros/arm_ws/install/arm_msgs/share/arm_msgs/package.ps1'
[12.036s] INFO:colcon.colcon_core.shell:Creating package descriptor '/home/ros/arm_ws/install/arm_msgs/share/arm_msgs/package.dsv'
[12.046s] INFO:colcon.colcon_core.shell:Creating package script '/home/ros/arm_ws/install/arm_msgs/share/arm_msgs/package.sh'
[12.054s] INFO:colcon.colcon_core.shell:Creating package script '/home/ros/arm_ws/install/arm_msgs/share/arm_msgs/package.bash'
[12.061s] INFO:colcon.colcon_core.shell:Creating package script '/home/ros/arm_ws/install/arm_msgs/share/arm_msgs/package.zsh'
[12.069s] Level 1:colcon.colcon_core.environment:create_file_with_runtime_dependencies(/home/ros/arm_ws/install/arm_msgs/share/colcon-core/packages/arm_msgs)
[12.078s] INFO:colcon.colcon_ros.task.ament_cmake.build:Building ROS package in '/home/ros/arm_ws/src/arm_description' with build type 'ament_cmake'
[12.082s] INFO:colcon.colcon_cmake.task.cmake.build:Building CMake package in '/home/ros/arm_ws/src/arm_description'
[12.083s] INFO:colcon.colcon_core.shell:Skip shell extension 'powershell' for command environment: Not usable outside of PowerShell
[12.085s] DEBUG:colcon.colcon_core.shell:Skip shell extension 'dsv' for command environment
[12.137s] DEBUG:colcon.colcon_core.event_handler.log_command:Invoking command in '/home/ros/arm_ws/build/arm_description': CMAKE_PREFIX_PATH=/opt/ros/humble /usr/bin/cmake /home/ros/arm_ws/src/arm_description -DCMAKE_INSTALL_PREFIX=/home/ros/arm_ws/install/arm_description
[17.667s] DEBUG:colcon.colcon_core.event_handler.log_command:Invoked command in '/home/ros/arm_ws/build/arm_description' returned '0': CMAKE_PREFIX_PATH=/opt/ros/humble /usr/bin/cmake /home/ros/arm_ws/src/arm_description -DCMAKE_INSTALL_PREFIX=/home/ros/arm_ws/install/arm_description
[17.680s] DEBUG:colcon.colcon_core.event_handler.log_command:Invoking command in '/home/ros/arm_ws/build/arm_description': CMAKE_PREFIX_PATH=/opt/ros/humble /usr/bin/cmake --build /home/ros/arm_ws/build/arm_description -- -j2 -l2
[18.004s] DEBUG:colcon.colcon_core.event_handler.log_command:Invoked command in '/home/ros/arm_ws/build/arm_description' returned '0': CMAKE_PREFIX_PATH=/opt/ros/humble /usr/bin/cmake --build /home/ros/arm_ws/build/arm_description -- -j2 -l2
[18.220s] DEBUG:colcon.colcon_core.event_handler.log_command:Invoking command in '/home/ros/arm_ws/build/arm_description': CMAKE_PREFIX_PATH=/opt/ros/humble /usr/bin/cmake --install /home/ros/arm_ws/build/arm_description
[18.452s] Level 1:colcon.colcon_core.environment:create_environment_scripts_only(arm_description)
[18.455s] Level 1:colcon.colcon_core.environment:checking '/home/ros/arm_ws/install/arm_description' for CMake module files
[18.458s] Level 1:colcon.colcon_core.environment:checking '/home/ros/arm_ws/install/arm_description' for CMake config files
[18.453s] DEBUG:colcon.colcon_core.event_handler.log_command:Invoked command in '/home/ros/arm_ws/build/arm_description' returned '0': CMAKE_PREFIX_PATH=/opt/ros/humble /usr/bin/cmake --install /home/ros/arm_ws/build/arm_description
[18.463s] Level 1:colcon.colcon_core.shell:create_environment_hook('arm_description', 'cmake_prefix_path')
[18.465s] INFO:colcon.colcon_core.shell:Creating environment hook '/home/ros/arm_ws/install/arm_description/share/arm_description/hook/cmake_prefix_path.ps1'
[18.467s] INFO:colcon.colcon_core.shell:Creating environment descriptor '/home/ros/arm_ws/install/arm_description/share/arm_description/hook/cmake_prefix_path.dsv'
[18.470s] INFO:colcon.colcon_core.shell:Creating environment hook '/home/ros/arm_ws/install/arm_description/share/arm_description/hook/cmake_prefix_path.sh'
[18.474s] Level 1:colcon.colcon_core.environment:checking '/home/ros/arm_ws/install/arm_description/bin'
[18.474s] Level 1:colcon.colcon_core.environment:checking '/home/ros/arm_ws/install/arm_description/lib/pkgconfig/arm_description.pc'
[18.475s] Level 1:colcon.colcon_core.environment:checking '/home/ros/arm_ws/install/arm_description/lib/python3.10/site-packages'
[18.476s] Level 1:colcon.colcon_core.environment:checking '/home/ros/arm_ws/install/arm_description/bin'
[18.477s] INFO:colcon.colcon_core.shell:Creating package script '/home/ros/arm_ws/install/arm_description/share/arm_description/package.ps1'
[18.478s] INFO:colcon.colcon_core.shell:Creating package descriptor '/home/ros/arm_ws/install/arm_description/share/arm_description/package.dsv'
[18.480s] INFO:colcon.colcon_core.shell:Creating package script '/home/ros/arm_ws/install/arm_description/share/arm_description/package.sh'
[18.483s] INFO:colcon.colcon_core.shell:Creating package script '/home/ros/arm_ws/install/arm_description/share/arm_description/package.bash'
[18.485s] INFO:colcon.colcon_core.shell:Creating package script '/home/ros/arm_ws/install/arm_description/share/arm_description/package.zsh'
[18.491s] Level 1:colcon.colcon_core.environment:create_file_with_runtime_dependencies(/home/ros/arm_ws/install/arm_description/share/colcon-core/packages/arm_description)
[18.773s] Level 1:colcon.colcon_core.environment:create_environment_scripts_only(arm_description)
[18.779s] Level 1:colcon.colcon_core.environment:checking '/home/ros/arm_ws/install/arm_description' for CMake module files
[18.787s] Level 1:colcon.colcon_core.environment:checking '/home/ros/arm_ws/install/arm_description' for CMake config files
[18.792s] Level 1:colcon.colcon_core.shell:create_environment_hook('arm_description', 'cmake_prefix_path')
[18.794s] INFO:colcon.colcon_core.shell:Creating environment hook '/home/ros/arm_ws/install/arm_description/share/arm_description/hook/cmake_prefix_path.ps1'
[18.795s] INFO:colcon.colcon_core.shell:Creating environment descriptor '/home/ros/arm_ws/install/arm_description/share/arm_description/hook/cmake_prefix_path.dsv'
[18.801s] INFO:colcon.colcon_core.shell:Creating environment hook '/home/ros/arm_ws/install/arm_description/share/arm_description/hook/cmake_prefix_path.sh'
[18.813s] Level 1:colcon.colcon_core.environment:checking '/home/ros/arm_ws/install/arm_description/bin'
[18.813s] Level 1:colcon.colcon_core.environment:checking '/home/ros/arm_ws/install/arm_description/lib/pkgconfig/arm_description.pc'
[18.814s] Level 1:colcon.colcon_core.environment:checking '/home/ros/arm_ws/install/arm_description/lib/python3.10/site-packages'
[18.816s] Level 1:colcon.colcon_core.environment:checking '/home/ros/arm_ws/install/arm_description/bin'
[18.822s] INFO:colcon.colcon_core.shell:Creating package script '/home/ros/arm_ws/install/arm_description/share/arm_description/package.ps1'
[18.826s] INFO:colcon.colcon_core.shell:Creating package descriptor '/home/ros/arm_ws/install/arm_description/share/arm_description/package.dsv'
[18.832s] INFO:colcon.colcon_core.shell:Creating package script '/home/ros/arm_ws/install/arm_description/share/arm_description/package.sh'
[18.840s] INFO:colcon.colcon_core.shell:Creating package script '/home/ros/arm_ws/install/arm_description/share/arm_description/package.bash'
[18.848s] INFO:colcon.colcon_core.shell:Creating package script '/home/ros/arm_ws/install/arm_description/share/arm_description/package.zsh'
[18.850s] Level 1:colcon.colcon_core.environment:create_file_with_runtime_dependencies(/home/ros/arm_ws/install/arm_description/share/colcon-core/packages/arm_description)
[18.856s] INFO:colcon.colcon_ros.task.ament_cmake.build:Building ROS package in '/home/ros/arm_ws/src/arm_firmware' with build type 'ament_cmake'
[18.857s] INFO:colcon.colcon_cmake.task.cmake.build:Building CMake package in '/home/ros/arm_ws/src/arm_firmware'
[18.857s] INFO:colcon.colcon_core.shell:Skip shell extension 'powershell' for command environment: Not usable outside of PowerShell
[18.858s] DEBUG:colcon.colcon_core.shell:Skip shell extension 'dsv' for command environment
[18.927s] DEBUG:colcon.colcon_core.event_handler.log_command:Invoking command in '/home/ros/arm_ws/build/arm_firmware': CMAKE_PREFIX_PATH=/opt/ros/humble /usr/bin/cmake /home/ros/arm_ws/src/arm_firmware -DCMAKE_INSTALL_PREFIX=/home/ros/arm_ws/install/arm_firmware
[30.089s] DEBUG:colcon.colcon_core.event_handler.log_command:Invoked command in '/home/ros/arm_ws/build/arm_firmware' returned '0': CMAKE_PREFIX_PATH=/opt/ros/humble /usr/bin/cmake /home/ros/arm_ws/src/arm_firmware -DCMAKE_INSTALL_PREFIX=/home/ros/arm_ws/install/arm_firmware
[30.104s] DEBUG:colcon.colcon_core.event_handler.log_command:Invoking command in '/home/ros/arm_ws/build/arm_firmware': CMAKE_PREFIX_PATH=/opt/ros/humble /usr/bin/cmake --build /home/ros/arm_ws/build/arm_firmware -- -j2 -l2
[36.435s] DEBUG:colcon.colcon_core.event_handler.log_command:Invoked command in '/home/ros/arm_ws/build/arm_controller' returned '0': CMAKE_PREFIX_PATH=/opt/ros/humble /usr/bin/cmake --build /home/ros/arm_ws/build/arm_controller -- -j2 -l2
[36.688s] DEBUG:colcon.colcon_core.event_handler.log_command:Invoking command in '/home/ros/arm_ws/build/arm_controller': CMAKE_PREFIX_PATH=/opt/ros/humble /usr/bin/cmake --install /home/ros/arm_ws/build/arm_controller
[37.160s] Level 1:colcon.colcon_core.environment:create_environment_scripts_only(arm_controller)
[37.161s] Level 1:colcon.colcon_core.environment:checking '/home/ros/arm_ws/install/arm_controller' for CMake module files
[37.169s] DEBUG:colcon.colcon_core.event_handler.log_command:Invoked command in '/home/ros/arm_ws/build/arm_controller' returned '0': CMAKE_PREFIX_PATH=/opt/ros/humble /usr/bin/cmake --install /home/ros/arm_ws/build/arm_controller
[37.171s] Level 1:colcon.colcon_core.environment:checking '/home/ros/arm_ws/install/arm_controller' for CMake config files
[37.174s] Level 1:colcon.colcon_core.shell:create_environment_hook('arm_controller', 'cmake_prefix_path')
[37.174s] INFO:colcon.colcon_core.shell:Creating environment hook '/home/ros/arm_ws/install/arm_controller/share/arm_controller/hook/cmake_prefix_path.ps1'
[37.180s] INFO:colcon.colcon_core.shell:Creating environment descriptor '/home/ros/arm_ws/install/arm_controller/share/arm_controller/hook/cmake_prefix_path.dsv'
[37.188s] INFO:colcon.colcon_core.shell:Creating environment hook '/home/ros/arm_ws/install/arm_controller/share/arm_controller/hook/cmake_prefix_path.sh'
[37.197s] Level 1:colcon.colcon_core.environment:checking '/home/ros/arm_ws/install/arm_controller/lib'
[37.197s] Level 1:colcon.colcon_core.shell:create_environment_hook('arm_controller', 'ld_library_path_lib')
[37.204s] INFO:colcon.colcon_core.shell:Creating environment hook '/home/ros/arm_ws/install/arm_controller/share/arm_controller/hook/ld_library_path_lib.ps1'
[37.209s] INFO:colcon.colcon_core.shell:Creating environment descriptor '/home/ros/arm_ws/install/arm_controller/share/arm_controller/hook/ld_library_path_lib.dsv'
[37.211s] INFO:colcon.colcon_core.shell:Creating environment hook '/home/ros/arm_ws/install/arm_controller/share/arm_controller/hook/ld_library_path_lib.sh'
[37.220s] Level 1:colcon.colcon_core.environment:checking '/home/ros/arm_ws/install/arm_controller/bin'
[37.220s] Level 1:colcon.colcon_core.environment:checking '/home/ros/arm_ws/install/arm_controller/lib/pkgconfig/arm_controller.pc'
[37.225s] Level 1:colcon.colcon_core.environment:checking '/home/ros/arm_ws/install/arm_controller/lib/python3.10/site-packages'
[37.226s] Level 1:colcon.colcon_core.environment:checking '/home/ros/arm_ws/install/arm_controller/bin'
[37.232s] INFO:colcon.colcon_core.shell:Creating package script '/home/ros/arm_ws/install/arm_controller/share/arm_controller/package.ps1'
[37.243s] INFO:colcon.colcon_core.shell:Creating package descriptor '/home/ros/arm_ws/install/arm_controller/share/arm_controller/package.dsv'
[37.250s] INFO:colcon.colcon_core.shell:Creating package script '/home/ros/arm_ws/install/arm_controller/share/arm_controller/package.sh'
[37.252s] INFO:colcon.colcon_core.shell:Creating package script '/home/ros/arm_ws/install/arm_controller/share/arm_controller/package.bash'
[37.262s] INFO:colcon.colcon_core.shell:Creating package script '/home/ros/arm_ws/install/arm_controller/share/arm_controller/package.zsh'
[37.268s] Level 1:colcon.colcon_core.environment:create_file_with_runtime_dependencies(/home/ros/arm_ws/install/arm_controller/share/colcon-core/packages/arm_controller)
[37.620s] Level 1:colcon.colcon_core.environment:create_environment_scripts_only(arm_controller)
[37.624s] Level 1:colcon.colcon_core.environment:checking '/home/ros/arm_ws/install/arm_controller' for CMake module files
[37.635s] Level 1:colcon.colcon_core.environment:checking '/home/ros/arm_ws/install/arm_controller' for CMake config files
[37.636s] Level 1:colcon.colcon_core.shell:create_environment_hook('arm_controller', 'cmake_prefix_path')
[37.640s] INFO:colcon.colcon_core.shell:Creating environment hook '/home/ros/arm_ws/install/arm_controller/share/arm_controller/hook/cmake_prefix_path.ps1'
[37.646s] INFO:colcon.colcon_core.shell:Creating environment descriptor '/home/ros/arm_ws/install/arm_controller/share/arm_controller/hook/cmake_prefix_path.dsv'
[37.650s] INFO:colcon.colcon_core.shell:Creating environment hook '/home/ros/arm_ws/install/arm_controller/share/arm_controller/hook/cmake_prefix_path.sh'
[37.653s] Level 1:colcon.colcon_core.environment:checking '/home/ros/arm_ws/install/arm_controller/lib'
[37.653s] Level 1:colcon.colcon_core.shell:create_environment_hook('arm_controller', 'ld_library_path_lib')
[37.654s] INFO:colcon.colcon_core.shell:Creating environment hook '/home/ros/arm_ws/install/arm_controller/share/arm_controller/hook/ld_library_path_lib.ps1'
[37.658s] INFO:colcon.colcon_core.shell:Creating environment descriptor '/home/ros/arm_ws/install/arm_controller/share/arm_controller/hook/ld_library_path_lib.dsv'
[37.666s] INFO:colcon.colcon_core.shell:Creating environment hook '/home/ros/arm_ws/install/arm_controller/share/arm_controller/hook/ld_library_path_lib.sh'
[37.668s] Level 1:colcon.colcon_core.environment:checking '/home/ros/arm_ws/install/arm_controller/bin'
[37.670s] Level 1:colcon.colcon_core.environment:checking '/home/ros/arm_ws/install/arm_controller/lib/pkgconfig/arm_controller.pc'
[37.671s] Level 1:colcon.colcon_core.environment:checking '/home/ros/arm_ws/install/arm_controller/lib/python3.10/site-packages'
[37.674s] Level 1:colcon.colcon_core.environment:checking '/home/ros/arm_ws/install/arm_controller/bin'
[37.680s] INFO:colcon.colcon_core.shell:Creating package script '/home/ros/arm_ws/install/arm_controller/share/arm_controller/package.ps1'
[37.689s] INFO:colcon.colcon_core.shell:Creating package descriptor '/home/ros/arm_ws/install/arm_controller/share/arm_controller/package.dsv'
[37.703s] INFO:colcon.colcon_core.shell:Creating package script '/home/ros/arm_ws/install/arm_controller/share/arm_controller/package.sh'
[37.708s] INFO:colcon.colcon_core.shell:Creating package script '/home/ros/arm_ws/install/arm_controller/share/arm_controller/package.bash'
[37.717s] INFO:colcon.colcon_core.shell:Creating package script '/home/ros/arm_ws/install/arm_controller/share/arm_controller/package.zsh'
[37.720s] Level 1:colcon.colcon_core.environment:create_file_with_runtime_dependencies(/home/ros/arm_ws/install/arm_controller/share/colcon-core/packages/arm_controller)
[37.721s] INFO:colcon.colcon_ros.task.ament_cmake.build:Building ROS package in '/home/ros/arm_ws/src/arm_moveit' with build type 'ament_cmake'
[37.722s] INFO:colcon.colcon_cmake.task.cmake.build:Building CMake package in '/home/ros/arm_ws/src/arm_moveit'
[37.726s] INFO:colcon.colcon_core.shell:Skip shell extension 'powershell' for command environment: Not usable outside of PowerShell
[37.726s] DEBUG:colcon.colcon_core.shell:Skip shell extension 'dsv' for command environment
[37.846s] DEBUG:colcon.colcon_core.event_handler.log_command:Invoking command in '/home/ros/arm_ws/build/arm_moveit': CMAKE_PREFIX_PATH=/opt/ros/humble /usr/bin/cmake /home/ros/arm_ws/src/arm_moveit -DCMAKE_INSTALL_PREFIX=/home/ros/arm_ws/install/arm_moveit
[42.446s] DEBUG:colcon.colcon_core.event_handler.log_command:Invoked command in '/home/ros/arm_ws/build/arm_moveit' returned '0': CMAKE_PREFIX_PATH=/opt/ros/humble /usr/bin/cmake /home/ros/arm_ws/src/arm_moveit -DCMAKE_INSTALL_PREFIX=/home/ros/arm_ws/install/arm_moveit
[42.473s] DEBUG:colcon.colcon_core.event_handler.log_command:Invoking command in '/home/ros/arm_ws/build/arm_moveit': CMAKE_PREFIX_PATH=/opt/ros/humble /usr/bin/cmake --build /home/ros/arm_ws/build/arm_moveit -- -j2 -l2
[42.860s] DEBUG:colcon.colcon_core.event_handler.log_command:Invoked command in '/home/ros/arm_ws/build/arm_moveit' returned '0': CMAKE_PREFIX_PATH=/opt/ros/humble /usr/bin/cmake --build /home/ros/arm_ws/build/arm_moveit -- -j2 -l2
[43.188s] DEBUG:colcon.colcon_core.event_handler.log_command:Invoking command in '/home/ros/arm_ws/build/arm_moveit': CMAKE_PREFIX_PATH=/opt/ros/humble /usr/bin/cmake --install /home/ros/arm_ws/build/arm_moveit
[43.296s] Level 1:colcon.colcon_core.environment:create_environment_scripts_only(arm_moveit)
[43.296s] Level 1:colcon.colcon_core.environment:checking '/home/ros/arm_ws/install/arm_moveit' for CMake module files
[43.302s] DEBUG:colcon.colcon_core.event_handler.log_command:Invoked command in '/home/ros/arm_ws/build/arm_moveit' returned '0': CMAKE_PREFIX_PATH=/opt/ros/humble /usr/bin/cmake --install /home/ros/arm_ws/build/arm_moveit
[43.303s] Level 1:colcon.colcon_core.environment:checking '/home/ros/arm_ws/install/arm_moveit' for CMake config files
[43.307s] Level 1:colcon.colcon_core.shell:create_environment_hook('arm_moveit', 'cmake_prefix_path')
[43.312s] INFO:colcon.colcon_core.shell:Creating environment hook '/home/ros/arm_ws/install/arm_moveit/share/arm_moveit/hook/cmake_prefix_path.ps1'
[43.316s] INFO:colcon.colcon_core.shell:Creating environment descriptor '/home/ros/arm_ws/install/arm_moveit/share/arm_moveit/hook/cmake_prefix_path.dsv'
[43.320s] INFO:colcon.colcon_core.shell:Creating environment hook '/home/ros/arm_ws/install/arm_moveit/share/arm_moveit/hook/cmake_prefix_path.sh'
[43.322s] Level 1:colcon.colcon_core.environment:checking '/home/ros/arm_ws/install/arm_moveit/bin'
[43.322s] Level 1:colcon.colcon_core.environment:checking '/home/ros/arm_ws/install/arm_moveit/lib/pkgconfig/arm_moveit.pc'
[43.322s] Level 1:colcon.colcon_core.environment:checking '/home/ros/arm_ws/install/arm_moveit/lib/python3.10/site-packages'
[43.323s] Level 1:colcon.colcon_core.environment:checking '/home/ros/arm_ws/install/arm_moveit/bin'
[43.329s] INFO:colcon.colcon_core.shell:Creating package script '/home/ros/arm_ws/install/arm_moveit/share/arm_moveit/package.ps1'
[43.333s] INFO:colcon.colcon_core.shell:Creating package descriptor '/home/ros/arm_ws/install/arm_moveit/share/arm_moveit/package.dsv'
[43.338s] INFO:colcon.colcon_core.shell:Creating package script '/home/ros/arm_ws/install/arm_moveit/share/arm_moveit/package.sh'
[43.342s] INFO:colcon.colcon_core.shell:Creating package script '/home/ros/arm_ws/install/arm_moveit/share/arm_moveit/package.bash'
[43.343s] INFO:colcon.colcon_core.shell:Creating package script '/home/ros/arm_ws/install/arm_moveit/share/arm_moveit/package.zsh'
[43.348s] Level 1:colcon.colcon_core.environment:create_file_with_runtime_dependencies(/home/ros/arm_ws/install/arm_moveit/share/colcon-core/packages/arm_moveit)
[43.677s] Level 1:colcon.colcon_core.environment:create_environment_scripts_only(arm_moveit)
[43.681s] Level 1:colcon.colcon_core.environment:checking '/home/ros/arm_ws/install/arm_moveit' for CMake module files
[43.685s] Level 1:colcon.colcon_core.environment:checking '/home/ros/arm_ws/install/arm_moveit' for CMake config files
[43.690s] Level 1:colcon.colcon_core.shell:create_environment_hook('arm_moveit', 'cmake_prefix_path')
[43.692s] INFO:colcon.colcon_core.shell:Creating environment hook '/home/ros/arm_ws/install/arm_moveit/share/arm_moveit/hook/cmake_prefix_path.ps1'
[43.697s] INFO:colcon.colcon_core.shell:Creating environment descriptor '/home/ros/arm_ws/install/arm_moveit/share/arm_moveit/hook/cmake_prefix_path.dsv'
[43.703s] INFO:colcon.colcon_core.shell:Creating environment hook '/home/ros/arm_ws/install/arm_moveit/share/arm_moveit/hook/cmake_prefix_path.sh'
[43.710s] Level 1:colcon.colcon_core.environment:checking '/home/ros/arm_ws/install/arm_moveit/bin'
[43.710s] Level 1:colcon.colcon_core.environment:checking '/home/ros/arm_ws/install/arm_moveit/lib/pkgconfig/arm_moveit.pc'
[43.712s] Level 1:colcon.colcon_core.environment:checking '/home/ros/arm_ws/install/arm_moveit/lib/python3.10/site-packages'
[43.714s] Level 1:colcon.colcon_core.environment:checking '/home/ros/arm_ws/install/arm_moveit/bin'
[43.716s] INFO:colcon.colcon_core.shell:Creating package script '/home/ros/arm_ws/install/arm_moveit/share/arm_moveit/package.ps1'
[43.718s] INFO:colcon.colcon_core.shell:Creating package descriptor '/home/ros/arm_ws/install/arm_moveit/share/arm_moveit/package.dsv'
[43.722s] INFO:colcon.colcon_core.shell:Creating package script '/home/ros/arm_ws/install/arm_moveit/share/arm_moveit/package.sh'
[43.727s] INFO:colcon.colcon_core.shell:Creating package script '/home/ros/arm_ws/install/arm_moveit/share/arm_moveit/package.bash'
[43.733s] INFO:colcon.colcon_core.shell:Creating package script '/home/ros/arm_ws/install/arm_moveit/share/arm_moveit/package.zsh'
[43.745s] Level 1:colcon.colcon_core.environment:create_file_with_runtime_dependencies(/home/ros/arm_ws/install/arm_moveit/share/colcon-core/packages/arm_moveit)
[43.748s] INFO:colcon.colcon_ros.task.ament_cmake.build:Building ROS package in '/home/ros/arm_ws/src/arm_cpp_examples' with build type 'ament_cmake'
[43.748s] INFO:colcon.colcon_cmake.task.cmake.build:Building CMake package in '/home/ros/arm_ws/src/arm_cpp_examples'
[43.754s] INFO:colcon.colcon_core.shell:Skip shell extension 'powershell' for command environment: Not usable outside of PowerShell
[43.757s] DEBUG:colcon.colcon_core.shell:Skip shell extension 'dsv' for command environment
[43.873s] DEBUG:colcon.colcon_core.event_handler.log_command:Invoking command in '/home/ros/arm_ws/build/arm_cpp_examples': AMENT_PREFIX_PATH=/home/ros/arm_ws/install/arm_msgs:${AMENT_PREFIX_PATH} CMAKE_PREFIX_PATH=/home/ros/arm_ws/install/arm_msgs:/opt/ros/humble LD_LIBRARY_PATH=/home/ros/arm_ws/install/arm_msgs/lib:${LD_LIBRARY_PATH} PYTHONPATH=/home/ros/arm_ws/install/arm_msgs/local/lib/python3.10/dist-packages:${PYTHONPATH} /usr/bin/cmake /home/ros/arm_ws/src/arm_cpp_examples -DCMAKE_INSTALL_PREFIX=/home/ros/arm_ws/install/arm_cpp_examples
[58.055s] DEBUG:colcon.colcon_core.event_handler.log_command:Invoked command in '/home/ros/arm_ws/build/arm_cpp_examples' returned '0': AMENT_PREFIX_PATH=/home/ros/arm_ws/install/arm_msgs:${AMENT_PREFIX_PATH} CMAKE_PREFIX_PATH=/home/ros/arm_ws/install/arm_msgs:/opt/ros/humble LD_LIBRARY_PATH=/home/ros/arm_ws/install/arm_msgs/lib:${LD_LIBRARY_PATH} PYTHONPATH=/home/ros/arm_ws/install/arm_msgs/local/lib/python3.10/dist-packages:${PYTHONPATH} /usr/bin/cmake /home/ros/arm_ws/src/arm_cpp_examples -DCMAKE_INSTALL_PREFIX=/home/ros/arm_ws/install/arm_cpp_examples
[58.064s] DEBUG:colcon.colcon_core.event_handler.log_command:Invoking command in '/home/ros/arm_ws/build/arm_cpp_examples': AMENT_PREFIX_PATH=/home/ros/arm_ws/install/arm_msgs:${AMENT_PREFIX_PATH} CMAKE_PREFIX_PATH=/home/ros/arm_ws/install/arm_msgs:/opt/ros/humble LD_LIBRARY_PATH=/home/ros/arm_ws/install/arm_msgs/lib:${LD_LIBRARY_PATH} PYTHONPATH=/home/ros/arm_ws/install/arm_msgs/local/lib/python3.10/dist-packages:${PYTHONPATH} /usr/bin/cmake --build /home/ros/arm_ws/build/arm_cpp_examples -- -j2 -l2
[108.104s] DEBUG:colcon.colcon_core.event_handler.log_command:Invoked command in '/home/ros/arm_ws/build/arm_firmware' returned '0': CMAKE_PREFIX_PATH=/opt/ros/humble /usr/bin/cmake --build /home/ros/arm_ws/build/arm_firmware -- -j2 -l2
[108.296s] DEBUG:colcon.colcon_core.event_handler.log_command:Invoking command in '/home/ros/arm_ws/build/arm_firmware': CMAKE_PREFIX_PATH=/opt/ros/humble /usr/bin/cmake --install /home/ros/arm_ws/build/arm_firmware
[108.611s] Level 1:colcon.colcon_core.environment:create_environment_scripts_only(arm_firmware)
[108.612s] Level 1:colcon.colcon_core.environment:checking '/home/ros/arm_ws/install/arm_firmware' for CMake module files
[108.617s] Level 1:colcon.colcon_core.environment:checking '/home/ros/arm_ws/install/arm_firmware' for CMake config files
[108.613s] DEBUG:colcon.colcon_core.event_handler.log_command:Invoked command in '/home/ros/arm_ws/build/arm_firmware' returned '0': CMAKE_PREFIX_PATH=/opt/ros/humble /usr/bin/cmake --install /home/ros/arm_ws/build/arm_firmware
[108.620s] Level 1:colcon.colcon_core.shell:create_environment_hook('arm_firmware', 'cmake_prefix_path')
[108.623s] INFO:colcon.colcon_core.shell:Creating environment hook '/home/ros/arm_ws/install/arm_firmware/share/arm_firmware/hook/cmake_prefix_path.ps1'
[108.624s] INFO:colcon.colcon_core.shell:Creating environment descriptor '/home/ros/arm_ws/install/arm_firmware/share/arm_firmware/hook/cmake_prefix_path.dsv'
[108.629s] INFO:colcon.colcon_core.shell:Creating environment hook '/home/ros/arm_ws/install/arm_firmware/share/arm_firmware/hook/cmake_prefix_path.sh'
[108.633s] Level 1:colcon.colcon_core.environment:checking '/home/ros/arm_ws/install/arm_firmware/lib'
[108.633s] Level 1:colcon.colcon_core.environment:checking '/home/ros/arm_ws/install/arm_firmware/bin'
[108.634s] Level 1:colcon.colcon_core.environment:checking '/home/ros/arm_ws/install/arm_firmware/lib/pkgconfig/arm_firmware.pc'
[108.637s] Level 1:colcon.colcon_core.environment:checking '/home/ros/arm_ws/install/arm_firmware/lib/python3.10/site-packages'
[108.638s] Level 1:colcon.colcon_core.environment:checking '/home/ros/arm_ws/install/arm_firmware/bin'
[108.640s] INFO:colcon.colcon_core.shell:Creating package script '/home/ros/arm_ws/install/arm_firmware/share/arm_firmware/package.ps1'
[108.646s] INFO:colcon.colcon_core.shell:Creating package descriptor '/home/ros/arm_ws/install/arm_firmware/share/arm_firmware/package.dsv'
[108.652s] INFO:colcon.colcon_core.shell:Creating package script '/home/ros/arm_ws/install/arm_firmware/share/arm_firmware/package.sh'
[108.657s] INFO:colcon.colcon_core.shell:Creating package script '/home/ros/arm_ws/install/arm_firmware/share/arm_firmware/package.bash'
[108.661s] INFO:colcon.colcon_core.shell:Creating package script '/home/ros/arm_ws/install/arm_firmware/share/arm_firmware/package.zsh'
[108.675s] Level 1:colcon.colcon_core.environment:create_file_with_runtime_dependencies(/home/ros/arm_ws/install/arm_firmware/share/colcon-core/packages/arm_firmware)
[109.090s] Level 1:colcon.colcon_core.environment:create_environment_scripts_only(arm_firmware)
[109.099s] Level 1:colcon.colcon_core.environment:checking '/home/ros/arm_ws/install/arm_firmware' for CMake module files
[109.102s] Level 1:colcon.colcon_core.environment:checking '/home/ros/arm_ws/install/arm_firmware' for CMake config files
[109.103s] Level 1:colcon.colcon_core.shell:create_environment_hook('arm_firmware', 'cmake_prefix_path')
[109.103s] INFO:colcon.colcon_core.shell:Creating environment hook '/home/ros/arm_ws/install/arm_firmware/share/arm_firmware/hook/cmake_prefix_path.ps1'
[109.108s] INFO:colcon.colcon_core.shell:Creating environment descriptor '/home/ros/arm_ws/install/arm_firmware/share/arm_firmware/hook/cmake_prefix_path.dsv'
[109.113s] INFO:colcon.colcon_core.shell:Creating environment hook '/home/ros/arm_ws/install/arm_firmware/share/arm_firmware/hook/cmake_prefix_path.sh'
[109.118s] Level 1:colcon.colcon_core.environment:checking '/home/ros/arm_ws/install/arm_firmware/lib'
[109.121s] Level 1:colcon.colcon_core.environment:checking '/home/ros/arm_ws/install/arm_firmware/bin'
[109.121s] Level 1:colcon.colcon_core.environment:checking '/home/ros/arm_ws/install/arm_firmware/lib/pkgconfig/arm_firmware.pc'
[109.122s] Level 1:colcon.colcon_core.environment:checking '/home/ros/arm_ws/install/arm_firmware/lib/python3.10/site-packages'
[109.131s] Level 1:colcon.colcon_core.environment:checking '/home/ros/arm_ws/install/arm_firmware/bin'
[109.132s] INFO:colcon.colcon_core.shell:Creating package script '/home/ros/arm_ws/install/arm_firmware/share/arm_firmware/package.ps1'
[109.136s] INFO:colcon.colcon_core.shell:Creating package descriptor '/home/ros/arm_ws/install/arm_firmware/share/arm_firmware/package.dsv'
[109.142s] INFO:colcon.colcon_core.shell:Creating package script '/home/ros/arm_ws/install/arm_firmware/share/arm_firmware/package.sh'
[109.146s] INFO:colcon.colcon_core.shell:Creating package script '/home/ros/arm_ws/install/arm_firmware/share/arm_firmware/package.bash'
[109.150s] INFO:colcon.colcon_core.shell:Creating package script '/home/ros/arm_ws/install/arm_firmware/share/arm_firmware/package.zsh'
[109.155s] Level 1:colcon.colcon_core.environment:create_file_with_runtime_dependencies(/home/ros/arm_ws/install/arm_firmware/share/colcon-core/packages/arm_firmware)
[109.161s] INFO:colcon.colcon_ros.task.ament_python.build:Building ROS package in '/home/ros/arm_ws/src/arm_py_examples' with build type 'ament_python'
[109.161s] Level 1:colcon.colcon_core.shell:create_environment_hook('arm_py_examples', 'ament_prefix_path')
[109.164s] INFO:colcon.colcon_core.shell:Creating environment hook '/home/ros/arm_ws/install/arm_py_examples/share/arm_py_examples/hook/ament_prefix_path.ps1'
[109.169s] INFO:colcon.colcon_core.shell:Creating environment descriptor '/home/ros/arm_ws/install/arm_py_examples/share/arm_py_examples/hook/ament_prefix_path.dsv'
[109.172s] INFO:colcon.colcon_core.shell:Creating environment hook '/home/ros/arm_ws/install/arm_py_examples/share/arm_py_examples/hook/ament_prefix_path.sh'
[109.176s] INFO:colcon.colcon_core.shell:Skip shell extension 'powershell' for command environment: Not usable outside of PowerShell
[109.179s] DEBUG:colcon.colcon_core.shell:Skip shell extension 'dsv' for command environment
[110.881s] INFO:colcon.colcon_core.task.python.build:Building Python package in '/home/ros/arm_ws/src/arm_py_examples'
[110.882s] INFO:colcon.colcon_core.shell:Skip shell extension 'powershell' for command environment: Not usable outside of PowerShell
[110.882s] DEBUG:colcon.colcon_core.shell:Skip shell extension 'dsv' for command environment
[114.185s] DEBUG:colcon.colcon_core.event_handler.log_command:Invoking command in '/home/ros/arm_ws/src/arm_py_examples': AMENT_PREFIX_PATH=/home/ros/arm_ws/install/arm_msgs:${AMENT_PREFIX_PATH} CMAKE_PREFIX_PATH=/home/ros/arm_ws/install/arm_msgs LD_LIBRARY_PATH=/home/ros/arm_ws/install/arm_msgs/lib:${LD_LIBRARY_PATH} PYTHONPATH=/home/ros/arm_ws/build/arm_py_examples/prefix_override:/usr/lib/python3/dist-packages/colcon_core/task/python/colcon_distutils_commands:/home/ros/arm_ws/install/arm_py_examples/lib/python3.10/site-packages:/home/ros/arm_ws/install/arm_msgs/local/lib/python3.10/dist-packages:${PYTHONPATH} /usr/bin/python3 -W ignore:setup.py install is deprecated setup.py egg_info --egg-base ../../build/arm_py_examples build --build-base /home/ros/arm_ws/build/arm_py_examples/build install --record /home/ros/arm_ws/build/arm_py_examples/install.log --single-version-externally-managed install_data
[116.791s] Level 1:colcon.colcon_core.environment:checking '/home/ros/arm_ws/install/arm_py_examples' for CMake module files
[116.799s] DEBUG:colcon.colcon_core.event_handler.log_command:Invoked command in '/home/ros/arm_ws/src/arm_py_examples' returned '0': AMENT_PREFIX_PATH=/home/ros/arm_ws/install/arm_msgs:${AMENT_PREFIX_PATH} CMAKE_PREFIX_PATH=/home/ros/arm_ws/install/arm_msgs LD_LIBRARY_PATH=/home/ros/arm_ws/install/arm_msgs/lib:${LD_LIBRARY_PATH} PYTHONPATH=/home/ros/arm_ws/build/arm_py_examples/prefix_override:/usr/lib/python3/dist-packages/colcon_core/task/python/colcon_distutils_commands:/home/ros/arm_ws/install/arm_py_examples/lib/python3.10/site-packages:/home/ros/arm_ws/install/arm_msgs/local/lib/python3.10/dist-packages:${PYTHONPATH} /usr/bin/python3 -W ignore:setup.py install is deprecated setup.py egg_info --egg-base ../../build/arm_py_examples build --build-base /home/ros/arm_ws/build/arm_py_examples/build install --record /home/ros/arm_ws/build/arm_py_examples/install.log --single-version-externally-managed install_data
[116.800s] Level 1:colcon.colcon_core.environment:checking '/home/ros/arm_ws/install/arm_py_examples' for CMake config files
[116.801s] Level 1:colcon.colcon_core.environment:checking '/home/ros/arm_ws/install/arm_py_examples/lib'
[116.804s] Level 1:colcon.colcon_core.environment:checking '/home/ros/arm_ws/install/arm_py_examples/bin'
[116.804s] Level 1:colcon.colcon_core.environment:checking '/home/ros/arm_ws/install/arm_py_examples/lib/pkgconfig/arm_py_examples.pc'
[116.809s] Level 1:colcon.colcon_core.environment:checking '/home/ros/arm_ws/install/arm_py_examples/lib/python3.10/site-packages'
[116.809s] Level 1:colcon.colcon_core.shell:create_environment_hook('arm_py_examples', 'pythonpath')
[116.810s] INFO:colcon.colcon_core.shell:Creating environment hook '/home/ros/arm_ws/install/arm_py_examples/share/arm_py_examples/hook/pythonpath.ps1'
[116.824s] INFO:colcon.colcon_core.shell:Creating environment descriptor '/home/ros/arm_ws/install/arm_py_examples/share/arm_py_examples/hook/pythonpath.dsv'
[116.833s] INFO:colcon.colcon_core.shell:Creating environment hook '/home/ros/arm_ws/install/arm_py_examples/share/arm_py_examples/hook/pythonpath.sh'
[116.843s] Level 1:colcon.colcon_core.environment:checking '/home/ros/arm_ws/install/arm_py_examples/bin'
[116.843s] Level 1:colcon.colcon_core.environment:create_environment_scripts_only(arm_py_examples)
[116.844s] INFO:colcon.colcon_core.shell:Creating package script '/home/ros/arm_ws/install/arm_py_examples/share/arm_py_examples/package.ps1'
[116.849s] INFO:colcon.colcon_core.shell:Creating package descriptor '/home/ros/arm_ws/install/arm_py_examples/share/arm_py_examples/package.dsv'
[116.856s] INFO:colcon.colcon_core.shell:Creating package script '/home/ros/arm_ws/install/arm_py_examples/share/arm_py_examples/package.sh'
[116.858s] INFO:colcon.colcon_core.shell:Creating package script '/home/ros/arm_ws/install/arm_py_examples/share/arm_py_examples/package.bash'
[116.863s] INFO:colcon.colcon_core.shell:Creating package script '/home/ros/arm_ws/install/arm_py_examples/share/arm_py_examples/package.zsh'
[116.869s] Level 1:colcon.colcon_core.environment:create_file_with_runtime_dependencies(/home/ros/arm_ws/install/arm_py_examples/share/colcon-core/packages/arm_py_examples)
[116.876s] INFO:colcon.colcon_ros.task.ament_cmake.build:Building ROS package in '/home/ros/arm_ws/src/arm_remote' with build type 'ament_cmake'
[116.876s] INFO:colcon.colcon_cmake.task.cmake.build:Building CMake package in '/home/ros/arm_ws/src/arm_remote'
[116.877s] INFO:colcon.colcon_core.shell:Skip shell extension 'powershell' for command environment: Not usable outside of PowerShell
[116.877s] DEBUG:colcon.colcon_core.shell:Skip shell extension 'dsv' for command environment
[116.982s] DEBUG:colcon.colcon_core.event_handler.log_command:Invoking command in '/home/ros/arm_ws/build/arm_remote': AMENT_PREFIX_PATH=/home/ros/arm_ws/install/arm_msgs:${AMENT_PREFIX_PATH} CMAKE_PREFIX_PATH=/home/ros/arm_ws/install/arm_msgs:/opt/ros/humble LD_LIBRARY_PATH=/home/ros/arm_ws/install/arm_msgs/lib:${LD_LIBRARY_PATH} PYTHONPATH=/home/ros/arm_ws/install/arm_msgs/local/lib/python3.10/dist-packages:${PYTHONPATH} /usr/bin/cmake /home/ros/arm_ws/src/arm_remote -DCMAKE_INSTALL_PREFIX=/home/ros/arm_ws/install/arm_remote
[132.562s] DEBUG:colcon.colcon_core.event_handler.log_command:Invoked command in '/home/ros/arm_ws/build/arm_remote' returned '0': AMENT_PREFIX_PATH=/home/ros/arm_ws/install/arm_msgs:${AMENT_PREFIX_PATH} CMAKE_PREFIX_PATH=/home/ros/arm_ws/install/arm_msgs:/opt/ros/humble LD_LIBRARY_PATH=/home/ros/arm_ws/install/arm_msgs/lib:${LD_LIBRARY_PATH} PYTHONPATH=/home/ros/arm_ws/install/arm_msgs/local/lib/python3.10/dist-packages:${PYTHONPATH} /usr/bin/cmake /home/ros/arm_ws/src/arm_remote -DCMAKE_INSTALL_PREFIX=/home/ros/arm_ws/install/arm_remote
[132.579s] DEBUG:colcon.colcon_core.event_handler.log_command:Invoking command in '/home/ros/arm_ws/build/arm_remote': AMENT_PREFIX_PATH=/home/ros/arm_ws/install/arm_msgs:${AMENT_PREFIX_PATH} CMAKE_PREFIX_PATH=/home/ros/arm_ws/install/arm_msgs:/opt/ros/humble LD_LIBRARY_PATH=/home/ros/arm_ws/install/arm_msgs/lib:${LD_LIBRARY_PATH} PYTHONPATH=/home/ros/arm_ws/install/arm_msgs/local/lib/python3.10/dist-packages:${PYTHONPATH} /usr/bin/cmake --build /home/ros/arm_ws/build/arm_remote -- -j2 -l2
[165.728s] DEBUG:colcon.colcon_core.event_handler.log_command:Invoked command in '/home/ros/arm_ws/build/arm_remote' returned '2': AMENT_PREFIX_PATH=/home/ros/arm_ws/install/arm_msgs:${AMENT_PREFIX_PATH} CMAKE_PREFIX_PATH=/home/ros/arm_ws/install/arm_msgs:/opt/ros/humble LD_LIBRARY_PATH=/home/ros/arm_ws/install/arm_msgs/lib:${LD_LIBRARY_PATH} PYTHONPATH=/home/ros/arm_ws/install/arm_msgs/local/lib/python3.10/dist-packages:${PYTHONPATH} /usr/bin/cmake --build /home/ros/arm_ws/build/arm_remote -- -j2 -l2
[166.047s] Level 1:colcon.colcon_core.environment:create_environment_scripts_only(arm_remote)
[166.061s] Level 1:colcon.colcon_core.environment:checking '/home/ros/arm_ws/install/arm_remote' for CMake module files
[166.062s] Level 1:colcon.colcon_core.environment:checking '/home/ros/arm_ws/install/arm_remote' for CMake config files
[166.075s] Level 1:colcon.colcon_core.environment:checking '/home/ros/arm_ws/install/arm_remote/bin'
[166.076s] Level 1:colcon.colcon_core.environment:checking '/home/ros/arm_ws/install/arm_remote/lib/pkgconfig/arm_remote.pc'
[166.080s] Level 1:colcon.colcon_core.environment:checking '/home/ros/arm_ws/install/arm_remote/lib/python3.10/site-packages'
[166.081s] Level 1:colcon.colcon_core.environment:checking '/home/ros/arm_ws/install/arm_remote/bin'
[166.087s] INFO:colcon.colcon_core.shell:Creating package script '/home/ros/arm_ws/install/arm_remote/share/arm_remote/package.ps1'
[166.099s] INFO:colcon.colcon_core.shell:Creating package descriptor '/home/ros/arm_ws/install/arm_remote/share/arm_remote/package.dsv'
[166.108s] INFO:colcon.colcon_core.shell:Creating package script '/home/ros/arm_ws/install/arm_remote/share/arm_remote/package.sh'
[166.112s] INFO:colcon.colcon_core.shell:Creating package script '/home/ros/arm_ws/install/arm_remote/share/arm_remote/package.bash'
[166.119s] INFO:colcon.colcon_core.shell:Creating package script '/home/ros/arm_ws/install/arm_remote/share/arm_remote/package.zsh'
[166.123s] Level 1:colcon.colcon_core.environment:create_file_with_runtime_dependencies(/home/ros/arm_ws/install/arm_remote/share/colcon-core/packages/arm_remote)
[267.980s] DEBUG:colcon.colcon_parallel_executor.executor.parallel:closing loop
[267.982s] DEBUG:colcon.colcon_parallel_executor.executor.parallel:loop closed
[267.982s] DEBUG:colcon.colcon_parallel_executor.executor.parallel:run_until_complete finished with '2'
[267.983s] DEBUG:colcon.colcon_core.event_reactor:joining thread
[267.999s] INFO:colcon.colcon_core.plugin_system:Skipping extension 'colcon_notification.desktop_notification.terminal_notifier': Not used on non-Darwin systems
[268.000s] INFO:colcon.colcon_core.plugin_system:Skipping extension 'colcon_notification.desktop_notification.win32': Not used on non-Windows systems
[268.000s] INFO:colcon.colcon_notification.desktop_notification:Sending desktop notification using 'notify2'
[268.035s] DEBUG:colcon.colcon_core.event_reactor:joined thread
[268.036s] INFO:colcon.colcon_core.shell:Creating prefix script '/home/ros/arm_ws/install/local_setup.ps1'
[268.039s] INFO:colcon.colcon_core.shell:Creating prefix util module '/home/ros/arm_ws/install/_local_setup_util_ps1.py'
[268.044s] INFO:colcon.colcon_core.shell:Creating prefix chain script '/home/ros/arm_ws/install/setup.ps1'
[268.048s] INFO:colcon.colcon_core.shell:Creating prefix script '/home/ros/arm_ws/install/local_setup.sh'
[268.050s] INFO:colcon.colcon_core.shell:Creating prefix util module '/home/ros/arm_ws/install/_local_setup_util_sh.py'
[268.052s] INFO:colcon.colcon_core.shell:Creating prefix chain script '/home/ros/arm_ws/install/setup.sh'
[268.056s] INFO:colcon.colcon_core.shell:Creating prefix script '/home/ros/arm_ws/install/local_setup.bash'
[268.058s] INFO:colcon.colcon_core.shell:Creating prefix chain script '/home/ros/arm_ws/install/setup.bash'
[268.060s] INFO:colcon.colcon_core.shell:Creating prefix script '/home/ros/arm_ws/install/local_setup.zsh'
[268.063s] INFO:colcon.colcon_core.shell:Creating prefix chain script '/home/ros/arm_ws/install/setup.zsh'
