[0.052s] Invoking command in '/home/ros/arm_ws/build/arm_msgs': CMAKE_PREFIX_PATH=/opt/ros/humble /usr/bin/cmake /home/ros/arm_ws/src/arm_msgs -DCMAKE_INSTALL_PREFIX=/home/ros/arm_ws/install/arm_msgs
[0.456s] -- The C compiler identification is GNU 11.4.0
[0.739s] -- The CXX compiler identification is GNU 11.4.0
[0.767s] -- Detecting C compiler ABI info
[0.952s] -- Detecting C compiler ABI info - done
[0.963s] -- Check for working C compiler: /usr/bin/cc - skipped
[0.964s] -- Detecting C compile features
[0.966s] -- Detecting C compile features - done
[0.975s] -- Detecting CXX compiler ABI info
[1.143s] -- Detecting CXX compiler ABI info - done
[1.152s] -- Check for working CXX compiler: /usr/bin/c++ - skipped
[1.152s] -- Detecting CXX compile features
[1.153s] -- Detecting CXX compile features - done
[1.168s] -- Found ament_cmake: 1.3.12 (/opt/ros/humble/share/ament_cmake/cmake)
[1.486s] -- Found Python3: /usr/bin/python3 (found version "3.10.12") found components: Interpreter 
[1.810s] -- Found std_msgs: 4.9.0 (/opt/ros/humble/share/std_msgs/cmake)
[1.949s] -- Found rosidl_generator_c: 3.1.7 (/opt/ros/humble/share/rosidl_generator_c/cmake)
[1.966s] -- Found rosidl_adapter: 3.1.7 (/opt/ros/humble/share/rosidl_adapter/cmake)
[1.994s] -- Found rosidl_generator_cpp: 3.1.7 (/opt/ros/humble/share/rosidl_generator_cpp/cmake)
[2.033s] -- Using all available rosidl_typesupport_c: rosidl_typesupport_fastrtps_c;rosidl_typesupport_introspection_c
[2.079s] -- Using all available rosidl_typesupport_cpp: rosidl_typesupport_fastrtps_cpp;rosidl_typesupport_introspection_cpp
[2.148s] -- Found rosidl_default_generators: 1.2.0 (/opt/ros/humble/share/rosidl_default_generators/cmake)
[2.844s] -- Found ament_cmake_ros: 0.10.0 (/opt/ros/humble/share/ament_cmake_ros/cmake)
[3.533s] -- Using all available rosidl_typesupport_c: rosidl_typesupport_fastrtps_c;rosidl_typesupport_introspection_c
[3.805s] -- Using all available rosidl_typesupport_cpp: rosidl_typesupport_fastrtps_cpp;rosidl_typesupport_introspection_cpp
[3.849s] -- Found PythonInterp: /usr/bin/python3 (found suitable version "3.10.12", minimum required is "3.6") 
[3.854s] -- Found python_cmake_module: 0.10.0 (/opt/ros/humble/share/python_cmake_module/cmake)
[3.915s] -- Found PythonLibs: /usr/lib/x86_64-linux-gnu/libpython3.10.so (found suitable version "3.10.12", minimum required is "3.5") 
[3.916s] -- Using PYTHON_EXECUTABLE: /usr/bin/python3
[3.916s] -- Using PYTHON_INCLUDE_DIRS: /usr/include/python3.10
[3.916s] -- Using PYTHON_LIBRARIES: /usr/lib/x86_64-linux-gnu/libpython3.10.so
[3.955s] -- Found PythonExtra: .so  
[4.075s] -- Configuring done
[4.221s] -- Generating done
[4.244s] -- Build files have been written to: /home/ros/arm_ws/build/arm_msgs
[4.265s] Invoked command in '/home/ros/arm_ws/build/arm_msgs' returned '0': CMAKE_PREFIX_PATH=/opt/ros/humble /usr/bin/cmake /home/ros/arm_ws/src/arm_msgs -DCMAKE_INSTALL_PREFIX=/home/ros/arm_ws/install/arm_msgs
[4.266s] Invoking command in '/home/ros/arm_ws/build/arm_msgs': CMAKE_PREFIX_PATH=/opt/ros/humble /usr/bin/cmake --build /home/ros/arm_ws/build/arm_msgs -- -j4 -l4
[4.364s] [  1%] Generating C code for ROS interfaces
[4.392s] [  3%] Generating C++ code for ROS interfaces
[4.477s] [  3%] Built target ament_cmake_python_copy_arm_msgs
[5.176s] running egg_info
[5.177s] writing arm_msgs.egg-info/PKG-INFO
[5.178s] writing dependency_links to arm_msgs.egg-info/dependency_links.txt
[5.178s] writing top-level names to arm_msgs.egg-info/top_level.txt
[5.194s] reading manifest file 'arm_msgs.egg-info/SOURCES.txt'
[5.196s] writing manifest file 'arm_msgs.egg-info/SOURCES.txt'
[5.269s] [  3%] Built target ament_cmake_python_build_arm_msgs_egg
[6.414s] Consolidate compiler generated dependencies of target arm_msgs__rosidl_generator_c
[6.463s] [  4%] Building C object CMakeFiles/arm_msgs__rosidl_generator_c.dir/rosidl_generator_c/arm_msgs/srv/detail/add_two_ints__functions.c.o
[6.530s] [  6%] Building C object CMakeFiles/arm_msgs__rosidl_generator_c.dir/rosidl_generator_c/arm_msgs/srv/detail/euler_to_quaternion__functions.c.o
[6.608s] [  7%] Building C object CMakeFiles/arm_msgs__rosidl_generator_c.dir/rosidl_generator_c/arm_msgs/srv/detail/quaternion_to_euler__functions.c.o
[6.710s] [  7%] Built target arm_msgs__cpp
[6.720s] [  9%] Building C object CMakeFiles/arm_msgs__rosidl_generator_c.dir/rosidl_generator_c/arm_msgs/action/detail/fibonacci__functions.c.o
[6.722s] [ 11%] Building C object CMakeFiles/arm_msgs__rosidl_generator_c.dir/rosidl_generator_c/arm_msgs/action/detail/arm_task__functions.c.o
[6.743s] [ 12%] Generating C++ type support dispatch for ROS interfaces
[6.792s] [ 14%] Generating C++ type support for eProsima Fast-RTPS
[7.106s] [ 15%] Generating C++ introspection for ROS interfaces
[7.119s] [ 17%] Linking C shared library libarm_msgs__rosidl_generator_c.so
[7.262s] [ 17%] Built target arm_msgs__rosidl_generator_c
[7.313s] [ 19%] Generating C type support for eProsima Fast-RTPS
[8.806s] Consolidate compiler generated dependencies of target arm_msgs__rosidl_typesupport_cpp
[8.905s] [ 20%] Building CXX object CMakeFiles/arm_msgs__rosidl_typesupport_cpp.dir/rosidl_typesupport_cpp/arm_msgs/srv/add_two_ints__type_support.cpp.o
[9.478s] Consolidate compiler generated dependencies of target arm_msgs__rosidl_typesupport_fastrtps_cpp
[9.509s] [ 22%] Building CXX object CMakeFiles/arm_msgs__rosidl_typesupport_fastrtps_cpp.dir/rosidl_typesupport_fastrtps_cpp/arm_msgs/srv/detail/dds_fastrtps/add_two_ints__type_support.cpp.o
[9.512s] Consolidate compiler generated dependencies of target arm_msgs__rosidl_typesupport_introspection_cpp
[9.577s] [ 23%] Building CXX object CMakeFiles/arm_msgs__rosidl_typesupport_introspection_cpp.dir/rosidl_typesupport_introspection_cpp/arm_msgs/srv/detail/add_two_ints__type_support.cpp.o
[9.812s] Consolidate compiler generated dependencies of target arm_msgs__rosidl_typesupport_fastrtps_c
[9.866s] [ 25%] Building CXX object CMakeFiles/arm_msgs__rosidl_typesupport_fastrtps_c.dir/rosidl_typesupport_fastrtps_c/arm_msgs/srv/detail/add_two_ints__type_support_c.cpp.o
[9.941s] [ 26%] Building CXX object CMakeFiles/arm_msgs__rosidl_typesupport_cpp.dir/rosidl_typesupport_cpp/arm_msgs/srv/euler_to_quaternion__type_support.cpp.o
[10.811s] [ 28%] Building CXX object CMakeFiles/arm_msgs__rosidl_typesupport_cpp.dir/rosidl_typesupport_cpp/arm_msgs/srv/quaternion_to_euler__type_support.cpp.o
[10.820s] [ 30%] Building CXX object CMakeFiles/arm_msgs__rosidl_typesupport_fastrtps_c.dir/rosidl_typesupport_fastrtps_c/arm_msgs/srv/detail/euler_to_quaternion__type_support_c.cpp.o
[10.841s] [ 31%] Building CXX object CMakeFiles/arm_msgs__rosidl_typesupport_fastrtps_cpp.dir/rosidl_typesupport_fastrtps_cpp/arm_msgs/srv/detail/dds_fastrtps/euler_to_quaternion__type_support.cpp.o
[10.907s] [ 33%] Building CXX object CMakeFiles/arm_msgs__rosidl_typesupport_introspection_cpp.dir/rosidl_typesupport_introspection_cpp/arm_msgs/srv/detail/euler_to_quaternion__type_support.cpp.o
[11.606s] [ 34%] Building CXX object CMakeFiles/arm_msgs__rosidl_typesupport_cpp.dir/rosidl_typesupport_cpp/arm_msgs/action/fibonacci__type_support.cpp.o
[11.859s] [ 36%] Building CXX object CMakeFiles/arm_msgs__rosidl_typesupport_fastrtps_cpp.dir/rosidl_typesupport_fastrtps_cpp/arm_msgs/srv/detail/dds_fastrtps/quaternion_to_euler__type_support.cpp.o
[11.958s] [ 38%] Building CXX object CMakeFiles/arm_msgs__rosidl_typesupport_introspection_cpp.dir/rosidl_typesupport_introspection_cpp/arm_msgs/srv/detail/quaternion_to_euler__type_support.cpp.o
[11.984s] [ 39%] Building CXX object CMakeFiles/arm_msgs__rosidl_typesupport_fastrtps_c.dir/rosidl_typesupport_fastrtps_c/arm_msgs/srv/detail/quaternion_to_euler__type_support_c.cpp.o
[12.743s] [ 41%] Building CXX object CMakeFiles/arm_msgs__rosidl_typesupport_fastrtps_c.dir/rosidl_typesupport_fastrtps_c/arm_msgs/action/detail/fibonacci__type_support_c.cpp.o
[12.859s] [ 42%] Building CXX object CMakeFiles/arm_msgs__rosidl_typesupport_introspection_cpp.dir/rosidl_typesupport_introspection_cpp/arm_msgs/action/detail/fibonacci__type_support.cpp.o
[12.917s] [ 44%] Building CXX object CMakeFiles/arm_msgs__rosidl_typesupport_cpp.dir/rosidl_typesupport_cpp/arm_msgs/action/arm_task__type_support.cpp.o
[13.013s] [ 46%] Building CXX object CMakeFiles/arm_msgs__rosidl_typesupport_fastrtps_cpp.dir/rosidl_typesupport_fastrtps_cpp/arm_msgs/action/detail/dds_fastrtps/fibonacci__type_support.cpp.o
[13.513s] [ 47%] Building CXX object CMakeFiles/arm_msgs__rosidl_typesupport_fastrtps_c.dir/rosidl_typesupport_fastrtps_c/arm_msgs/action/detail/arm_task__type_support_c.cpp.o
[13.959s] [ 49%] Linking CXX shared library libarm_msgs__rosidl_typesupport_cpp.so
[14.099s] [ 49%] Built target arm_msgs__rosidl_typesupport_cpp
[14.123s] [ 50%] Building CXX object CMakeFiles/arm_msgs__rosidl_typesupport_fastrtps_cpp.dir/rosidl_typesupport_fastrtps_cpp/arm_msgs/action/detail/dds_fastrtps/arm_task__type_support.cpp.o
[14.281s] [ 52%] Building CXX object CMakeFiles/arm_msgs__rosidl_typesupport_introspection_cpp.dir/rosidl_typesupport_introspection_cpp/arm_msgs/action/detail/arm_task__type_support.cpp.o
[14.508s] [ 53%] Generating C introspection for ROS interfaces
[14.521s] [ 55%] Linking CXX shared library libarm_msgs__rosidl_typesupport_fastrtps_c.so
[14.904s] [ 55%] Built target arm_msgs__rosidl_typesupport_fastrtps_c
[14.959s] [ 57%] Generating C type support dispatch for ROS interfaces
[15.473s] [ 58%] Linking CXX shared library libarm_msgs__rosidl_typesupport_fastrtps_cpp.so
[15.754s] [ 60%] Linking CXX shared library libarm_msgs__rosidl_typesupport_introspection_cpp.so
[15.791s] [ 60%] Built target arm_msgs__rosidl_typesupport_fastrtps_cpp
[15.970s] [ 60%] Built target arm_msgs__rosidl_typesupport_introspection_cpp
[16.174s] Consolidate compiler generated dependencies of target arm_msgs__rosidl_typesupport_c
[16.195s] [ 61%] Building CXX object CMakeFiles/arm_msgs__rosidl_typesupport_c.dir/rosidl_typesupport_c/arm_msgs/srv/add_two_ints__type_support.cpp.o
[16.196s] [ 63%] Building CXX object CMakeFiles/arm_msgs__rosidl_typesupport_c.dir/rosidl_typesupport_c/arm_msgs/srv/euler_to_quaternion__type_support.cpp.o
[16.201s] [ 65%] Building CXX object CMakeFiles/arm_msgs__rosidl_typesupport_c.dir/rosidl_typesupport_c/arm_msgs/srv/quaternion_to_euler__type_support.cpp.o
[16.210s] Consolidate compiler generated dependencies of target arm_msgs__rosidl_typesupport_introspection_c
[16.251s] [ 66%] Building C object CMakeFiles/arm_msgs__rosidl_typesupport_introspection_c.dir/rosidl_typesupport_introspection_c/arm_msgs/srv/detail/add_two_ints__type_support.c.o
[16.277s] [ 68%] Building CXX object CMakeFiles/arm_msgs__rosidl_typesupport_c.dir/rosidl_typesupport_c/arm_msgs/action/arm_task__type_support.cpp.o
[16.280s] [ 69%] Building CXX object CMakeFiles/arm_msgs__rosidl_typesupport_c.dir/rosidl_typesupport_c/arm_msgs/action/fibonacci__type_support.cpp.o
[16.283s] [ 71%] Building C object CMakeFiles/arm_msgs__rosidl_typesupport_introspection_c.dir/rosidl_typesupport_introspection_c/arm_msgs/srv/detail/euler_to_quaternion__type_support.c.o
[16.387s] [ 73%] Building C object CMakeFiles/arm_msgs__rosidl_typesupport_introspection_c.dir/rosidl_typesupport_introspection_c/arm_msgs/srv/detail/quaternion_to_euler__type_support.c.o
[16.411s] [ 74%] Building C object CMakeFiles/arm_msgs__rosidl_typesupport_introspection_c.dir/rosidl_typesupport_introspection_c/arm_msgs/action/detail/fibonacci__type_support.c.o
[16.427s] [ 76%] Building C object CMakeFiles/arm_msgs__rosidl_typesupport_introspection_c.dir/rosidl_typesupport_introspection_c/arm_msgs/action/detail/arm_task__type_support.c.o
[16.427s] [ 77%] Linking CXX shared library libarm_msgs__rosidl_typesupport_c.so
[16.542s] [ 77%] Built target arm_msgs__rosidl_typesupport_c
[16.551s] [ 79%] Linking C shared library libarm_msgs__rosidl_typesupport_introspection_c.so
[16.649s] [ 79%] Built target arm_msgs__rosidl_typesupport_introspection_c
[16.711s] [ 79%] Built target arm_msgs
[16.789s] [ 80%] Generating Python code for ROS interfaces
[20.942s] [ 80%] Built target arm_msgs__py
[20.984s] Consolidate compiler generated dependencies of target arm_msgs__rosidl_generator_py
[21.022s] [ 82%] Building C object CMakeFiles/arm_msgs__rosidl_generator_py.dir/rosidl_generator_py/arm_msgs/srv/_add_two_ints_s.c.o
[21.022s] [ 84%] Building C object CMakeFiles/arm_msgs__rosidl_generator_py.dir/rosidl_generator_py/arm_msgs/action/_fibonacci_s.c.o
[21.036s] [ 85%] Building C object CMakeFiles/arm_msgs__rosidl_generator_py.dir/rosidl_generator_py/arm_msgs/srv/_euler_to_quaternion_s.c.o
[21.041s] [ 87%] Building C object CMakeFiles/arm_msgs__rosidl_generator_py.dir/rosidl_generator_py/arm_msgs/srv/_quaternion_to_euler_s.c.o
[21.415s] [ 88%] Building C object CMakeFiles/arm_msgs__rosidl_generator_py.dir/rosidl_generator_py/arm_msgs/action/_arm_task_s.c.o
[21.808s] [ 90%] Linking C shared library rosidl_generator_py/arm_msgs/libarm_msgs__rosidl_generator_py.so
[21.937s] [ 90%] Built target arm_msgs__rosidl_generator_py
[21.991s] Consolidate compiler generated dependencies of target arm_msgs__rosidl_typesupport_introspection_c__pyext
[21.991s] Consolidate compiler generated dependencies of target arm_msgs__rosidl_typesupport_c__pyext
[21.991s] Consolidate compiler generated dependencies of target arm_msgs__rosidl_typesupport_fastrtps_c__pyext
[22.028s] [ 92%] Building C object CMakeFiles/arm_msgs__rosidl_typesupport_c__pyext.dir/rosidl_generator_py/arm_msgs/_arm_msgs_s.ep.rosidl_typesupport_c.c.o
[22.034s] [ 93%] Building C object CMakeFiles/arm_msgs__rosidl_typesupport_introspection_c__pyext.dir/rosidl_generator_py/arm_msgs/_arm_msgs_s.ep.rosidl_typesupport_introspection_c.c.o
[22.036s] [ 95%] Building C object CMakeFiles/arm_msgs__rosidl_typesupport_fastrtps_c__pyext.dir/rosidl_generator_py/arm_msgs/_arm_msgs_s.ep.rosidl_typesupport_fastrtps_c.c.o
[22.546s] [ 96%] Linking C shared library rosidl_generator_py/arm_msgs/arm_msgs_s__rosidl_typesupport_fastrtps_c.cpython-310-x86_64-linux-gnu.so
[22.560s] [ 98%] Linking C shared library rosidl_generator_py/arm_msgs/arm_msgs_s__rosidl_typesupport_c.cpython-310-x86_64-linux-gnu.so
[22.647s] [100%] Linking C shared library rosidl_generator_py/arm_msgs/arm_msgs_s__rosidl_typesupport_introspection_c.cpython-310-x86_64-linux-gnu.so
[22.715s] [100%] Built target arm_msgs__rosidl_typesupport_fastrtps_c__pyext
[22.776s] [100%] Built target arm_msgs__rosidl_typesupport_c__pyext
[22.813s] [100%] Built target arm_msgs__rosidl_typesupport_introspection_c__pyext
[30.008s] Invoked command in '/home/ros/arm_ws/build/arm_msgs' returned '0': CMAKE_PREFIX_PATH=/opt/ros/humble /usr/bin/cmake --build /home/ros/arm_ws/build/arm_msgs -- -j4 -l4
[30.032s] Invoking command in '/home/ros/arm_ws/build/arm_msgs': CMAKE_PREFIX_PATH=/opt/ros/humble /usr/bin/cmake --install /home/ros/arm_ws/build/arm_msgs
[30.060s] -- Install configuration: ""
[30.060s] -- Up-to-date: /home/ros/arm_ws/install/arm_msgs/share/ament_index/resource_index/rosidl_interfaces/arm_msgs
[30.061s] -- Up-to-date: /home/ros/arm_ws/install/arm_msgs/include/arm_msgs/arm_msgs
[30.061s] -- Up-to-date: /home/ros/arm_ws/install/arm_msgs/include/arm_msgs/arm_msgs/msg
[30.061s] -- Up-to-date: /home/ros/arm_ws/install/arm_msgs/include/arm_msgs/arm_msgs/msg/rosidl_generator_c__visibility_control.h
[30.061s] -- Up-to-date: /home/ros/arm_ws/install/arm_msgs/include/arm_msgs/arm_msgs/srv
[30.062s] -- Installing: /home/ros/arm_ws/install/arm_msgs/include/arm_msgs/arm_msgs/srv/euler_to_quaternion.h
[30.063s] -- Up-to-date: /home/ros/arm_ws/install/arm_msgs/include/arm_msgs/arm_msgs/srv/detail
[30.063s] -- Installing: /home/ros/arm_ws/install/arm_msgs/include/arm_msgs/arm_msgs/srv/detail/quaternion_to_euler__functions.c
[30.063s] -- Installing: /home/ros/arm_ws/install/arm_msgs/include/arm_msgs/arm_msgs/srv/detail/euler_to_quaternion__functions.c
[30.063s] -- Installing: /home/ros/arm_ws/install/arm_msgs/include/arm_msgs/arm_msgs/srv/detail/quaternion_to_euler__struct.h
[30.063s] -- Installing: /home/ros/arm_ws/install/arm_msgs/include/arm_msgs/arm_msgs/srv/detail/add_two_ints__functions.c
[30.063s] -- Installing: /home/ros/arm_ws/install/arm_msgs/include/arm_msgs/arm_msgs/srv/detail/euler_to_quaternion__functions.h
[30.064s] -- Installing: /home/ros/arm_ws/install/arm_msgs/include/arm_msgs/arm_msgs/srv/detail/add_two_ints__type_support.h
[30.069s] -- Installing: /home/ros/arm_ws/install/arm_msgs/include/arm_msgs/arm_msgs/srv/detail/euler_to_quaternion__type_support.h
[30.070s] -- Installing: /home/ros/arm_ws/install/arm_msgs/include/arm_msgs/arm_msgs/srv/detail/quaternion_to_euler__functions.h
[30.071s] -- Installing: /home/ros/arm_ws/install/arm_msgs/include/arm_msgs/arm_msgs/srv/detail/quaternion_to_euler__type_support.h
[30.072s] -- Installing: /home/ros/arm_ws/install/arm_msgs/include/arm_msgs/arm_msgs/srv/detail/add_two_ints__functions.h
[30.072s] -- Installing: /home/ros/arm_ws/install/arm_msgs/include/arm_msgs/arm_msgs/srv/detail/add_two_ints__struct.h
[30.072s] -- Installing: /home/ros/arm_ws/install/arm_msgs/include/arm_msgs/arm_msgs/srv/detail/euler_to_quaternion__struct.h
[30.073s] -- Installing: /home/ros/arm_ws/install/arm_msgs/include/arm_msgs/arm_msgs/srv/add_two_ints.h
[30.073s] -- Installing: /home/ros/arm_ws/install/arm_msgs/include/arm_msgs/arm_msgs/srv/quaternion_to_euler.h
[30.074s] -- Up-to-date: /home/ros/arm_ws/install/arm_msgs/include/arm_msgs/arm_msgs/action
[30.074s] -- Installing: /home/ros/arm_ws/install/arm_msgs/include/arm_msgs/arm_msgs/action/fibonacci.h
[30.074s] -- Installing: /home/ros/arm_ws/install/arm_msgs/include/arm_msgs/arm_msgs/action/arm_task.h
[30.074s] -- Up-to-date: /home/ros/arm_ws/install/arm_msgs/include/arm_msgs/arm_msgs/action/detail
[30.075s] -- Installing: /home/ros/arm_ws/install/arm_msgs/include/arm_msgs/arm_msgs/action/detail/fibonacci__functions.c
[30.075s] -- Installing: /home/ros/arm_ws/install/arm_msgs/include/arm_msgs/arm_msgs/action/detail/arm_task__struct.h
[30.075s] -- Installing: /home/ros/arm_ws/install/arm_msgs/include/arm_msgs/arm_msgs/action/detail/fibonacci__functions.h
[30.076s] -- Installing: /home/ros/arm_ws/install/arm_msgs/include/arm_msgs/arm_msgs/action/detail/fibonacci__struct.h
[30.076s] -- Installing: /home/ros/arm_ws/install/arm_msgs/include/arm_msgs/arm_msgs/action/detail/arm_task__functions.c
[30.076s] -- Installing: /home/ros/arm_ws/install/arm_msgs/include/arm_msgs/arm_msgs/action/detail/arm_task__functions.h
[30.076s] -- Installing: /home/ros/arm_ws/install/arm_msgs/include/arm_msgs/arm_msgs/action/detail/arm_task__type_support.h
[30.077s] -- Installing: /home/ros/arm_ws/install/arm_msgs/include/arm_msgs/arm_msgs/action/detail/fibonacci__type_support.h
[30.077s] -- Installing: /home/ros/arm_ws/install/arm_msgs/share/arm_msgs/environment/library_path.sh
[30.078s] -- Installing: /home/ros/arm_ws/install/arm_msgs/share/arm_msgs/environment/library_path.dsv
[30.080s] -- Installing: /home/ros/arm_ws/install/arm_msgs/lib/libarm_msgs__rosidl_generator_c.so
[30.082s] -- Set runtime path of "/home/ros/arm_ws/install/arm_msgs/lib/libarm_msgs__rosidl_generator_c.so" to ""
[30.082s] -- Up-to-date: /home/ros/arm_ws/install/arm_msgs/include/arm_msgs/arm_msgs
[30.085s] -- Up-to-date: /home/ros/arm_ws/install/arm_msgs/include/arm_msgs/arm_msgs/msg
[30.086s] -- Up-to-date: /home/ros/arm_ws/install/arm_msgs/include/arm_msgs/arm_msgs/msg/rosidl_typesupport_fastrtps_c__visibility_control.h
[30.086s] -- Up-to-date: /home/ros/arm_ws/install/arm_msgs/include/arm_msgs/arm_msgs/srv
[30.086s] -- Up-to-date: /home/ros/arm_ws/install/arm_msgs/include/arm_msgs/arm_msgs/srv/detail
[30.086s] -- Installing: /home/ros/arm_ws/install/arm_msgs/include/arm_msgs/arm_msgs/srv/detail/quaternion_to_euler__rosidl_typesupport_fastrtps_c.h
[30.086s] -- Installing: /home/ros/arm_ws/install/arm_msgs/include/arm_msgs/arm_msgs/srv/detail/euler_to_quaternion__rosidl_typesupport_fastrtps_c.h
[30.087s] -- Installing: /home/ros/arm_ws/install/arm_msgs/include/arm_msgs/arm_msgs/srv/detail/add_two_ints__rosidl_typesupport_fastrtps_c.h
[30.087s] -- Up-to-date: /home/ros/arm_ws/install/arm_msgs/include/arm_msgs/arm_msgs/action
[30.087s] -- Up-to-date: /home/ros/arm_ws/install/arm_msgs/include/arm_msgs/arm_msgs/action/detail
[30.087s] -- Installing: /home/ros/arm_ws/install/arm_msgs/include/arm_msgs/arm_msgs/action/detail/arm_task__rosidl_typesupport_fastrtps_c.h
[30.087s] -- Installing: /home/ros/arm_ws/install/arm_msgs/include/arm_msgs/arm_msgs/action/detail/fibonacci__rosidl_typesupport_fastrtps_c.h
[30.088s] -- Installing: /home/ros/arm_ws/install/arm_msgs/lib/libarm_msgs__rosidl_typesupport_fastrtps_c.so
[30.089s] -- Set runtime path of "/home/ros/arm_ws/install/arm_msgs/lib/libarm_msgs__rosidl_typesupport_fastrtps_c.so" to ""
[30.089s] -- Up-to-date: /home/ros/arm_ws/install/arm_msgs/include/arm_msgs/arm_msgs
[30.089s] -- Up-to-date: /home/ros/arm_ws/install/arm_msgs/include/arm_msgs/arm_msgs/msg
[30.089s] -- Installing: /home/ros/arm_ws/install/arm_msgs/include/arm_msgs/arm_msgs/msg/rosidl_generator_cpp__visibility_control.hpp
[30.090s] -- Up-to-date: /home/ros/arm_ws/install/arm_msgs/include/arm_msgs/arm_msgs/srv
[30.090s] -- Installing: /home/ros/arm_ws/install/arm_msgs/include/arm_msgs/arm_msgs/srv/euler_to_quaternion.hpp
[30.091s] -- Installing: /home/ros/arm_ws/install/arm_msgs/include/arm_msgs/arm_msgs/srv/quaternion_to_euler.hpp
[30.091s] -- Up-to-date: /home/ros/arm_ws/install/arm_msgs/include/arm_msgs/arm_msgs/srv/detail
[30.091s] -- Installing: /home/ros/arm_ws/install/arm_msgs/include/arm_msgs/arm_msgs/srv/detail/euler_to_quaternion__traits.hpp
[30.092s] -- Installing: /home/ros/arm_ws/install/arm_msgs/include/arm_msgs/arm_msgs/srv/detail/euler_to_quaternion__type_support.hpp
[30.092s] -- Installing: /home/ros/arm_ws/install/arm_msgs/include/arm_msgs/arm_msgs/srv/detail/euler_to_quaternion__struct.hpp
[30.093s] -- Installing: /home/ros/arm_ws/install/arm_msgs/include/arm_msgs/arm_msgs/srv/detail/quaternion_to_euler__struct.hpp
[30.093s] -- Installing: /home/ros/arm_ws/install/arm_msgs/include/arm_msgs/arm_msgs/srv/detail/euler_to_quaternion__builder.hpp
[30.094s] -- Installing: /home/ros/arm_ws/install/arm_msgs/include/arm_msgs/arm_msgs/srv/detail/add_two_ints__traits.hpp
[30.094s] -- Installing: /home/ros/arm_ws/install/arm_msgs/include/arm_msgs/arm_msgs/srv/detail/add_two_ints__type_support.hpp
[30.094s] -- Installing: /home/ros/arm_ws/install/arm_msgs/include/arm_msgs/arm_msgs/srv/detail/quaternion_to_euler__type_support.hpp
[30.094s] -- Installing: /home/ros/arm_ws/install/arm_msgs/include/arm_msgs/arm_msgs/srv/detail/quaternion_to_euler__traits.hpp
[30.094s] -- Installing: /home/ros/arm_ws/install/arm_msgs/include/arm_msgs/arm_msgs/srv/detail/quaternion_to_euler__builder.hpp
[30.094s] -- Installing: /home/ros/arm_ws/install/arm_msgs/include/arm_msgs/arm_msgs/srv/detail/add_two_ints__builder.hpp
[30.094s] -- Installing: /home/ros/arm_ws/install/arm_msgs/include/arm_msgs/arm_msgs/srv/detail/add_two_ints__struct.hpp
[30.094s] -- Installing: /home/ros/arm_ws/install/arm_msgs/include/arm_msgs/arm_msgs/srv/add_two_ints.hpp
[30.094s] -- Up-to-date: /home/ros/arm_ws/install/arm_msgs/include/arm_msgs/arm_msgs/action
[30.095s] -- Installing: /home/ros/arm_ws/install/arm_msgs/include/arm_msgs/arm_msgs/action/arm_task.hpp
[30.095s] -- Up-to-date: /home/ros/arm_ws/install/arm_msgs/include/arm_msgs/arm_msgs/action/detail
[30.096s] -- Installing: /home/ros/arm_ws/install/arm_msgs/include/arm_msgs/arm_msgs/action/detail/fibonacci__builder.hpp
[30.096s] -- Installing: /home/ros/arm_ws/install/arm_msgs/include/arm_msgs/arm_msgs/action/detail/fibonacci__traits.hpp
[30.096s] -- Installing: /home/ros/arm_ws/install/arm_msgs/include/arm_msgs/arm_msgs/action/detail/arm_task__builder.hpp
[30.096s] -- Installing: /home/ros/arm_ws/install/arm_msgs/include/arm_msgs/arm_msgs/action/detail/arm_task__traits.hpp
[30.096s] -- Installing: /home/ros/arm_ws/install/arm_msgs/include/arm_msgs/arm_msgs/action/detail/fibonacci__type_support.hpp
[30.097s] -- Installing: /home/ros/arm_ws/install/arm_msgs/include/arm_msgs/arm_msgs/action/detail/arm_task__struct.hpp
[30.097s] -- Installing: /home/ros/arm_ws/install/arm_msgs/include/arm_msgs/arm_msgs/action/detail/arm_task__type_support.hpp
[30.097s] -- Installing: /home/ros/arm_ws/install/arm_msgs/include/arm_msgs/arm_msgs/action/detail/fibonacci__struct.hpp
[30.098s] -- Installing: /home/ros/arm_ws/install/arm_msgs/include/arm_msgs/arm_msgs/action/fibonacci.hpp
[30.099s] -- Up-to-date: /home/ros/arm_ws/install/arm_msgs/include/arm_msgs/arm_msgs
[30.099s] -- Up-to-date: /home/ros/arm_ws/install/arm_msgs/include/arm_msgs/arm_msgs/msg
[30.099s] -- Up-to-date: /home/ros/arm_ws/install/arm_msgs/include/arm_msgs/arm_msgs/msg/rosidl_typesupport_fastrtps_cpp__visibility_control.h
[30.099s] -- Up-to-date: /home/ros/arm_ws/install/arm_msgs/include/arm_msgs/arm_msgs/srv
[30.099s] -- Up-to-date: /home/ros/arm_ws/install/arm_msgs/include/arm_msgs/arm_msgs/srv/detail
[30.100s] -- Installing: /home/ros/arm_ws/install/arm_msgs/include/arm_msgs/arm_msgs/srv/detail/quaternion_to_euler__rosidl_typesupport_fastrtps_cpp.hpp
[30.100s] -- Installing: /home/ros/arm_ws/install/arm_msgs/include/arm_msgs/arm_msgs/srv/detail/add_two_ints__rosidl_typesupport_fastrtps_cpp.hpp
[30.100s] -- Up-to-date: /home/ros/arm_ws/install/arm_msgs/include/arm_msgs/arm_msgs/srv/detail/dds_fastrtps
[30.100s] -- Installing: /home/ros/arm_ws/install/arm_msgs/include/arm_msgs/arm_msgs/srv/detail/euler_to_quaternion__rosidl_typesupport_fastrtps_cpp.hpp
[30.100s] -- Up-to-date: /home/ros/arm_ws/install/arm_msgs/include/arm_msgs/arm_msgs/action
[30.101s] -- Up-to-date: /home/ros/arm_ws/install/arm_msgs/include/arm_msgs/arm_msgs/action/detail
[30.101s] -- Up-to-date: /home/ros/arm_ws/install/arm_msgs/include/arm_msgs/arm_msgs/action/detail/dds_fastrtps
[30.101s] -- Installing: /home/ros/arm_ws/install/arm_msgs/include/arm_msgs/arm_msgs/action/detail/fibonacci__rosidl_typesupport_fastrtps_cpp.hpp
[30.101s] -- Installing: /home/ros/arm_ws/install/arm_msgs/include/arm_msgs/arm_msgs/action/detail/arm_task__rosidl_typesupport_fastrtps_cpp.hpp
[30.103s] -- Installing: /home/ros/arm_ws/install/arm_msgs/lib/libarm_msgs__rosidl_typesupport_fastrtps_cpp.so
[30.104s] -- Set runtime path of "/home/ros/arm_ws/install/arm_msgs/lib/libarm_msgs__rosidl_typesupport_fastrtps_cpp.so" to ""
[30.105s] -- Up-to-date: /home/ros/arm_ws/install/arm_msgs/include/arm_msgs/arm_msgs
[30.105s] -- Up-to-date: /home/ros/arm_ws/install/arm_msgs/include/arm_msgs/arm_msgs/msg
[30.105s] -- Up-to-date: /home/ros/arm_ws/install/arm_msgs/include/arm_msgs/arm_msgs/msg/rosidl_typesupport_introspection_c__visibility_control.h
[30.105s] -- Up-to-date: /home/ros/arm_ws/install/arm_msgs/include/arm_msgs/arm_msgs/srv
[30.105s] -- Up-to-date: /home/ros/arm_ws/install/arm_msgs/include/arm_msgs/arm_msgs/srv/detail
[30.106s] -- Installing: /home/ros/arm_ws/install/arm_msgs/include/arm_msgs/arm_msgs/srv/detail/euler_to_quaternion__rosidl_typesupport_introspection_c.h
[30.106s] -- Installing: /home/ros/arm_ws/install/arm_msgs/include/arm_msgs/arm_msgs/srv/detail/euler_to_quaternion__type_support.c
[30.107s] -- Installing: /home/ros/arm_ws/install/arm_msgs/include/arm_msgs/arm_msgs/srv/detail/quaternion_to_euler__rosidl_typesupport_introspection_c.h
[30.107s] -- Installing: /home/ros/arm_ws/install/arm_msgs/include/arm_msgs/arm_msgs/srv/detail/add_two_ints__rosidl_typesupport_introspection_c.h
[30.107s] -- Installing: /home/ros/arm_ws/install/arm_msgs/include/arm_msgs/arm_msgs/srv/detail/add_two_ints__type_support.c
[30.108s] -- Installing: /home/ros/arm_ws/install/arm_msgs/include/arm_msgs/arm_msgs/srv/detail/quaternion_to_euler__type_support.c
[30.108s] -- Up-to-date: /home/ros/arm_ws/install/arm_msgs/include/arm_msgs/arm_msgs/action
[30.108s] -- Up-to-date: /home/ros/arm_ws/install/arm_msgs/include/arm_msgs/arm_msgs/action/detail
[30.108s] -- Installing: /home/ros/arm_ws/install/arm_msgs/include/arm_msgs/arm_msgs/action/detail/arm_task__type_support.c
[30.108s] -- Installing: /home/ros/arm_ws/install/arm_msgs/include/arm_msgs/arm_msgs/action/detail/fibonacci__type_support.c
[30.108s] -- Installing: /home/ros/arm_ws/install/arm_msgs/include/arm_msgs/arm_msgs/action/detail/fibonacci__rosidl_typesupport_introspection_c.h
[30.108s] -- Installing: /home/ros/arm_ws/install/arm_msgs/include/arm_msgs/arm_msgs/action/detail/arm_task__rosidl_typesupport_introspection_c.h
[30.111s] -- Installing: /home/ros/arm_ws/install/arm_msgs/lib/libarm_msgs__rosidl_typesupport_introspection_c.so
[30.112s] -- Set runtime path of "/home/ros/arm_ws/install/arm_msgs/lib/libarm_msgs__rosidl_typesupport_introspection_c.so" to ""
[30.115s] -- Installing: /home/ros/arm_ws/install/arm_msgs/lib/libarm_msgs__rosidl_typesupport_c.so
[30.117s] -- Set runtime path of "/home/ros/arm_ws/install/arm_msgs/lib/libarm_msgs__rosidl_typesupport_c.so" to ""
[30.117s] -- Up-to-date: /home/ros/arm_ws/install/arm_msgs/include/arm_msgs/arm_msgs
[30.118s] -- Up-to-date: /home/ros/arm_ws/install/arm_msgs/include/arm_msgs/arm_msgs/srv
[30.118s] -- Up-to-date: /home/ros/arm_ws/install/arm_msgs/include/arm_msgs/arm_msgs/srv/detail
[30.118s] -- Installing: /home/ros/arm_ws/install/arm_msgs/include/arm_msgs/arm_msgs/srv/detail/add_two_ints__type_support.cpp
[30.118s] -- Installing: /home/ros/arm_ws/install/arm_msgs/include/arm_msgs/arm_msgs/srv/detail/quaternion_to_euler__type_support.cpp
[30.119s] -- Installing: /home/ros/arm_ws/install/arm_msgs/include/arm_msgs/arm_msgs/srv/detail/euler_to_quaternion__type_support.cpp
[30.119s] -- Installing: /home/ros/arm_ws/install/arm_msgs/include/arm_msgs/arm_msgs/srv/detail/euler_to_quaternion__rosidl_typesupport_introspection_cpp.hpp
[30.119s] -- Installing: /home/ros/arm_ws/install/arm_msgs/include/arm_msgs/arm_msgs/srv/detail/add_two_ints__rosidl_typesupport_introspection_cpp.hpp
[30.120s] -- Installing: /home/ros/arm_ws/install/arm_msgs/include/arm_msgs/arm_msgs/srv/detail/quaternion_to_euler__rosidl_typesupport_introspection_cpp.hpp
[30.120s] -- Up-to-date: /home/ros/arm_ws/install/arm_msgs/include/arm_msgs/arm_msgs/action
[30.120s] -- Up-to-date: /home/ros/arm_ws/install/arm_msgs/include/arm_msgs/arm_msgs/action/detail
[30.120s] -- Installing: /home/ros/arm_ws/install/arm_msgs/include/arm_msgs/arm_msgs/action/detail/fibonacci__rosidl_typesupport_introspection_cpp.hpp
[30.120s] -- Installing: /home/ros/arm_ws/install/arm_msgs/include/arm_msgs/arm_msgs/action/detail/arm_task__rosidl_typesupport_introspection_cpp.hpp
[30.121s] -- Installing: /home/ros/arm_ws/install/arm_msgs/include/arm_msgs/arm_msgs/action/detail/fibonacci__type_support.cpp
[30.121s] -- Installing: /home/ros/arm_ws/install/arm_msgs/include/arm_msgs/arm_msgs/action/detail/arm_task__type_support.cpp
[30.122s] -- Installing: /home/ros/arm_ws/install/arm_msgs/lib/libarm_msgs__rosidl_typesupport_introspection_cpp.so
[30.123s] -- Set runtime path of "/home/ros/arm_ws/install/arm_msgs/lib/libarm_msgs__rosidl_typesupport_introspection_cpp.so" to ""
[30.124s] -- Installing: /home/ros/arm_ws/install/arm_msgs/lib/libarm_msgs__rosidl_typesupport_cpp.so
[30.125s] -- Set runtime path of "/home/ros/arm_ws/install/arm_msgs/lib/libarm_msgs__rosidl_typesupport_cpp.so" to ""
[30.125s] -- Up-to-date: /home/ros/arm_ws/install/arm_msgs/share/arm_msgs/environment/pythonpath.sh
[30.125s] -- Installing: /home/ros/arm_ws/install/arm_msgs/share/arm_msgs/environment/pythonpath.dsv
[30.126s] -- Up-to-date: /home/ros/arm_ws/install/arm_msgs/local/lib/python3.10/dist-packages/arm_msgs-0.0.0-py3.10.egg-info
[30.126s] -- Installing: /home/ros/arm_ws/install/arm_msgs/local/lib/python3.10/dist-packages/arm_msgs-0.0.0-py3.10.egg-info/dependency_links.txt
[30.127s] -- Installing: /home/ros/arm_ws/install/arm_msgs/local/lib/python3.10/dist-packages/arm_msgs-0.0.0-py3.10.egg-info/SOURCES.txt
[30.127s] -- Installing: /home/ros/arm_ws/install/arm_msgs/local/lib/python3.10/dist-packages/arm_msgs-0.0.0-py3.10.egg-info/PKG-INFO
[30.127s] -- Installing: /home/ros/arm_ws/install/arm_msgs/local/lib/python3.10/dist-packages/arm_msgs-0.0.0-py3.10.egg-info/top_level.txt
[30.127s] -- Up-to-date: /home/ros/arm_ws/install/arm_msgs/local/lib/python3.10/dist-packages/arm_msgs
[30.127s] -- Installing: /home/ros/arm_ws/install/arm_msgs/local/lib/python3.10/dist-packages/arm_msgs/arm_msgs_s__rosidl_typesupport_introspection_c.cpython-310-x86_64-linux-gnu.so
[30.129s] -- Installing: /home/ros/arm_ws/install/arm_msgs/local/lib/python3.10/dist-packages/arm_msgs/_arm_msgs_s.ep.rosidl_typesupport_c.c
[30.129s] -- Installing: /home/ros/arm_ws/install/arm_msgs/local/lib/python3.10/dist-packages/arm_msgs/_arm_msgs_s.ep.rosidl_typesupport_fastrtps_c.c
[30.129s] -- Installing: /home/ros/arm_ws/install/arm_msgs/local/lib/python3.10/dist-packages/arm_msgs/libarm_msgs__rosidl_generator_py.so
[30.129s] -- Installing: /home/ros/arm_ws/install/arm_msgs/local/lib/python3.10/dist-packages/arm_msgs/_arm_msgs_s.ep.rosidl_typesupport_introspection_c.c
[30.130s] -- Installing: /home/ros/arm_ws/install/arm_msgs/local/lib/python3.10/dist-packages/arm_msgs/arm_msgs_s__rosidl_typesupport_c.cpython-310-x86_64-linux-gnu.so
[30.130s] -- Installing: /home/ros/arm_ws/install/arm_msgs/local/lib/python3.10/dist-packages/arm_msgs/__init__.py
[30.131s] -- Up-to-date: /home/ros/arm_ws/install/arm_msgs/local/lib/python3.10/dist-packages/arm_msgs/srv
[30.131s] -- Installing: /home/ros/arm_ws/install/arm_msgs/local/lib/python3.10/dist-packages/arm_msgs/srv/_add_two_ints.py
[30.131s] -- Installing: /home/ros/arm_ws/install/arm_msgs/local/lib/python3.10/dist-packages/arm_msgs/srv/_add_two_ints_s.c
[30.131s] -- Installing: /home/ros/arm_ws/install/arm_msgs/local/lib/python3.10/dist-packages/arm_msgs/srv/_quaternion_to_euler.py
[30.132s] -- Installing: /home/ros/arm_ws/install/arm_msgs/local/lib/python3.10/dist-packages/arm_msgs/srv/__init__.py
[30.132s] -- Installing: /home/ros/arm_ws/install/arm_msgs/local/lib/python3.10/dist-packages/arm_msgs/srv/_euler_to_quaternion_s.c
[30.132s] -- Installing: /home/ros/arm_ws/install/arm_msgs/local/lib/python3.10/dist-packages/arm_msgs/srv/_euler_to_quaternion.py
[30.133s] -- Installing: /home/ros/arm_ws/install/arm_msgs/local/lib/python3.10/dist-packages/arm_msgs/srv/_quaternion_to_euler_s.c
[30.133s] -- Up-to-date: /home/ros/arm_ws/install/arm_msgs/local/lib/python3.10/dist-packages/arm_msgs/action
[30.133s] -- Installing: /home/ros/arm_ws/install/arm_msgs/local/lib/python3.10/dist-packages/arm_msgs/action/_fibonacci.py
[30.134s] -- Installing: /home/ros/arm_ws/install/arm_msgs/local/lib/python3.10/dist-packages/arm_msgs/action/_arm_task.py
[30.134s] -- Installing: /home/ros/arm_ws/install/arm_msgs/local/lib/python3.10/dist-packages/arm_msgs/action/_arm_task_s.c
[30.135s] -- Installing: /home/ros/arm_ws/install/arm_msgs/local/lib/python3.10/dist-packages/arm_msgs/action/__init__.py
[30.135s] -- Installing: /home/ros/arm_ws/install/arm_msgs/local/lib/python3.10/dist-packages/arm_msgs/action/_fibonacci_s.c
[30.135s] -- Installing: /home/ros/arm_ws/install/arm_msgs/local/lib/python3.10/dist-packages/arm_msgs/arm_msgs_s__rosidl_typesupport_fastrtps_c.cpython-310-x86_64-linux-gnu.so
[30.225s] Listing '/home/ros/arm_ws/install/arm_msgs/local/lib/python3.10/dist-packages/arm_msgs'...
[30.225s] Compiling '/home/ros/arm_ws/install/arm_msgs/local/lib/python3.10/dist-packages/arm_msgs/__init__.py'...
[30.225s] Listing '/home/ros/arm_ws/install/arm_msgs/local/lib/python3.10/dist-packages/arm_msgs/action'...
[30.225s] Compiling '/home/ros/arm_ws/install/arm_msgs/local/lib/python3.10/dist-packages/arm_msgs/action/__init__.py'...
[30.225s] Compiling '/home/ros/arm_ws/install/arm_msgs/local/lib/python3.10/dist-packages/arm_msgs/action/_arm_task.py'...
[30.225s] Compiling '/home/ros/arm_ws/install/arm_msgs/local/lib/python3.10/dist-packages/arm_msgs/action/_fibonacci.py'...
[30.225s] Listing '/home/ros/arm_ws/install/arm_msgs/local/lib/python3.10/dist-packages/arm_msgs/srv'...
[30.225s] Compiling '/home/ros/arm_ws/install/arm_msgs/local/lib/python3.10/dist-packages/arm_msgs/srv/__init__.py'...
[30.226s] Compiling '/home/ros/arm_ws/install/arm_msgs/local/lib/python3.10/dist-packages/arm_msgs/srv/_add_two_ints.py'...
[30.226s] Compiling '/home/ros/arm_ws/install/arm_msgs/local/lib/python3.10/dist-packages/arm_msgs/srv/_euler_to_quaternion.py'...
[30.226s] Compiling '/home/ros/arm_ws/install/arm_msgs/local/lib/python3.10/dist-packages/arm_msgs/srv/_quaternion_to_euler.py'...
[30.235s] -- Installing: /home/ros/arm_ws/install/arm_msgs/local/lib/python3.10/dist-packages/arm_msgs/arm_msgs_s__rosidl_typesupport_fastrtps_c.cpython-310-x86_64-linux-gnu.so
[30.236s] -- Set runtime path of "/home/ros/arm_ws/install/arm_msgs/local/lib/python3.10/dist-packages/arm_msgs/arm_msgs_s__rosidl_typesupport_fastrtps_c.cpython-310-x86_64-linux-gnu.so" to ""
[30.236s] -- Installing: /home/ros/arm_ws/install/arm_msgs/local/lib/python3.10/dist-packages/arm_msgs/arm_msgs_s__rosidl_typesupport_introspection_c.cpython-310-x86_64-linux-gnu.so
[30.238s] -- Set runtime path of "/home/ros/arm_ws/install/arm_msgs/local/lib/python3.10/dist-packages/arm_msgs/arm_msgs_s__rosidl_typesupport_introspection_c.cpython-310-x86_64-linux-gnu.so" to ""
[30.238s] -- Installing: /home/ros/arm_ws/install/arm_msgs/local/lib/python3.10/dist-packages/arm_msgs/arm_msgs_s__rosidl_typesupport_c.cpython-310-x86_64-linux-gnu.so
[30.240s] -- Set runtime path of "/home/ros/arm_ws/install/arm_msgs/local/lib/python3.10/dist-packages/arm_msgs/arm_msgs_s__rosidl_typesupport_c.cpython-310-x86_64-linux-gnu.so" to ""
[30.243s] -- Installing: /home/ros/arm_ws/install/arm_msgs/lib/libarm_msgs__rosidl_generator_py.so
[30.244s] -- Set runtime path of "/home/ros/arm_ws/install/arm_msgs/lib/libarm_msgs__rosidl_generator_py.so" to ""
[30.244s] -- Up-to-date: /home/ros/arm_ws/install/arm_msgs/share/arm_msgs/srv/AddTwoInts.idl
[30.244s] -- Up-to-date: /home/ros/arm_ws/install/arm_msgs/share/arm_msgs/srv/EulerToQuaternion.idl
[30.244s] -- Up-to-date: /home/ros/arm_ws/install/arm_msgs/share/arm_msgs/srv/QuaternionToEuler.idl
[30.244s] -- Up-to-date: /home/ros/arm_ws/install/arm_msgs/share/arm_msgs/action/Fibonacci.idl
[30.244s] -- Up-to-date: /home/ros/arm_ws/install/arm_msgs/share/arm_msgs/action/ArmTask.idl
[30.244s] -- Up-to-date: /home/ros/arm_ws/install/arm_msgs/share/arm_msgs/srv/AddTwoInts.srv
[30.245s] -- Up-to-date: /home/ros/arm_ws/install/arm_msgs/share/arm_msgs/srv/AddTwoInts_Request.msg
[30.245s] -- Up-to-date: /home/ros/arm_ws/install/arm_msgs/share/arm_msgs/srv/AddTwoInts_Response.msg
[30.246s] -- Up-to-date: /home/ros/arm_ws/install/arm_msgs/share/arm_msgs/srv/EulerToQuaternion.srv
[30.246s] -- Up-to-date: /home/ros/arm_ws/install/arm_msgs/share/arm_msgs/srv/EulerToQuaternion_Request.msg
[30.246s] -- Up-to-date: /home/ros/arm_ws/install/arm_msgs/share/arm_msgs/srv/EulerToQuaternion_Response.msg
[30.246s] -- Up-to-date: /home/ros/arm_ws/install/arm_msgs/share/arm_msgs/srv/QuaternionToEuler.srv
[30.246s] -- Up-to-date: /home/ros/arm_ws/install/arm_msgs/share/arm_msgs/srv/QuaternionToEuler_Request.msg
[30.246s] -- Up-to-date: /home/ros/arm_ws/install/arm_msgs/share/arm_msgs/srv/QuaternionToEuler_Response.msg
[30.246s] -- Up-to-date: /home/ros/arm_ws/install/arm_msgs/share/arm_msgs/action/Fibonacci.action
[30.246s] -- Up-to-date: /home/ros/arm_ws/install/arm_msgs/share/arm_msgs/action/ArmTask.action
[30.246s] -- Up-to-date: /home/ros/arm_ws/install/arm_msgs/share/ament_index/resource_index/package_run_dependencies/arm_msgs
[30.246s] -- Up-to-date: /home/ros/arm_ws/install/arm_msgs/share/ament_index/resource_index/parent_prefix_path/arm_msgs
[30.247s] -- Installing: /home/ros/arm_ws/install/arm_msgs/share/arm_msgs/environment/ament_prefix_path.sh
[30.247s] -- Installing: /home/ros/arm_ws/install/arm_msgs/share/arm_msgs/environment/ament_prefix_path.dsv
[30.247s] -- Installing: /home/ros/arm_ws/install/arm_msgs/share/arm_msgs/environment/path.sh
[30.247s] -- Installing: /home/ros/arm_ws/install/arm_msgs/share/arm_msgs/environment/path.dsv
[30.247s] -- Up-to-date: /home/ros/arm_ws/install/arm_msgs/share/arm_msgs/local_setup.bash
[30.247s] -- Up-to-date: /home/ros/arm_ws/install/arm_msgs/share/arm_msgs/local_setup.sh
[30.247s] -- Up-to-date: /home/ros/arm_ws/install/arm_msgs/share/arm_msgs/local_setup.zsh
[30.247s] -- Installing: /home/ros/arm_ws/install/arm_msgs/share/arm_msgs/local_setup.dsv
[30.248s] -- Installing: /home/ros/arm_ws/install/arm_msgs/share/arm_msgs/package.dsv
[30.248s] -- Up-to-date: /home/ros/arm_ws/install/arm_msgs/share/ament_index/resource_index/packages/arm_msgs
[30.248s] -- Up-to-date: /home/ros/arm_ws/install/arm_msgs/share/arm_msgs/cmake/export_arm_msgs__rosidl_generator_cExport.cmake
[30.248s] -- Up-to-date: /home/ros/arm_ws/install/arm_msgs/share/arm_msgs/cmake/export_arm_msgs__rosidl_generator_cExport-noconfig.cmake
[30.250s] -- Up-to-date: /home/ros/arm_ws/install/arm_msgs/share/arm_msgs/cmake/export_arm_msgs__rosidl_typesupport_fastrtps_cExport.cmake
[30.250s] -- Up-to-date: /home/ros/arm_ws/install/arm_msgs/share/arm_msgs/cmake/export_arm_msgs__rosidl_typesupport_fastrtps_cExport-noconfig.cmake
[30.251s] -- Up-to-date: /home/ros/arm_ws/install/arm_msgs/share/arm_msgs/cmake/export_arm_msgs__rosidl_generator_cppExport.cmake
[30.253s] -- Up-to-date: /home/ros/arm_ws/install/arm_msgs/share/arm_msgs/cmake/export_arm_msgs__rosidl_typesupport_fastrtps_cppExport.cmake
[30.253s] -- Up-to-date: /home/ros/arm_ws/install/arm_msgs/share/arm_msgs/cmake/export_arm_msgs__rosidl_typesupport_fastrtps_cppExport-noconfig.cmake
[30.254s] -- Up-to-date: /home/ros/arm_ws/install/arm_msgs/share/arm_msgs/cmake/arm_msgs__rosidl_typesupport_introspection_cExport.cmake
[30.255s] -- Up-to-date: /home/ros/arm_ws/install/arm_msgs/share/arm_msgs/cmake/arm_msgs__rosidl_typesupport_introspection_cExport-noconfig.cmake
[30.257s] -- Up-to-date: /home/ros/arm_ws/install/arm_msgs/share/arm_msgs/cmake/arm_msgs__rosidl_typesupport_cExport.cmake
[30.257s] -- Up-to-date: /home/ros/arm_ws/install/arm_msgs/share/arm_msgs/cmake/arm_msgs__rosidl_typesupport_cExport-noconfig.cmake
[30.258s] -- Up-to-date: /home/ros/arm_ws/install/arm_msgs/share/arm_msgs/cmake/arm_msgs__rosidl_typesupport_introspection_cppExport.cmake
[30.258s] -- Up-to-date: /home/ros/arm_ws/install/arm_msgs/share/arm_msgs/cmake/arm_msgs__rosidl_typesupport_introspection_cppExport-noconfig.cmake
[30.260s] -- Up-to-date: /home/ros/arm_ws/install/arm_msgs/share/arm_msgs/cmake/arm_msgs__rosidl_typesupport_cppExport.cmake
[30.261s] -- Up-to-date: /home/ros/arm_ws/install/arm_msgs/share/arm_msgs/cmake/arm_msgs__rosidl_typesupport_cppExport-noconfig.cmake
[30.262s] -- Up-to-date: /home/ros/arm_ws/install/arm_msgs/share/arm_msgs/cmake/export_arm_msgs__rosidl_generator_pyExport.cmake
[30.263s] -- Up-to-date: /home/ros/arm_ws/install/arm_msgs/share/arm_msgs/cmake/export_arm_msgs__rosidl_generator_pyExport-noconfig.cmake
[30.264s] -- Up-to-date: /home/ros/arm_ws/install/arm_msgs/share/arm_msgs/cmake/rosidl_cmake-extras.cmake
[30.264s] -- Up-to-date: /home/ros/arm_ws/install/arm_msgs/share/arm_msgs/cmake/ament_cmake_export_dependencies-extras.cmake
[30.264s] -- Up-to-date: /home/ros/arm_ws/install/arm_msgs/share/arm_msgs/cmake/ament_cmake_export_include_directories-extras.cmake
[30.264s] -- Up-to-date: /home/ros/arm_ws/install/arm_msgs/share/arm_msgs/cmake/ament_cmake_export_libraries-extras.cmake
[30.264s] -- Up-to-date: /home/ros/arm_ws/install/arm_msgs/share/arm_msgs/cmake/ament_cmake_export_targets-extras.cmake
[30.264s] -- Up-to-date: /home/ros/arm_ws/install/arm_msgs/share/arm_msgs/cmake/rosidl_cmake_export_typesupport_targets-extras.cmake
[30.265s] -- Up-to-date: /home/ros/arm_ws/install/arm_msgs/share/arm_msgs/cmake/rosidl_cmake_export_typesupport_libraries-extras.cmake
[30.265s] -- Up-to-date: /home/ros/arm_ws/install/arm_msgs/share/arm_msgs/cmake/arm_msgsConfig.cmake
[30.265s] -- Up-to-date: /home/ros/arm_ws/install/arm_msgs/share/arm_msgs/cmake/arm_msgsConfig-version.cmake
[30.265s] -- Up-to-date: /home/ros/arm_ws/install/arm_msgs/share/arm_msgs/package.xml
[60.037s] Invoked command in '/home/ros/arm_ws/build/arm_msgs' returned '0': CMAKE_PREFIX_PATH=/opt/ros/humble /usr/bin/cmake --install /home/ros/arm_ws/build/arm_msgs
