[3.825s] DEBUG:colcon:Command line arguments: ['/usr/bin/colcon', 'list', '-p', '--base-paths', '/home/ros/arm_ws']
[3.826s] DEBUG:colcon:Parsed command line arguments: Namespace(log_base=None, log_level=None, verb_name='list', build_base='build', ignore_user_meta=False, metas=['./colcon.meta'], base_paths=['/home/ros/arm_ws'], packages_ignore=None, packages_ignore_regex=None, paths=None, packages_up_to=None, packages_up_to_regex=None, packages_above=None, packages_above_and_dependencies=None, packages_above_depth=None, packages_select_by_dep=None, packages_skip_by_dep=None, packages_skip_up_to=None, packages_select_build_failed=False, packages_skip_build_finished=False, packages_select_test_failures=False, packages_skip_test_passed=False, packages_select=None, packages_skip=None, packages_select_regex=None, packages_skip_regex=None, packages_start=None, packages_end=None, allow_overriding=[], topological_order=False, names_only=False, paths_only=True, topological_graph=False, topological_graph_dot=False, topological_graph_density=False, topological_graph_legend=False, topological_graph_dot_cluster=False, topological_graph_dot_include_skipped=False, verb_parser=<colcon_defaults.argument_parser.defaults.DefaultArgumentsDecorator object at 0x78dcde855c00>, verb_extension=<colcon_package_information.verb.list.ListVerb object at 0x78dcde854cd0>, main=<bound method ListVerb.main of <colcon_package_information.verb.list.ListVerb object at 0x78dcde854cd0>>)
[12.793s] Level 1:colcon.colcon_core.package_discovery:discover_packages(colcon_meta) check parameters
[12.804s] Level 1:colcon.colcon_core.package_discovery:discover_packages(recursive) check parameters
[12.824s] Level 1:colcon.colcon_core.package_discovery:discover_packages(ignore) check parameters
[12.824s] Level 1:colcon.colcon_core.package_discovery:discover_packages(path) check parameters
[12.825s] Level 1:colcon.colcon_core.package_discovery:discover_packages(recursive) discover
[12.825s] INFO:colcon.colcon_core.package_discovery:Crawling recursively for packages in '/home/ros/arm_ws'
[12.848s] Level 1:colcon.colcon_core.package_identification:_identify(/home/ros/arm_ws) by extensions ['ignore', 'ignore_ament_install']
[12.871s] Level 1:colcon.colcon_core.package_identification:_identify(/home/ros/arm_ws) by extension 'ignore'
[12.874s] Level 1:colcon.colcon_core.package_identification:_identify(/home/ros/arm_ws) by extension 'ignore_ament_install'
[12.877s] Level 1:colcon.colcon_core.package_identification:_identify(/home/ros/arm_ws) by extensions ['colcon_pkg']
[12.877s] Level 1:colcon.colcon_core.package_identification:_identify(/home/ros/arm_ws) by extension 'colcon_pkg'
[12.877s] Level 1:colcon.colcon_core.package_identification:_identify(/home/ros/arm_ws) by extensions ['colcon_meta']
[12.893s] Level 1:colcon.colcon_core.package_identification:_identify(/home/ros/arm_ws) by extension 'colcon_meta'
[12.904s] Level 1:colcon.colcon_core.package_identification:_identify(/home/ros/arm_ws) by extensions ['ros']
[12.904s] Level 1:colcon.colcon_core.package_identification:_identify(/home/ros/arm_ws) by extension 'ros'
[13.533s] Level 1:colcon.colcon_core.package_identification:_identify(/home/ros/arm_ws) by extensions ['cmake', 'python']
[13.539s] Level 1:colcon.colcon_core.package_identification:_identify(/home/ros/arm_ws) by extension 'cmake'
[13.539s] Level 1:colcon.colcon_core.package_identification:_identify(/home/ros/arm_ws) by extension 'python'
[13.539s] Level 1:colcon.colcon_core.package_identification:_identify(/home/ros/arm_ws) by extensions ['python_setup_py']
[13.544s] Level 1:colcon.colcon_core.package_identification:_identify(/home/ros/arm_ws) by extension 'python_setup_py'
[13.545s] Level 1:colcon.colcon_core.package_identification:_identify(/home/ros/arm_ws/build) by extensions ['ignore', 'ignore_ament_install']
[13.551s] Level 1:colcon.colcon_core.package_identification:_identify(/home/ros/arm_ws/build) by extension 'ignore'
[13.557s] Level 1:colcon.colcon_core.package_identification:_identify(/home/ros/arm_ws/build) ignored
[13.558s] Level 1:colcon.colcon_core.package_identification:_identify(/home/ros/arm_ws/install) by extensions ['ignore', 'ignore_ament_install']
[13.558s] Level 1:colcon.colcon_core.package_identification:_identify(/home/ros/arm_ws/install) by extension 'ignore'
[13.558s] Level 1:colcon.colcon_core.package_identification:_identify(/home/ros/arm_ws/install) ignored
[13.568s] Level 1:colcon.colcon_core.package_identification:_identify(/home/ros/arm_ws/log) by extensions ['ignore', 'ignore_ament_install']
[13.568s] Level 1:colcon.colcon_core.package_identification:_identify(/home/ros/arm_ws/log) by extension 'ignore'
[13.569s] Level 1:colcon.colcon_core.package_identification:_identify(/home/ros/arm_ws/log) ignored
[13.569s] Level 1:colcon.colcon_core.package_identification:_identify(/home/ros/arm_ws/src) by extensions ['ignore', 'ignore_ament_install']
[13.594s] Level 1:colcon.colcon_core.package_identification:_identify(/home/ros/arm_ws/src) by extension 'ignore'
[13.630s] Level 1:colcon.colcon_core.package_identification:_identify(/home/ros/arm_ws/src) by extension 'ignore_ament_install'
[13.630s] Level 1:colcon.colcon_core.package_identification:_identify(/home/ros/arm_ws/src) by extensions ['colcon_pkg']
[13.630s] Level 1:colcon.colcon_core.package_identification:_identify(/home/ros/arm_ws/src) by extension 'colcon_pkg'
[13.631s] Level 1:colcon.colcon_core.package_identification:_identify(/home/ros/arm_ws/src) by extensions ['colcon_meta']
[13.631s] Level 1:colcon.colcon_core.package_identification:_identify(/home/ros/arm_ws/src) by extension 'colcon_meta'
[13.631s] Level 1:colcon.colcon_core.package_identification:_identify(/home/ros/arm_ws/src) by extensions ['ros']
[13.631s] Level 1:colcon.colcon_core.package_identification:_identify(/home/ros/arm_ws/src) by extension 'ros'
[13.642s] Level 1:colcon.colcon_core.package_identification:_identify(/home/ros/arm_ws/src) by extensions ['cmake', 'python']
[13.642s] Level 1:colcon.colcon_core.package_identification:_identify(/home/ros/arm_ws/src) by extension 'cmake'
[13.642s] Level 1:colcon.colcon_core.package_identification:_identify(/home/ros/arm_ws/src) by extension 'python'
[13.642s] Level 1:colcon.colcon_core.package_identification:_identify(/home/ros/arm_ws/src) by extensions ['python_setup_py']
[13.642s] Level 1:colcon.colcon_core.package_identification:_identify(/home/ros/arm_ws/src) by extension 'python_setup_py'
[13.643s] Level 1:colcon.colcon_core.package_identification:_identify(/home/ros/arm_ws/src/arm_bringup) by extensions ['ignore', 'ignore_ament_install']
[13.643s] Level 1:colcon.colcon_core.package_identification:_identify(/home/ros/arm_ws/src/arm_bringup) by extension 'ignore'
[13.643s] Level 1:colcon.colcon_core.package_identification:_identify(/home/ros/arm_ws/src/arm_bringup) by extension 'ignore_ament_install'
[13.643s] Level 1:colcon.colcon_core.package_identification:_identify(/home/ros/arm_ws/src/arm_bringup) by extensions ['colcon_pkg']
[13.658s] Level 1:colcon.colcon_core.package_identification:_identify(/home/ros/arm_ws/src/arm_bringup) by extension 'colcon_pkg'
[13.659s] Level 1:colcon.colcon_core.package_identification:_identify(/home/ros/arm_ws/src/arm_bringup) by extensions ['colcon_meta']
[13.674s] Level 1:colcon.colcon_core.package_identification:_identify(/home/ros/arm_ws/src/arm_bringup) by extension 'colcon_meta'
[13.707s] Level 1:colcon.colcon_core.package_identification:_identify(/home/ros/arm_ws/src/arm_bringup) by extensions ['ros']
[13.708s] Level 1:colcon.colcon_core.package_identification:_identify(/home/ros/arm_ws/src/arm_bringup) by extension 'ros'
[13.800s] DEBUG:colcon.colcon_core.package_identification:Package '/home/ros/arm_ws/src/arm_bringup' with type 'ros.ament_cmake' and name 'arm_bringup'
[13.801s] Level 1:colcon.colcon_core.package_identification:_identify(/home/ros/arm_ws/src/arm_controller) by extensions ['ignore', 'ignore_ament_install']
[13.821s] Level 1:colcon.colcon_core.package_identification:_identify(/home/ros/arm_ws/src/arm_controller) by extension 'ignore'
[13.821s] Level 1:colcon.colcon_core.package_identification:_identify(/home/ros/arm_ws/src/arm_controller) by extension 'ignore_ament_install'
[13.832s] Level 1:colcon.colcon_core.package_identification:_identify(/home/ros/arm_ws/src/arm_controller) by extensions ['colcon_pkg']
[13.832s] Level 1:colcon.colcon_core.package_identification:_identify(/home/ros/arm_ws/src/arm_controller) by extension 'colcon_pkg'
[13.833s] Level 1:colcon.colcon_core.package_identification:_identify(/home/ros/arm_ws/src/arm_controller) by extensions ['colcon_meta']
[13.833s] Level 1:colcon.colcon_core.package_identification:_identify(/home/ros/arm_ws/src/arm_controller) by extension 'colcon_meta'
[13.833s] Level 1:colcon.colcon_core.package_identification:_identify(/home/ros/arm_ws/src/arm_controller) by extensions ['ros']
[13.833s] Level 1:colcon.colcon_core.package_identification:_identify(/home/ros/arm_ws/src/arm_controller) by extension 'ros'
[13.891s] DEBUG:colcon.colcon_core.package_identification:Package '/home/ros/arm_ws/src/arm_controller' with type 'ros.ament_cmake' and name 'arm_controller'
[13.910s] Level 1:colcon.colcon_core.package_identification:_identify(/home/ros/arm_ws/src/arm_cpp_examples) by extensions ['ignore', 'ignore_ament_install']
[13.924s] Level 1:colcon.colcon_core.package_identification:_identify(/home/ros/arm_ws/src/arm_cpp_examples) by extension 'ignore'
[13.924s] Level 1:colcon.colcon_core.package_identification:_identify(/home/ros/arm_ws/src/arm_cpp_examples) by extension 'ignore_ament_install'
[13.927s] Level 1:colcon.colcon_core.package_identification:_identify(/home/ros/arm_ws/src/arm_cpp_examples) by extensions ['colcon_pkg']
[13.927s] Level 1:colcon.colcon_core.package_identification:_identify(/home/ros/arm_ws/src/arm_cpp_examples) by extension 'colcon_pkg'
[13.927s] Level 1:colcon.colcon_core.package_identification:_identify(/home/ros/arm_ws/src/arm_cpp_examples) by extensions ['colcon_meta']
[13.927s] Level 1:colcon.colcon_core.package_identification:_identify(/home/ros/arm_ws/src/arm_cpp_examples) by extension 'colcon_meta'
[13.927s] Level 1:colcon.colcon_core.package_identification:_identify(/home/ros/arm_ws/src/arm_cpp_examples) by extensions ['ros']
[13.938s] Level 1:colcon.colcon_core.package_identification:_identify(/home/ros/arm_ws/src/arm_cpp_examples) by extension 'ros'
[13.963s] DEBUG:colcon.colcon_core.package_identification:Package '/home/ros/arm_ws/src/arm_cpp_examples' with type 'ros.ament_cmake' and name 'arm_cpp_examples'
[13.970s] Level 1:colcon.colcon_core.package_identification:_identify(/home/ros/arm_ws/src/arm_description) by extensions ['ignore', 'ignore_ament_install']
[13.973s] Level 1:colcon.colcon_core.package_identification:_identify(/home/ros/arm_ws/src/arm_description) by extension 'ignore'
[13.973s] Level 1:colcon.colcon_core.package_identification:_identify(/home/ros/arm_ws/src/arm_description) by extension 'ignore_ament_install'
[13.982s] Level 1:colcon.colcon_core.package_identification:_identify(/home/ros/arm_ws/src/arm_description) by extensions ['colcon_pkg']
[13.986s] Level 1:colcon.colcon_core.package_identification:_identify(/home/ros/arm_ws/src/arm_description) by extension 'colcon_pkg'
[13.986s] Level 1:colcon.colcon_core.package_identification:_identify(/home/ros/arm_ws/src/arm_description) by extensions ['colcon_meta']
[13.986s] Level 1:colcon.colcon_core.package_identification:_identify(/home/ros/arm_ws/src/arm_description) by extension 'colcon_meta'
[13.986s] Level 1:colcon.colcon_core.package_identification:_identify(/home/ros/arm_ws/src/arm_description) by extensions ['ros']
[13.986s] Level 1:colcon.colcon_core.package_identification:_identify(/home/ros/arm_ws/src/arm_description) by extension 'ros'
[14.019s] DEBUG:colcon.colcon_core.package_identification:Package '/home/ros/arm_ws/src/arm_description' with type 'ros.ament_cmake' and name 'arm_description'
[14.019s] Level 1:colcon.colcon_core.package_identification:_identify(/home/ros/arm_ws/src/arm_firmware) by extensions ['ignore', 'ignore_ament_install']
[14.020s] Level 1:colcon.colcon_core.package_identification:_identify(/home/ros/arm_ws/src/arm_firmware) by extension 'ignore'
[14.020s] Level 1:colcon.colcon_core.package_identification:_identify(/home/ros/arm_ws/src/arm_firmware) by extension 'ignore_ament_install'
[14.024s] Level 1:colcon.colcon_core.package_identification:_identify(/home/ros/arm_ws/src/arm_firmware) by extensions ['colcon_pkg']
[14.033s] Level 1:colcon.colcon_core.package_identification:_identify(/home/ros/arm_ws/src/arm_firmware) by extension 'colcon_pkg'
[14.035s] Level 1:colcon.colcon_core.package_identification:_identify(/home/ros/arm_ws/src/arm_firmware) by extensions ['colcon_meta']
[14.035s] Level 1:colcon.colcon_core.package_identification:_identify(/home/ros/arm_ws/src/arm_firmware) by extension 'colcon_meta'
[14.047s] Level 1:colcon.colcon_core.package_identification:_identify(/home/ros/arm_ws/src/arm_firmware) by extensions ['ros']
[14.047s] Level 1:colcon.colcon_core.package_identification:_identify(/home/ros/arm_ws/src/arm_firmware) by extension 'ros'
[14.077s] DEBUG:colcon.colcon_core.package_identification:Package '/home/ros/arm_ws/src/arm_firmware' with type 'ros.ament_cmake' and name 'arm_firmware'
[14.078s] Level 1:colcon.colcon_core.package_identification:_identify(/home/ros/arm_ws/src/arm_moveit) by extensions ['ignore', 'ignore_ament_install']
[14.078s] Level 1:colcon.colcon_core.package_identification:_identify(/home/ros/arm_ws/src/arm_moveit) by extension 'ignore'
[14.088s] Level 1:colcon.colcon_core.package_identification:_identify(/home/ros/arm_ws/src/arm_moveit) by extension 'ignore_ament_install'
[14.089s] Level 1:colcon.colcon_core.package_identification:_identify(/home/ros/arm_ws/src/arm_moveit) by extensions ['colcon_pkg']
[14.089s] Level 1:colcon.colcon_core.package_identification:_identify(/home/ros/arm_ws/src/arm_moveit) by extension 'colcon_pkg'
[14.089s] Level 1:colcon.colcon_core.package_identification:_identify(/home/ros/arm_ws/src/arm_moveit) by extensions ['colcon_meta']
[14.090s] Level 1:colcon.colcon_core.package_identification:_identify(/home/ros/arm_ws/src/arm_moveit) by extension 'colcon_meta'
[14.102s] Level 1:colcon.colcon_core.package_identification:_identify(/home/ros/arm_ws/src/arm_moveit) by extensions ['ros']
[14.103s] Level 1:colcon.colcon_core.package_identification:_identify(/home/ros/arm_ws/src/arm_moveit) by extension 'ros'
[14.117s] DEBUG:colcon.colcon_core.package_identification:Package '/home/ros/arm_ws/src/arm_moveit' with type 'ros.ament_cmake' and name 'arm_moveit'
[14.129s] Level 1:colcon.colcon_core.package_identification:_identify(/home/ros/arm_ws/src/arm_msgs) by extensions ['ignore', 'ignore_ament_install']
[14.132s] Level 1:colcon.colcon_core.package_identification:_identify(/home/ros/arm_ws/src/arm_msgs) by extension 'ignore'
[14.133s] Level 1:colcon.colcon_core.package_identification:_identify(/home/ros/arm_ws/src/arm_msgs) by extension 'ignore_ament_install'
[14.133s] Level 1:colcon.colcon_core.package_identification:_identify(/home/ros/arm_ws/src/arm_msgs) by extensions ['colcon_pkg']
[14.133s] Level 1:colcon.colcon_core.package_identification:_identify(/home/ros/arm_ws/src/arm_msgs) by extension 'colcon_pkg'
[14.133s] Level 1:colcon.colcon_core.package_identification:_identify(/home/ros/arm_ws/src/arm_msgs) by extensions ['colcon_meta']
[14.142s] Level 1:colcon.colcon_core.package_identification:_identify(/home/ros/arm_ws/src/arm_msgs) by extension 'colcon_meta'
[14.143s] Level 1:colcon.colcon_core.package_identification:_identify(/home/ros/arm_ws/src/arm_msgs) by extensions ['ros']
[14.143s] Level 1:colcon.colcon_core.package_identification:_identify(/home/ros/arm_ws/src/arm_msgs) by extension 'ros'
[14.166s] DEBUG:colcon.colcon_core.package_identification:Package '/home/ros/arm_ws/src/arm_msgs' with type 'ros.ament_cmake' and name 'arm_msgs'
[14.174s] Level 1:colcon.colcon_core.package_identification:_identify(/home/ros/arm_ws/src/arm_py_examples) by extensions ['ignore', 'ignore_ament_install']
[14.175s] Level 1:colcon.colcon_core.package_identification:_identify(/home/ros/arm_ws/src/arm_py_examples) by extension 'ignore'
[14.175s] Level 1:colcon.colcon_core.package_identification:_identify(/home/ros/arm_ws/src/arm_py_examples) by extension 'ignore_ament_install'
[14.175s] Level 1:colcon.colcon_core.package_identification:_identify(/home/ros/arm_ws/src/arm_py_examples) by extensions ['colcon_pkg']
[14.175s] Level 1:colcon.colcon_core.package_identification:_identify(/home/ros/arm_ws/src/arm_py_examples) by extension 'colcon_pkg'
[14.188s] Level 1:colcon.colcon_core.package_identification:_identify(/home/ros/arm_ws/src/arm_py_examples) by extensions ['colcon_meta']
[14.203s] Level 1:colcon.colcon_core.package_identification:_identify(/home/ros/arm_ws/src/arm_py_examples) by extension 'colcon_meta'
[14.203s] Level 1:colcon.colcon_core.package_identification:_identify(/home/ros/arm_ws/src/arm_py_examples) by extensions ['ros']
[14.203s] Level 1:colcon.colcon_core.package_identification:_identify(/home/ros/arm_ws/src/arm_py_examples) by extension 'ros'
[14.218s] DEBUG:colcon.colcon_core.package_identification:Package '/home/ros/arm_ws/src/arm_py_examples' with type 'ros.ament_python' and name 'arm_py_examples'
[14.228s] Level 1:colcon.colcon_core.package_identification:_identify(/home/ros/arm_ws/src/arm_remote) by extensions ['ignore', 'ignore_ament_install']
[14.228s] Level 1:colcon.colcon_core.package_identification:_identify(/home/ros/arm_ws/src/arm_remote) by extension 'ignore'
[14.228s] Level 1:colcon.colcon_core.package_identification:_identify(/home/ros/arm_ws/src/arm_remote) by extension 'ignore_ament_install'
[14.234s] Level 1:colcon.colcon_core.package_identification:_identify(/home/ros/arm_ws/src/arm_remote) by extensions ['colcon_pkg']
[14.235s] Level 1:colcon.colcon_core.package_identification:_identify(/home/ros/arm_ws/src/arm_remote) by extension 'colcon_pkg'
[14.235s] Level 1:colcon.colcon_core.package_identification:_identify(/home/ros/arm_ws/src/arm_remote) by extensions ['colcon_meta']
[14.235s] Level 1:colcon.colcon_core.package_identification:_identify(/home/ros/arm_ws/src/arm_remote) by extension 'colcon_meta'
[14.235s] Level 1:colcon.colcon_core.package_identification:_identify(/home/ros/arm_ws/src/arm_remote) by extensions ['ros']
[14.235s] Level 1:colcon.colcon_core.package_identification:_identify(/home/ros/arm_ws/src/arm_remote) by extension 'ros'
[14.268s] DEBUG:colcon.colcon_core.package_identification:Package '/home/ros/arm_ws/src/arm_remote' with type 'ros.ament_cmake' and name 'arm_remote'
[14.275s] Level 1:colcon.colcon_core.package_identification:_identify(/home/ros/arm_ws/src/arm_utils) by extensions ['ignore', 'ignore_ament_install']
[14.275s] Level 1:colcon.colcon_core.package_identification:_identify(/home/ros/arm_ws/src/arm_utils) by extension 'ignore'
[14.276s] Level 1:colcon.colcon_core.package_identification:_identify(/home/ros/arm_ws/src/arm_utils) by extension 'ignore_ament_install'
[14.286s] Level 1:colcon.colcon_core.package_identification:_identify(/home/ros/arm_ws/src/arm_utils) by extensions ['colcon_pkg']
[14.286s] Level 1:colcon.colcon_core.package_identification:_identify(/home/ros/arm_ws/src/arm_utils) by extension 'colcon_pkg'
[14.286s] Level 1:colcon.colcon_core.package_identification:_identify(/home/ros/arm_ws/src/arm_utils) by extensions ['colcon_meta']
[14.286s] Level 1:colcon.colcon_core.package_identification:_identify(/home/ros/arm_ws/src/arm_utils) by extension 'colcon_meta'
[14.287s] Level 1:colcon.colcon_core.package_identification:_identify(/home/ros/arm_ws/src/arm_utils) by extensions ['ros']
[14.287s] Level 1:colcon.colcon_core.package_identification:_identify(/home/ros/arm_ws/src/arm_utils) by extension 'ros'
[14.296s] DEBUG:colcon.colcon_core.package_identification:Package '/home/ros/arm_ws/src/arm_utils' with type 'ros.ament_cmake' and name 'arm_utils'
[14.297s] Level 1:colcon.colcon_core.package_discovery:discover_packages(recursive) using defaults
