-- The C compiler identification is GNU 11.4.0
-- The CXX compiler identification is GNU 11.4.0
-- Detecting C compiler ABI info
-- Detecting C compiler ABI info - done
-- Check for working C compiler: /usr/bin/cc - skipped
-- Detecting C compile features
-- Detecting C compile features - done
-- Detecting CXX compiler ABI info
-- Detecting CXX compiler ABI info - done
-- Check for working CXX compiler: /usr/bin/c++ - skipped
-- Detecting CXX compile features
-- Detecting CXX compile features - done
-- Found ament_cmake: 1.3.10 (/opt/ros/humble/share/ament_cmake/cmake)
-- Found Python3: /usr/bin/python3 (found version "3.10.12") found components: Interpreter 
-- Found urdf: 2.6.1 (/opt/ros/humble/share/urdf/cmake)
-- Found ament_lint_auto: 0.12.11 (/opt/ros/humble/share/ament_lint_auto/cmake)
-- Added test 'copyright' to check source files copyright and LICENSE
-- Added test 'flake8' to check Python code syntax and style conventions
-- Added test 'lint_cmake' to check CMake code style
-- Added test 'pep257' to check Python code against some of the docstring style conventions in PEP 257
-- Added test 'xmllint' to check XML markup files
-- Configuring done
-- Generating done
-- Build files have been written to: /home/ros/arm_ws/build/arm_description
-- Install configuration: ""
-- Installing: /home/ros/arm_ws/install/arm_description/share/arm_description/launch
-- Installing: /home/ros/arm_ws/install/arm_description/share/arm_description/launch/display.launch.py
-- Installing: /home/ros/arm_ws/install/arm_description/share/arm_description/launch/gazebo.launch.py
-- Installing: /home/ros/arm_ws/install/arm_description/share/arm_description/meshes
-- Installing: /home/ros/arm_ws/install/arm_description/share/arm_description/meshes/triangular_link.STL
-- Installing: /home/ros/arm_ws/install/arm_description/share/arm_description/meshes/basement.STL
-- Installing: /home/ros/arm_ws/install/arm_description/share/arm_description/meshes/plate.STL
-- Installing: /home/ros/arm_ws/install/arm_description/share/arm_description/meshes/base_plate.STL
-- Installing: /home/ros/arm_ws/install/arm_description/share/arm_description/meshes/horizontal_arm.STL
-- Installing: /home/ros/arm_ws/install/arm_description/share/arm_description/meshes/right_finger.STL
-- Installing: /home/ros/arm_ws/install/arm_description/share/arm_description/meshes/vertical_drive_arm.STL
-- Installing: /home/ros/arm_ws/install/arm_description/share/arm_description/meshes/forward_drive_arm.STL
-- Installing: /home/ros/arm_ws/install/arm_description/share/arm_description/meshes/link.STL
-- Installing: /home/ros/arm_ws/install/arm_description/share/arm_description/meshes/round_plate.STL
-- Installing: /home/ros/arm_ws/install/arm_description/share/arm_description/meshes/claw_support.STL
-- Installing: /home/ros/arm_ws/install/arm_description/share/arm_description/meshes/left_finger.STL
-- Installing: /home/ros/arm_ws/install/arm_description/share/arm_description/meshes/servo_plate.STL
-- Installing: /home/ros/arm_ws/install/arm_description/share/arm_description/models
-- Installing: /home/ros/arm_ws/install/arm_description/share/arm_description/models/ground_plane
-- Installing: /home/ros/arm_ws/install/arm_description/share/arm_description/models/ground_plane/model.config
-- Installing: /home/ros/arm_ws/install/arm_description/share/arm_description/models/ground_plane/model-1_4.sdf
-- Installing: /home/ros/arm_ws/install/arm_description/share/arm_description/models/ground_plane/model-1_3.sdf
-- Installing: /home/ros/arm_ws/install/arm_description/share/arm_description/models/ground_plane/model.sdf
-- Installing: /home/ros/arm_ws/install/arm_description/share/arm_description/models/ground_plane/model-1_2.sdf
-- Installing: /home/ros/arm_ws/install/arm_description/share/arm_description/models/sun
-- Installing: /home/ros/arm_ws/install/arm_description/share/arm_description/models/sun/model.config
-- Installing: /home/ros/arm_ws/install/arm_description/share/arm_description/models/sun/model-1_4.sdf
-- Installing: /home/ros/arm_ws/install/arm_description/share/arm_description/models/sun/model-1_3.sdf
-- Installing: /home/ros/arm_ws/install/arm_description/share/arm_description/models/sun/model.sdf
-- Installing: /home/ros/arm_ws/install/arm_description/share/arm_description/models/sun/model-1_2.sdf
-- Installing: /home/ros/arm_ws/install/arm_description/share/arm_description/urdf
-- Installing: /home/ros/arm_ws/install/arm_description/share/arm_description/urdf/arm_ros2_control.xacro
-- Installing: /home/ros/arm_ws/install/arm_description/share/arm_description/urdf/arm_gazebo.xacro
-- Installing: /home/ros/arm_ws/install/arm_description/share/arm_description/urdf/arm.urdf.xacro
-- Installing: /home/ros/arm_ws/install/arm_description/share/arm_description/rviz
-- Installing: /home/ros/arm_ws/install/arm_description/share/arm_description/rviz/display.rviz
-- Installing: /home/ros/arm_ws/install/arm_description/share/ament_index/resource_index/package_run_dependencies/arm_description
-- Installing: /home/ros/arm_ws/install/arm_description/share/ament_index/resource_index/parent_prefix_path/arm_description
-- Installing: /home/ros/arm_ws/install/arm_description/share/arm_description/environment/ament_prefix_path.sh
-- Installing: /home/ros/arm_ws/install/arm_description/share/arm_description/environment/ament_prefix_path.dsv
-- Installing: /home/ros/arm_ws/install/arm_description/share/arm_description/environment/path.sh
-- Installing: /home/ros/arm_ws/install/arm_description/share/arm_description/environment/path.dsv
-- Installing: /home/ros/arm_ws/install/arm_description/share/arm_description/local_setup.bash
-- Installing: /home/ros/arm_ws/install/arm_description/share/arm_description/local_setup.sh
-- Installing: /home/ros/arm_ws/install/arm_description/share/arm_description/local_setup.zsh
-- Installing: /home/ros/arm_ws/install/arm_description/share/arm_description/local_setup.dsv
-- Installing: /home/ros/arm_ws/install/arm_description/share/arm_description/package.dsv
-- Installing: /home/ros/arm_ws/install/arm_description/share/ament_index/resource_index/packages/arm_description
-- Installing: /home/ros/arm_ws/install/arm_description/share/arm_description/cmake/arm_descriptionConfig.cmake
-- Installing: /home/ros/arm_ws/install/arm_description/share/arm_description/cmake/arm_descriptionConfig-version.cmake
-- Installing: /home/ros/arm_ws/install/arm_description/share/arm_description/package.xml
