[0.058s] Invoking command in '/home/ros/arm_ws/build/arm_description': CMAKE_PREFIX_PATH=/opt/ros/humble /usr/bin/cmake /home/ros/arm_ws/src/arm_description -DCMAKE_INSTALL_PREFIX=/home/ros/arm_ws/install/arm_description
[0.383s] -- The C compiler identification is GNU 11.4.0
[0.772s] -- The CXX compiler identification is GNU 11.4.0
[0.822s] -- Detecting C compiler ABI info
[1.270s] -- Detecting C compiler ABI info - done
[1.346s] -- Check for working C compiler: /usr/bin/cc - skipped
[1.352s] -- Detecting C compile features
[1.352s] -- Detecting C compile features - done
[1.371s] -- Detecting CXX compiler ABI info
[2.132s] -- Detecting CXX compiler ABI info - done
[2.206s] -- Check for working CXX compiler: /usr/bin/c++ - skipped
[2.209s] -- Detecting CXX compile features
[2.220s] -- Detecting CXX compile features - done
[2.240s] -- Found ament_cmake: 1.3.10 (/opt/ros/humble/share/ament_cmake/cmake)
[3.692s] -- Found Python3: /usr/bin/python3 (found version "3.10.12") found components: Interpreter 
[4.502s] -- Found urdf: 2.6.1 (/opt/ros/humble/share/urdf/cmake)
[4.897s] -- Found ament_lint_auto: 0.12.11 (/opt/ros/humble/share/ament_lint_auto/cmake)
[5.472s] -- Added test 'copyright' to check source files copyright and LICENSE
[5.501s] -- Added test 'flake8' to check Python code syntax and style conventions
[5.503s] -- Added test 'lint_cmake' to check CMake code style
[5.509s] -- Added test 'pep257' to check Python code against some of the docstring style conventions in PEP 257
[5.525s] -- Added test 'xmllint' to check XML markup files
[5.538s] -- Configuring done
[5.554s] -- Generating done
[5.557s] -- Build files have been written to: /home/ros/arm_ws/build/arm_description
[5.587s] Invoked command in '/home/ros/arm_ws/build/arm_description' returned '0': CMAKE_PREFIX_PATH=/opt/ros/humble /usr/bin/cmake /home/ros/arm_ws/src/arm_description -DCMAKE_INSTALL_PREFIX=/home/ros/arm_ws/install/arm_description
[5.601s] Invoking command in '/home/ros/arm_ws/build/arm_description': CMAKE_PREFIX_PATH=/opt/ros/humble /usr/bin/cmake --build /home/ros/arm_ws/build/arm_description -- -j2 -l2
[5.924s] Invoked command in '/home/ros/arm_ws/build/arm_description' returned '0': CMAKE_PREFIX_PATH=/opt/ros/humble /usr/bin/cmake --build /home/ros/arm_ws/build/arm_description -- -j2 -l2
[6.141s] Invoking command in '/home/ros/arm_ws/build/arm_description': CMAKE_PREFIX_PATH=/opt/ros/humble /usr/bin/cmake --install /home/ros/arm_ws/build/arm_description
[6.204s] -- Install configuration: ""
[6.205s] -- Installing: /home/ros/arm_ws/install/arm_description/share/arm_description/launch
[6.205s] -- Installing: /home/ros/arm_ws/install/arm_description/share/arm_description/launch/display.launch.py
[6.211s] -- Installing: /home/ros/arm_ws/install/arm_description/share/arm_description/launch/gazebo.launch.py
[6.214s] -- Installing: /home/ros/arm_ws/install/arm_description/share/arm_description/meshes
[6.214s] -- Installing: /home/ros/arm_ws/install/arm_description/share/arm_description/meshes/triangular_link.STL
[6.216s] -- Installing: /home/ros/arm_ws/install/arm_description/share/arm_description/meshes/basement.STL
[6.220s] -- Installing: /home/ros/arm_ws/install/arm_description/share/arm_description/meshes/plate.STL
[6.244s] -- Installing: /home/ros/arm_ws/install/arm_description/share/arm_description/meshes/base_plate.STL
[6.264s] -- Installing: /home/ros/arm_ws/install/arm_description/share/arm_description/meshes/horizontal_arm.STL
[6.275s] -- Installing: /home/ros/arm_ws/install/arm_description/share/arm_description/meshes/right_finger.STL
[6.278s] -- Installing: /home/ros/arm_ws/install/arm_description/share/arm_description/meshes/vertical_drive_arm.STL
[6.288s] -- Installing: /home/ros/arm_ws/install/arm_description/share/arm_description/meshes/forward_drive_arm.STL
[6.294s] -- Installing: /home/ros/arm_ws/install/arm_description/share/arm_description/meshes/link.STL
[6.299s] -- Installing: /home/ros/arm_ws/install/arm_description/share/arm_description/meshes/round_plate.STL
[6.302s] -- Installing: /home/ros/arm_ws/install/arm_description/share/arm_description/meshes/claw_support.STL
[6.305s] -- Installing: /home/ros/arm_ws/install/arm_description/share/arm_description/meshes/left_finger.STL
[6.306s] -- Installing: /home/ros/arm_ws/install/arm_description/share/arm_description/meshes/servo_plate.STL
[6.310s] -- Installing: /home/ros/arm_ws/install/arm_description/share/arm_description/models
[6.311s] -- Installing: /home/ros/arm_ws/install/arm_description/share/arm_description/models/ground_plane
[6.318s] -- Installing: /home/ros/arm_ws/install/arm_description/share/arm_description/models/ground_plane/model.config
[6.318s] -- Installing: /home/ros/arm_ws/install/arm_description/share/arm_description/models/ground_plane/model-1_4.sdf
[6.319s] -- Installing: /home/ros/arm_ws/install/arm_description/share/arm_description/models/ground_plane/model-1_3.sdf
[6.319s] -- Installing: /home/ros/arm_ws/install/arm_description/share/arm_description/models/ground_plane/model.sdf
[6.324s] -- Installing: /home/ros/arm_ws/install/arm_description/share/arm_description/models/ground_plane/model-1_2.sdf
[6.326s] -- Installing: /home/ros/arm_ws/install/arm_description/share/arm_description/models/sun
[6.326s] -- Installing: /home/ros/arm_ws/install/arm_description/share/arm_description/models/sun/model.config
[6.326s] -- Installing: /home/ros/arm_ws/install/arm_description/share/arm_description/models/sun/model-1_4.sdf
[6.334s] -- Installing: /home/ros/arm_ws/install/arm_description/share/arm_description/models/sun/model-1_3.sdf
[6.334s] -- Installing: /home/ros/arm_ws/install/arm_description/share/arm_description/models/sun/model.sdf
[6.334s] -- Installing: /home/ros/arm_ws/install/arm_description/share/arm_description/models/sun/model-1_2.sdf
[6.335s] -- Installing: /home/ros/arm_ws/install/arm_description/share/arm_description/urdf
[6.335s] -- Installing: /home/ros/arm_ws/install/arm_description/share/arm_description/urdf/arm_ros2_control.xacro
[6.335s] -- Installing: /home/ros/arm_ws/install/arm_description/share/arm_description/urdf/arm_gazebo.xacro
[6.337s] -- Installing: /home/ros/arm_ws/install/arm_description/share/arm_description/urdf/arm.urdf.xacro
[6.337s] -- Installing: /home/ros/arm_ws/install/arm_description/share/arm_description/rviz
[6.337s] -- Installing: /home/ros/arm_ws/install/arm_description/share/arm_description/rviz/display.rviz
[6.337s] -- Installing: /home/ros/arm_ws/install/arm_description/share/ament_index/resource_index/package_run_dependencies/arm_description
[6.350s] -- Installing: /home/ros/arm_ws/install/arm_description/share/ament_index/resource_index/parent_prefix_path/arm_description
[6.350s] -- Installing: /home/ros/arm_ws/install/arm_description/share/arm_description/environment/ament_prefix_path.sh
[6.354s] -- Installing: /home/ros/arm_ws/install/arm_description/share/arm_description/environment/ament_prefix_path.dsv
[6.355s] -- Installing: /home/ros/arm_ws/install/arm_description/share/arm_description/environment/path.sh
[6.358s] -- Installing: /home/ros/arm_ws/install/arm_description/share/arm_description/environment/path.dsv
[6.359s] -- Installing: /home/ros/arm_ws/install/arm_description/share/arm_description/local_setup.bash
[6.359s] -- Installing: /home/ros/arm_ws/install/arm_description/share/arm_description/local_setup.sh
[6.359s] -- Installing: /home/ros/arm_ws/install/arm_description/share/arm_description/local_setup.zsh
[6.362s] -- Installing: /home/ros/arm_ws/install/arm_description/share/arm_description/local_setup.dsv
[6.362s] -- Installing: /home/ros/arm_ws/install/arm_description/share/arm_description/package.dsv
[6.365s] -- Installing: /home/ros/arm_ws/install/arm_description/share/ament_index/resource_index/packages/arm_description
[6.365s] -- Installing: /home/ros/arm_ws/install/arm_description/share/arm_description/cmake/arm_descriptionConfig.cmake
[6.365s] -- Installing: /home/ros/arm_ws/install/arm_description/share/arm_description/cmake/arm_descriptionConfig-version.cmake
[6.365s] -- Installing: /home/ros/arm_ws/install/arm_description/share/arm_description/package.xml
[6.374s] Invoked command in '/home/ros/arm_ws/build/arm_description' returned '0': CMAKE_PREFIX_PATH=/opt/ros/humble /usr/bin/cmake --install /home/ros/arm_ws/build/arm_description
