[35m[1mConsolidate compiler generated dependencies of target slider_control[0m
[ 25%] [32mBuilding CXX object CMakeFiles/arm_controller.dir/src/arm_interface.cpp.o[0m
[ 75%] Built target slider_control
[ 75%] Built target ament_cmake_python_copy_arm_controller
running egg_info
creating arm_controller.egg-info
writing arm_controller.egg-info/PKG-INFO
writing dependency_links to arm_controller.egg-info/dependency_links.txt
writing top-level names to arm_controller.egg-info/top_level.txt
writing manifest file 'arm_controller.egg-info/SOURCES.txt'
reading manifest file 'arm_controller.egg-info/SOURCES.txt'
writing manifest file 'arm_controller.egg-info/SOURCES.txt'
[ 75%] Built target ament_cmake_python_build_arm_controller_egg
[100%] [32m[1mLinking CXX shared library libarm_controller.so[0m
[100%] Built target arm_controller
-- Install configuration: ""
-- Installing: /home/ros/arm_ws/install/arm_controller/share/arm_controller/arm_controller.xml
-- Installing: /home/ros/arm_ws/install/arm_controller/share/arm_controller/environment/pythonpath.sh
-- Installing: /home/ros/arm_ws/install/arm_controller/share/arm_controller/environment/pythonpath.dsv
-- Installing: /home/ros/arm_ws/install/arm_controller/local/lib/python3.10/dist-packages/arm_controller-0.0.0-py3.10.egg-info
-- Installing: /home/ros/arm_ws/install/arm_controller/local/lib/python3.10/dist-packages/arm_controller-0.0.0-py3.10.egg-info/dependency_links.txt
-- Installing: /home/ros/arm_ws/install/arm_controller/local/lib/python3.10/dist-packages/arm_controller-0.0.0-py3.10.egg-info/SOURCES.txt
-- Installing: /home/ros/arm_ws/install/arm_controller/local/lib/python3.10/dist-packages/arm_controller-0.0.0-py3.10.egg-info/PKG-INFO
-- Installing: /home/ros/arm_ws/install/arm_controller/local/lib/python3.10/dist-packages/arm_controller-0.0.0-py3.10.egg-info/top_level.txt
-- Installing: /home/ros/arm_ws/install/arm_controller/local/lib/python3.10/dist-packages/arm_controller
-- Installing: /home/ros/arm_ws/install/arm_controller/local/lib/python3.10/dist-packages/arm_controller/slider_control.py
-- Installing: /home/ros/arm_ws/install/arm_controller/local/lib/python3.10/dist-packages/arm_controller/__init__.py
Listing '/home/ros/arm_ws/install/arm_controller/local/lib/python3.10/dist-packages/arm_controller'...
Compiling '/home/ros/arm_ws/install/arm_controller/local/lib/python3.10/dist-packages/arm_controller/__init__.py'...
Compiling '/home/ros/arm_ws/install/arm_controller/local/lib/python3.10/dist-packages/arm_controller/slider_control.py'...
-- Installing: /home/ros/arm_ws/install/arm_controller/lib/arm_controller/slider_control
-- Set runtime path of "/home/ros/arm_ws/install/arm_controller/lib/arm_controller/slider_control" to ""
-- Installing: /home/ros/arm_ws/install/arm_controller/lib/libarm_controller.so
-- Set runtime path of "/home/ros/arm_ws/install/arm_controller/lib/libarm_controller.so" to ""
-- Installing: /home/ros/arm_ws/install/arm_controller/include/include
-- Installing: /home/ros/arm_ws/install/arm_controller/include/include/arm_controller
-- Installing: /home/ros/arm_ws/install/arm_controller/include/include/arm_controller/arm_interface.hpp
-- Installing: /home/ros/arm_ws/install/arm_controller/share/arm_controller/launch
-- Installing: /home/ros/arm_ws/install/arm_controller/share/arm_controller/launch/controller.launch.py
-- Installing: /home/ros/arm_ws/install/arm_controller/share/arm_controller/launch/slider_controller.launch.py
-- Installing: /home/ros/arm_ws/install/arm_controller/share/arm_controller/config
-- Installing: /home/ros/arm_ws/install/arm_controller/share/arm_controller/config/arm_controllers.yaml
-- Installing: /home/ros/arm_ws/install/arm_controller/lib/arm_controller/slider_control.py
-- Installing: /home/ros/arm_ws/install/arm_controller/share/arm_controller/environment/library_path.sh
-- Installing: /home/ros/arm_ws/install/arm_controller/share/arm_controller/environment/library_path.dsv
-- Installing: /home/ros/arm_ws/install/arm_controller/share/ament_index/resource_index/package_run_dependencies/arm_controller
-- Installing: /home/ros/arm_ws/install/arm_controller/share/ament_index/resource_index/parent_prefix_path/arm_controller
-- Installing: /home/ros/arm_ws/install/arm_controller/share/arm_controller/environment/ament_prefix_path.sh
-- Installing: /home/ros/arm_ws/install/arm_controller/share/arm_controller/environment/ament_prefix_path.dsv
-- Installing: /home/ros/arm_ws/install/arm_controller/share/arm_controller/environment/path.sh
-- Installing: /home/ros/arm_ws/install/arm_controller/share/arm_controller/environment/path.dsv
-- Installing: /home/ros/arm_ws/install/arm_controller/share/arm_controller/local_setup.bash
-- Installing: /home/ros/arm_ws/install/arm_controller/share/arm_controller/local_setup.sh
-- Installing: /home/ros/arm_ws/install/arm_controller/share/arm_controller/local_setup.zsh
-- Installing: /home/ros/arm_ws/install/arm_controller/share/arm_controller/local_setup.dsv
-- Installing: /home/ros/arm_ws/install/arm_controller/share/arm_controller/package.dsv
-- Installing: /home/ros/arm_ws/install/arm_controller/share/ament_index/resource_index/packages/arm_controller
-- Installing: /home/ros/arm_ws/install/arm_controller/share/ament_index/resource_index/hardware_interface__pluginlib__plugin/arm_controller
-- Installing: /home/ros/arm_ws/install/arm_controller/share/arm_controller/cmake/ament_cmake_export_include_directories-extras.cmake
-- Installing: /home/ros/arm_ws/install/arm_controller/share/arm_controller/cmake/ament_cmake_export_libraries-extras.cmake
-- Installing: /home/ros/arm_ws/install/arm_controller/share/arm_controller/cmake/ament_cmake_export_dependencies-extras.cmake
-- Installing: /home/ros/arm_ws/install/arm_controller/share/arm_controller/cmake/arm_controllerConfig.cmake
-- Installing: /home/ros/arm_ws/install/arm_controller/share/arm_controller/cmake/arm_controllerConfig-version.cmake
-- Installing: /home/ros/arm_ws/install/arm_controller/share/arm_controller/package.xml
