[0.078s] Invoking command in '/home/ros/arm_ws/build/arm_moveit': CMAKE_PREFIX_PATH=/opt/ros/humble /usr/bin/cmake --build /home/ros/arm_ws/build/arm_moveit -- -j2 -l2
[0.427s] Invoked command in '/home/ros/arm_ws/build/arm_moveit' returned '0': CMAKE_PREFIX_PATH=/opt/ros/humble /usr/bin/cmake --build /home/ros/arm_ws/build/arm_moveit -- -j2 -l2
[0.778s] Invoking command in '/home/ros/arm_ws/build/arm_moveit': CMAKE_PREFIX_PATH=/opt/ros/humble /usr/bin/cmake --install /home/ros/arm_ws/build/arm_moveit
[0.857s] -- Install configuration: ""
[0.857s] -- Up-to-date: /home/ros/arm_ws/install/arm_moveit/share/arm_moveit/launch
[0.857s] -- Up-to-date: /home/ros/arm_ws/install/arm_moveit/share/arm_moveit/launch/moveit.launch.py
[0.857s] -- Up-to-date: /home/ros/arm_ws/install/arm_moveit/share/arm_moveit/config
[0.857s] -- Up-to-date: /home/ros/arm_ws/install/arm_moveit/share/arm_moveit/config/initial_positions.yaml
[0.857s] -- Up-to-date: /home/ros/arm_ws/install/arm_moveit/share/arm_moveit/config/moveit_controllers.yaml
[0.857s] -- Up-to-date: /home/ros/arm_ws/install/arm_moveit/share/arm_moveit/config/pilz_cartesian_limits.yaml
[0.858s] -- Up-to-date: /home/ros/arm_ws/install/arm_moveit/share/arm_moveit/config/kinematics.yaml
[0.861s] -- Up-to-date: /home/ros/arm_ws/install/arm_moveit/share/arm_moveit/config/arm.srdf
[0.862s] -- Up-to-date: /home/ros/arm_ws/install/arm_moveit/share/arm_moveit/config/moveit.rviz
[0.867s] -- Up-to-date: /home/ros/arm_ws/install/arm_moveit/share/arm_moveit/config/joint_limits.yaml
[0.868s] -- Up-to-date: /home/ros/arm_ws/install/arm_moveit/share/ament_index/resource_index/package_run_dependencies/arm_moveit
[0.868s] -- Up-to-date: /home/ros/arm_ws/install/arm_moveit/share/ament_index/resource_index/parent_prefix_path/arm_moveit
[0.873s] -- Up-to-date: /home/ros/arm_ws/install/arm_moveit/share/arm_moveit/environment/ament_prefix_path.sh
[0.873s] -- Up-to-date: /home/ros/arm_ws/install/arm_moveit/share/arm_moveit/environment/ament_prefix_path.dsv
[0.873s] -- Up-to-date: /home/ros/arm_ws/install/arm_moveit/share/arm_moveit/environment/path.sh
[0.873s] -- Up-to-date: /home/ros/arm_ws/install/arm_moveit/share/arm_moveit/environment/path.dsv
[0.874s] -- Up-to-date: /home/ros/arm_ws/install/arm_moveit/share/arm_moveit/local_setup.bash
[0.874s] -- Up-to-date: /home/ros/arm_ws/install/arm_moveit/share/arm_moveit/local_setup.sh
[0.874s] -- Up-to-date: /home/ros/arm_ws/install/arm_moveit/share/arm_moveit/local_setup.zsh
[0.874s] -- Up-to-date: /home/ros/arm_ws/install/arm_moveit/share/arm_moveit/local_setup.dsv
[0.874s] -- Installing: /home/ros/arm_ws/install/arm_moveit/share/arm_moveit/package.dsv
[0.874s] -- Up-to-date: /home/ros/arm_ws/install/arm_moveit/share/ament_index/resource_index/packages/arm_moveit
[0.874s] -- Up-to-date: /home/ros/arm_ws/install/arm_moveit/share/arm_moveit/cmake/arm_moveitConfig.cmake
[0.874s] -- Up-to-date: /home/ros/arm_ws/install/arm_moveit/share/arm_moveit/cmake/arm_moveitConfig-version.cmake
[0.874s] -- Up-to-date: /home/ros/arm_ws/install/arm_moveit/share/arm_moveit/package.xml
[0.884s] Invoked command in '/home/ros/arm_ws/build/arm_moveit' returned '0': CMAKE_PREFIX_PATH=/opt/ros/humble /usr/bin/cmake --install /home/ros/arm_ws/build/arm_moveit
