-- The C compiler identification is GNU 11.4.0
-- The CXX compiler identification is GNU 11.4.0
-- Detecting C compiler ABI info
-- Detecting C compiler ABI info - done
-- Check for working C compiler: /usr/bin/cc - skipped
-- Detecting C compile features
-- Detecting C compile features - done
-- Detecting CXX compiler ABI info
-- Detecting CXX compiler ABI info - done
-- Check for working CXX compiler: /usr/bin/c++ - skipped
-- Detecting CXX compile features
-- Detecting CXX compile features - done
-- Found ament_cmake: 1.3.12 (/opt/ros/humble/share/ament_cmake/cmake)
-- Found Python3: /usr/bin/python3 (found version "3.10.12") found components: Interpreter 
-- Found rclcpp: 16.0.15 (/opt/ros/humble/share/rclcpp/cmake)
-- Found rosidl_generator_c: 3.1.7 (/opt/ros/humble/share/rosidl_generator_c/cmake)
-- Found rosidl_adapter: 3.1.7 (/opt/ros/humble/share/rosidl_adapter/cmake)
-- Found rosidl_generator_cpp: 3.1.7 (/opt/ros/humble/share/rosidl_generator_cpp/cmake)
-- Using all available rosidl_typesupport_c: rosidl_typesupport_fastrtps_c;rosidl_typesupport_introspection_c
-- Using all available rosidl_typesupport_cpp: rosidl_typesupport_fastrtps_cpp;rosidl_typesupport_introspection_cpp
-- Found rmw_implementation_cmake: 6.1.2 (/opt/ros/humble/share/rmw_implementation_cmake/cmake)
-- Found rmw_fastrtps_cpp: 6.2.9 (/opt/ros/humble/share/rmw_fastrtps_cpp/cmake)
-- Found OpenSSL: /usr/lib/x86_64-linux-gnu/libcrypto.so (found version "3.0.2")  
-- Found FastRTPS: /opt/ros/humble/include  
-- Using RMW implementation 'rmw_fastrtps_cpp' as default
-- Looking for pthread.h
-- Looking for pthread.h - found
-- Performing Test CMAKE_HAVE_LIBC_PTHREAD
-- Performing Test CMAKE_HAVE_LIBC_PTHREAD - Success
-- Found Threads: TRUE  
-- Found rclcpp_action: 16.0.15 (/opt/ros/humble/share/rclcpp_action/cmake)
-- Found rclcpp_components: 16.0.15 (/opt/ros/humble/share/rclcpp_components/cmake)
-- Found arm_msgs: 0.0.0 (/home/ros/arm_ws/install/arm_msgs/share/arm_msgs/cmake)
-- Found moveit_ros_planning_interface: 2.5.9 (/opt/ros/humble/share/moveit_ros_planning_interface/cmake)
-- Found Boost: /usr/lib/x86_64-linux-gnu/cmake/Boost-1.74.0/BoostConfig.cmake (found version "1.74.0") found components: date_time filesystem program_options system thread 
-- Found Boost: /usr/lib/x86_64-linux-gnu/cmake/Boost-1.74.0/BoostConfig.cmake (found version "1.74.0") found components: chrono date_time filesystem iostreams program_options regex serialization system thread 
-- Found parameter_traits: 0.5.0 (/opt/ros/humble/share/parameter_traits/cmake)
-- Found rclcpp_lifecycle: 16.0.15 (/opt/ros/humble/share/rclcpp_lifecycle/cmake)
-- Found Boost: /usr/lib/x86_64-linux-gnu/cmake/Boost-1.74.0/BoostConfig.cmake (found version "1.74.0") found components: filesystem 
-- library: /usr/lib/x86_64-linux-gnu/libcurl.so
-- Found Eigen3: TRUE (found version "3.4.0") 
-- Ensuring Eigen3 include directory is part of orocos-kdl CMake target
-- Found Boost: /usr/lib/x86_64-linux-gnu/cmake/Boost-1.74.0/BoostConfig.cmake (found version "1.74.0") found components: system filesystem date_time program_options thread chrono 
-- Found Boost: /usr/lib/x86_64-linux-gnu/cmake/Boost-1.74.0/BoostConfig.cmake (found version "1.74.0") found components: thread system filesystem regex date_time program_options 
-- Found Boost: /usr/lib/x86_64-linux-gnu/cmake/Boost-1.74.0/BoostConfig.cmake (found version "1.74.0") found components: system filesystem date_time program_options thread 
-- Found rclpy: 3.3.17 (/opt/ros/humble/share/rclpy/cmake)
-- Configuring done
-- Generating done
-- Build files have been written to: /home/ros/arm_ws/build/arm_remote
Consolidate compiler generated dependencies of target task_server_node
Consolidate compiler generated dependencies of target task_server
[  0%] Built target ament_cmake_python_copy_arm_remote
[ 25%] Building CXX object CMakeFiles/task_server_node.dir/rclcpp_components/node_main_task_server_node.cpp.o
[ 50%] Building CXX object CMakeFiles/task_server.dir/src/task_server.cpp.o
running egg_info
writing arm_remote.egg-info/PKG-INFO
writing dependency_links to arm_remote.egg-info/dependency_links.txt
writing top-level names to arm_remote.egg-info/top_level.txt
reading manifest file 'arm_remote.egg-info/SOURCES.txt'
writing manifest file 'arm_remote.egg-info/SOURCES.txt'
[ 50%] Built target ament_cmake_python_build_arm_remote_egg
[ 75%] Linking CXX executable task_server_node
[ 75%] Built target task_server_node
[100%] Linking CXX shared library libtask_server.so
[100%] Built target task_server
-- Install configuration: ""
-- Installing: /home/ros/arm_ws/install/arm_remote/lib/arm_remote/task_server_node
-- Set runtime path of "/home/ros/arm_ws/install/arm_remote/lib/arm_remote/task_server_node" to ""
-- Up-to-date: /home/ros/arm_ws/install/arm_remote/share/arm_remote/environment/pythonpath.sh
-- Installing: /home/ros/arm_ws/install/arm_remote/share/arm_remote/environment/pythonpath.dsv
-- Up-to-date: /home/ros/arm_ws/install/arm_remote/local/lib/python3.10/dist-packages/arm_remote-0.0.0-py3.10.egg-info
-- Installing: /home/ros/arm_ws/install/arm_remote/local/lib/python3.10/dist-packages/arm_remote-0.0.0-py3.10.egg-info/dependency_links.txt
-- Installing: /home/ros/arm_ws/install/arm_remote/local/lib/python3.10/dist-packages/arm_remote-0.0.0-py3.10.egg-info/SOURCES.txt
-- Installing: /home/ros/arm_ws/install/arm_remote/local/lib/python3.10/dist-packages/arm_remote-0.0.0-py3.10.egg-info/PKG-INFO
-- Installing: /home/ros/arm_ws/install/arm_remote/local/lib/python3.10/dist-packages/arm_remote-0.0.0-py3.10.egg-info/top_level.txt
-- Up-to-date: /home/ros/arm_ws/install/arm_remote/local/lib/python3.10/dist-packages/arm_remote
-- Installing: /home/ros/arm_ws/install/arm_remote/local/lib/python3.10/dist-packages/arm_remote/alexa_interface.py
-- Up-to-date: /home/ros/arm_ws/install/arm_remote/local/lib/python3.10/dist-packages/arm_remote/__init__.py
Listing '/home/ros/arm_ws/install/arm_remote/local/lib/python3.10/dist-packages/arm_remote'...
Compiling '/home/ros/arm_ws/install/arm_remote/local/lib/python3.10/dist-packages/arm_remote/alexa_interface.py'...
-- Up-to-date: /home/ros/arm_ws/install/arm_remote/share/arm_remote/launch
-- Up-to-date: /home/ros/arm_ws/install/arm_remote/share/arm_remote/launch/remote_interface.launch.py
-- Installing: /home/ros/arm_ws/install/arm_remote/lib/libtask_server.so
-- Set runtime path of "/home/ros/arm_ws/install/arm_remote/lib/libtask_server.so" to ""
-- Installing: /home/ros/arm_ws/install/arm_remote/lib/arm_remote/alexa_interface.py
-- Up-to-date: /home/ros/arm_ws/install/arm_remote/share/ament_index/resource_index/package_run_dependencies/arm_remote
-- Up-to-date: /home/ros/arm_ws/install/arm_remote/share/ament_index/resource_index/parent_prefix_path/arm_remote
-- Installing: /home/ros/arm_ws/install/arm_remote/share/arm_remote/environment/ament_prefix_path.sh
-- Installing: /home/ros/arm_ws/install/arm_remote/share/arm_remote/environment/ament_prefix_path.dsv
-- Installing: /home/ros/arm_ws/install/arm_remote/share/arm_remote/environment/path.sh
-- Installing: /home/ros/arm_ws/install/arm_remote/share/arm_remote/environment/path.dsv
-- Up-to-date: /home/ros/arm_ws/install/arm_remote/share/arm_remote/local_setup.bash
-- Up-to-date: /home/ros/arm_ws/install/arm_remote/share/arm_remote/local_setup.sh
-- Up-to-date: /home/ros/arm_ws/install/arm_remote/share/arm_remote/local_setup.zsh
-- Installing: /home/ros/arm_ws/install/arm_remote/share/arm_remote/local_setup.dsv
-- Installing: /home/ros/arm_ws/install/arm_remote/share/arm_remote/package.dsv
-- Up-to-date: /home/ros/arm_ws/install/arm_remote/share/ament_index/resource_index/packages/arm_remote
-- Up-to-date: /home/ros/arm_ws/install/arm_remote/share/ament_index/resource_index/rclcpp_components/arm_remote
-- Up-to-date: /home/ros/arm_ws/install/arm_remote/share/arm_remote/cmake/arm_remoteConfig.cmake
-- Up-to-date: /home/ros/arm_ws/install/arm_remote/share/arm_remote/cmake/arm_remoteConfig-version.cmake
-- Up-to-date: /home/ros/arm_ws/install/arm_remote/share/arm_remote/package.xml
