-- The C compiler identification is GNU 11.4.0
-- The CXX compiler identification is GNU 11.4.0
-- Detecting C compiler ABI info
-- Detecting C compiler ABI info - done
-- Check for working C compiler: /usr/bin/cc - skipped
-- Detecting C compile features
-- Detecting C compile features - done
-- Detecting CXX compiler ABI info
-- Detecting CXX compiler ABI info - done
-- Check for working CXX compiler: /usr/bin/c++ - skipped
-- Detecting CXX compile features
-- Detecting CXX compile features - done
-- Found ament_cmake: 1.3.10 (/opt/ros/humble/share/ament_cmake/cmake)
-- Found Python3: /usr/bin/python3 (found version "3.10.12") found components: Interpreter 
-- Found std_msgs: 4.2.4 (/opt/ros/humble/share/std_msgs/cmake)
-- Found rosidl_generator_c: 3.1.5 (/opt/ros/humble/share/rosidl_generator_c/cmake)
-- Found rosidl_adapter: 3.1.5 (/opt/ros/humble/share/rosidl_adapter/cmake)
-- Found rosidl_generator_cpp: 3.1.5 (/opt/ros/humble/share/rosidl_generator_cpp/cmake)
-- Using all available rosidl_typesupport_c: rosidl_typesupport_fastrtps_c;rosidl_typesupport_introspection_c
-- Using all available rosidl_typesupport_cpp: rosidl_typesupport_fastrtps_cpp;rosidl_typesupport_introspection_cpp
-- Found rosidl_default_generators: 1.2.0 (/opt/ros/humble/share/rosidl_default_generators/cmake)
-- Found ament_cmake_ros: 0.10.0 (/opt/ros/humble/share/ament_cmake_ros/cmake)
-- Using all available rosidl_typesupport_c: rosidl_typesupport_fastrtps_c;rosidl_typesupport_introspection_c
-- Using all available rosidl_typesupport_cpp: rosidl_typesupport_fastrtps_cpp;rosidl_typesupport_introspection_cpp
-- Found PythonInterp: /usr/bin/python3 (found suitable version "3.10.12", minimum required is "3.6") 
-- Found python_cmake_module: 0.10.0 (/opt/ros/humble/share/python_cmake_module/cmake)
-- Found PythonLibs: /usr/lib/x86_64-linux-gnu/libpython3.10.so (found suitable version "3.10.12", minimum required is "3.5") 
-- Using PYTHON_EXECUTABLE: /usr/bin/python3
-- Using PYTHON_INCLUDE_DIRS: /usr/include/python3.10
-- Using PYTHON_LIBRARIES: /usr/lib/x86_64-linux-gnu/libpython3.10.so
-- Found PythonExtra: .so  
-- Configuring done
-- Generating done
-- Build files have been written to: /home/ros/arm_ws/build/arm_msgs
[  1%] [34m[1mGenerating C code for ROS interfaces[0m
[  3%] [34m[1mGenerating C++ code for ROS interfaces[0m
[  3%] Built target arm_msgs__cpp
[  4%] [32mBuilding C object CMakeFiles/arm_msgs__rosidl_generator_c.dir/rosidl_generator_c/arm_msgs/srv/detail/add_two_ints__functions.c.o[0m
[  4%] Built target ament_cmake_python_copy_arm_msgs
[  6%] [34m[1mGenerating C++ type support dispatch for ROS interfaces[0m
[  7%] [32mBuilding C object CMakeFiles/arm_msgs__rosidl_generator_c.dir/rosidl_generator_c/arm_msgs/srv/detail/euler_to_quaternion__functions.c.o[0m
[  9%] [32mBuilding C object CMakeFiles/arm_msgs__rosidl_generator_c.dir/rosidl_generator_c/arm_msgs/srv/detail/quaternion_to_euler__functions.c.o[0m
[ 11%] [32mBuilding C object CMakeFiles/arm_msgs__rosidl_generator_c.dir/rosidl_generator_c/arm_msgs/action/detail/fibonacci__functions.c.o[0m
[ 12%] [32mBuilding C object CMakeFiles/arm_msgs__rosidl_generator_c.dir/rosidl_generator_c/arm_msgs/action/detail/arm_task__functions.c.o[0m
[ 14%] [32m[1mLinking C shared library libarm_msgs__rosidl_generator_c.so[0m
[ 14%] Built target arm_msgs__rosidl_generator_c
[ 15%] [34m[1mGenerating C++ type support for eProsima Fast-RTPS[0m
[ 17%] [32mBuilding CXX object CMakeFiles/arm_msgs__rosidl_typesupport_cpp.dir/rosidl_typesupport_cpp/arm_msgs/srv/add_two_ints__type_support.cpp.o[0m
[ 19%] [32mBuilding CXX object CMakeFiles/arm_msgs__rosidl_typesupport_cpp.dir/rosidl_typesupport_cpp/arm_msgs/srv/euler_to_quaternion__type_support.cpp.o[0m
[ 20%] [32mBuilding CXX object CMakeFiles/arm_msgs__rosidl_typesupport_cpp.dir/rosidl_typesupport_cpp/arm_msgs/srv/quaternion_to_euler__type_support.cpp.o[0m
[ 22%] [32mBuilding CXX object CMakeFiles/arm_msgs__rosidl_typesupport_fastrtps_cpp.dir/rosidl_typesupport_fastrtps_cpp/arm_msgs/srv/detail/dds_fastrtps/add_two_ints__type_support.cpp.o[0m
[ 23%] [32mBuilding CXX object CMakeFiles/arm_msgs__rosidl_typesupport_cpp.dir/rosidl_typesupport_cpp/arm_msgs/action/fibonacci__type_support.cpp.o[0m
[ 25%] [32mBuilding CXX object CMakeFiles/arm_msgs__rosidl_typesupport_fastrtps_cpp.dir/rosidl_typesupport_fastrtps_cpp/arm_msgs/srv/detail/dds_fastrtps/euler_to_quaternion__type_support.cpp.o[0m
[ 26%] [32mBuilding CXX object CMakeFiles/arm_msgs__rosidl_typesupport_cpp.dir/rosidl_typesupport_cpp/arm_msgs/action/arm_task__type_support.cpp.o[0m
[ 28%] [32mBuilding CXX object CMakeFiles/arm_msgs__rosidl_typesupport_fastrtps_cpp.dir/rosidl_typesupport_fastrtps_cpp/arm_msgs/srv/detail/dds_fastrtps/quaternion_to_euler__type_support.cpp.o[0m
[ 30%] [32m[1mLinking CXX shared library libarm_msgs__rosidl_typesupport_cpp.so[0m
[ 31%] [32mBuilding CXX object CMakeFiles/arm_msgs__rosidl_typesupport_fastrtps_cpp.dir/rosidl_typesupport_fastrtps_cpp/arm_msgs/action/detail/dds_fastrtps/fibonacci__type_support.cpp.o[0m
[ 31%] Built target arm_msgs__rosidl_typesupport_cpp
[ 33%] [32mBuilding CXX object CMakeFiles/arm_msgs__rosidl_typesupport_fastrtps_cpp.dir/rosidl_typesupport_fastrtps_cpp/arm_msgs/action/detail/dds_fastrtps/arm_task__type_support.cpp.o[0m
[ 34%] [32m[1mLinking CXX shared library libarm_msgs__rosidl_typesupport_fastrtps_cpp.so[0m
[ 34%] Built target arm_msgs__rosidl_typesupport_fastrtps_cpp
[ 36%] [34m[1mGenerating C introspection for ROS interfaces[0m
[ 38%] [32mBuilding C object CMakeFiles/arm_msgs__rosidl_typesupport_introspection_c.dir/rosidl_typesupport_introspection_c/arm_msgs/srv/detail/add_two_ints__type_support.c.o[0m
[ 39%] [32mBuilding C object CMakeFiles/arm_msgs__rosidl_typesupport_introspection_c.dir/rosidl_typesupport_introspection_c/arm_msgs/srv/detail/euler_to_quaternion__type_support.c.o[0m
[ 41%] [32mBuilding C object CMakeFiles/arm_msgs__rosidl_typesupport_introspection_c.dir/rosidl_typesupport_introspection_c/arm_msgs/srv/detail/quaternion_to_euler__type_support.c.o[0m
[ 42%] [32mBuilding C object CMakeFiles/arm_msgs__rosidl_typesupport_introspection_c.dir/rosidl_typesupport_introspection_c/arm_msgs/action/detail/fibonacci__type_support.c.o[0m
[ 44%] [32mBuilding C object CMakeFiles/arm_msgs__rosidl_typesupport_introspection_c.dir/rosidl_typesupport_introspection_c/arm_msgs/action/detail/arm_task__type_support.c.o[0m
[ 46%] [32m[1mLinking C shared library libarm_msgs__rosidl_typesupport_introspection_c.so[0m
[ 46%] Built target arm_msgs__rosidl_typesupport_introspection_c
[ 47%] [34m[1mGenerating C type support dispatch for ROS interfaces[0m
[ 49%] [32mBuilding CXX object CMakeFiles/arm_msgs__rosidl_typesupport_c.dir/rosidl_typesupport_c/arm_msgs/srv/add_two_ints__type_support.cpp.o[0m
[ 50%] [32mBuilding CXX object CMakeFiles/arm_msgs__rosidl_typesupport_c.dir/rosidl_typesupport_c/arm_msgs/srv/euler_to_quaternion__type_support.cpp.o[0m
[ 52%] [32mBuilding CXX object CMakeFiles/arm_msgs__rosidl_typesupport_c.dir/rosidl_typesupport_c/arm_msgs/srv/quaternion_to_euler__type_support.cpp.o[0m
[ 53%] [32mBuilding CXX object CMakeFiles/arm_msgs__rosidl_typesupport_c.dir/rosidl_typesupport_c/arm_msgs/action/fibonacci__type_support.cpp.o[0m
[ 55%] [32mBuilding CXX object CMakeFiles/arm_msgs__rosidl_typesupport_c.dir/rosidl_typesupport_c/arm_msgs/action/arm_task__type_support.cpp.o[0m
[ 57%] [32m[1mLinking CXX shared library libarm_msgs__rosidl_typesupport_c.so[0m
[ 57%] Built target arm_msgs__rosidl_typesupport_c
[ 58%] [34m[1mGenerating C++ introspection for ROS interfaces[0m
[ 60%] [32mBuilding CXX object CMakeFiles/arm_msgs__rosidl_typesupport_introspection_cpp.dir/rosidl_typesupport_introspection_cpp/arm_msgs/srv/detail/add_two_ints__type_support.cpp.o[0m
[ 61%] [32mBuilding CXX object CMakeFiles/arm_msgs__rosidl_typesupport_introspection_cpp.dir/rosidl_typesupport_introspection_cpp/arm_msgs/srv/detail/euler_to_quaternion__type_support.cpp.o[0m
[ 63%] [32mBuilding CXX object CMakeFiles/arm_msgs__rosidl_typesupport_introspection_cpp.dir/rosidl_typesupport_introspection_cpp/arm_msgs/srv/detail/quaternion_to_euler__type_support.cpp.o[0m
[ 65%] [32mBuilding CXX object CMakeFiles/arm_msgs__rosidl_typesupport_introspection_cpp.dir/rosidl_typesupport_introspection_cpp/arm_msgs/action/detail/fibonacci__type_support.cpp.o[0m
[ 66%] [32mBuilding CXX object CMakeFiles/arm_msgs__rosidl_typesupport_introspection_cpp.dir/rosidl_typesupport_introspection_cpp/arm_msgs/action/detail/arm_task__type_support.cpp.o[0m
[ 68%] [32m[1mLinking CXX shared library libarm_msgs__rosidl_typesupport_introspection_cpp.so[0m
[ 68%] Built target arm_msgs__rosidl_typesupport_introspection_cpp
running egg_info
creating arm_msgs.egg-info
writing arm_msgs.egg-info/PKG-INFO
writing dependency_links to arm_msgs.egg-info/dependency_links.txt
writing top-level names to arm_msgs.egg-info/top_level.txt
writing manifest file 'arm_msgs.egg-info/SOURCES.txt'
reading manifest file 'arm_msgs.egg-info/SOURCES.txt'
writing manifest file 'arm_msgs.egg-info/SOURCES.txt'
[ 68%] Built target ament_cmake_python_build_arm_msgs_egg
[ 69%] [34m[1mGenerating C type support for eProsima Fast-RTPS[0m
[ 71%] [32mBuilding CXX object CMakeFiles/arm_msgs__rosidl_typesupport_fastrtps_c.dir/rosidl_typesupport_fastrtps_c/arm_msgs/srv/detail/add_two_ints__type_support_c.cpp.o[0m
[ 73%] [32mBuilding CXX object CMakeFiles/arm_msgs__rosidl_typesupport_fastrtps_c.dir/rosidl_typesupport_fastrtps_c/arm_msgs/srv/detail/euler_to_quaternion__type_support_c.cpp.o[0m
[ 74%] [32mBuilding CXX object CMakeFiles/arm_msgs__rosidl_typesupport_fastrtps_c.dir/rosidl_typesupport_fastrtps_c/arm_msgs/srv/detail/quaternion_to_euler__type_support_c.cpp.o[0m
[ 76%] [32mBuilding CXX object CMakeFiles/arm_msgs__rosidl_typesupport_fastrtps_c.dir/rosidl_typesupport_fastrtps_c/arm_msgs/action/detail/fibonacci__type_support_c.cpp.o[0m
[ 77%] [32mBuilding CXX object CMakeFiles/arm_msgs__rosidl_typesupport_fastrtps_c.dir/rosidl_typesupport_fastrtps_c/arm_msgs/action/detail/arm_task__type_support_c.cpp.o[0m
[ 79%] [32m[1mLinking CXX shared library libarm_msgs__rosidl_typesupport_fastrtps_c.so[0m
[ 79%] Built target arm_msgs__rosidl_typesupport_fastrtps_c
[ 79%] Built target arm_msgs
[ 80%] [34m[1mGenerating Python code for ROS interfaces[0m
[ 80%] Built target arm_msgs__py
[ 82%] [32mBuilding C object CMakeFiles/arm_msgs__rosidl_generator_py.dir/rosidl_generator_py/arm_msgs/srv/_add_two_ints_s.c.o[0m
[ 84%] [32mBuilding C object CMakeFiles/arm_msgs__rosidl_generator_py.dir/rosidl_generator_py/arm_msgs/srv/_euler_to_quaternion_s.c.o[0m
[ 85%] [32mBuilding C object CMakeFiles/arm_msgs__rosidl_generator_py.dir/rosidl_generator_py/arm_msgs/srv/_quaternion_to_euler_s.c.o[0m
[ 87%] [32mBuilding C object CMakeFiles/arm_msgs__rosidl_generator_py.dir/rosidl_generator_py/arm_msgs/action/_fibonacci_s.c.o[0m
[ 88%] [32mBuilding C object CMakeFiles/arm_msgs__rosidl_generator_py.dir/rosidl_generator_py/arm_msgs/action/_arm_task_s.c.o[0m
[ 90%] [32m[1mLinking C shared library rosidl_generator_py/arm_msgs/libarm_msgs__rosidl_generator_py.so[0m
[ 90%] Built target arm_msgs__rosidl_generator_py
[ 92%] [32mBuilding C object CMakeFiles/arm_msgs__rosidl_typesupport_fastrtps_c__pyext.dir/rosidl_generator_py/arm_msgs/_arm_msgs_s.ep.rosidl_typesupport_fastrtps_c.c.o[0m
[ 93%] [32m[1mLinking C shared library rosidl_generator_py/arm_msgs/arm_msgs_s__rosidl_typesupport_fastrtps_c.cpython-310-x86_64-linux-gnu.so[0m
[ 93%] Built target arm_msgs__rosidl_typesupport_fastrtps_c__pyext
[ 95%] [32mBuilding C object CMakeFiles/arm_msgs__rosidl_typesupport_introspection_c__pyext.dir/rosidl_generator_py/arm_msgs/_arm_msgs_s.ep.rosidl_typesupport_introspection_c.c.o[0m
[ 96%] [32m[1mLinking C shared library rosidl_generator_py/arm_msgs/arm_msgs_s__rosidl_typesupport_introspection_c.cpython-310-x86_64-linux-gnu.so[0m
[ 96%] Built target arm_msgs__rosidl_typesupport_introspection_c__pyext
[ 98%] [32mBuilding C object CMakeFiles/arm_msgs__rosidl_typesupport_c__pyext.dir/rosidl_generator_py/arm_msgs/_arm_msgs_s.ep.rosidl_typesupport_c.c.o[0m
[100%] [32m[1mLinking C shared library rosidl_generator_py/arm_msgs/arm_msgs_s__rosidl_typesupport_c.cpython-310-x86_64-linux-gnu.so[0m
[100%] Built target arm_msgs__rosidl_typesupport_c__pyext
