[0.147s] Invoking command in '/home/ros/arm_ws/build/arm_description': CMAKE_PREFIX_PATH=${CMAKE_PREFIX_PATH}:/home/ros/arm_ws/install/arm_py_examples:/opt/ros/humble /usr/bin/cmake --build /home/ros/arm_ws/build/arm_description -- -j2 -l2
[0.534s] Invoked command in '/home/ros/arm_ws/build/arm_description' returned '0': CMAKE_PREFIX_PATH=${CMAKE_PREFIX_PATH}:/home/ros/arm_ws/install/arm_py_examples:/opt/ros/humble /usr/bin/cmake --build /home/ros/arm_ws/build/arm_description -- -j2 -l2
[0.859s] Invoking command in '/home/ros/arm_ws/build/arm_description': CMAKE_PREFIX_PATH=${CMAKE_PREFIX_PATH}:/home/ros/arm_ws/install/arm_py_examples:/opt/ros/humble /usr/bin/cmake --install /home/ros/arm_ws/build/arm_description
[0.949s] -- Install configuration: ""
[0.949s] -- Up-to-date: /home/ros/arm_ws/install/arm_description/share/arm_description/launch
[0.950s] -- Up-to-date: /home/ros/arm_ws/install/arm_description/share/arm_description/launch/display.launch.py
[0.950s] -- Up-to-date: /home/ros/arm_ws/install/arm_description/share/arm_description/launch/gazebo.launch.py
[0.950s] -- Up-to-date: /home/ros/arm_ws/install/arm_description/share/arm_description/meshes
[0.953s] -- Up-to-date: /home/ros/arm_ws/install/arm_description/share/arm_description/meshes/triangular_link.STL
[0.954s] -- Up-to-date: /home/ros/arm_ws/install/arm_description/share/arm_description/meshes/basement.STL
[0.954s] -- Up-to-date: /home/ros/arm_ws/install/arm_description/share/arm_description/meshes/plate.STL
[0.961s] -- Up-to-date: /home/ros/arm_ws/install/arm_description/share/arm_description/meshes/base_plate.STL
[0.961s] -- Up-to-date: /home/ros/arm_ws/install/arm_description/share/arm_description/meshes/horizontal_arm.STL
[0.962s] -- Up-to-date: /home/ros/arm_ws/install/arm_description/share/arm_description/meshes/right_finger.STL
[0.962s] -- Up-to-date: /home/ros/arm_ws/install/arm_description/share/arm_description/meshes/vertical_drive_arm.STL
[0.965s] -- Up-to-date: /home/ros/arm_ws/install/arm_description/share/arm_description/meshes/forward_drive_arm.STL
[0.966s] -- Up-to-date: /home/ros/arm_ws/install/arm_description/share/arm_description/meshes/link.STL
[0.966s] -- Up-to-date: /home/ros/arm_ws/install/arm_description/share/arm_description/meshes/round_plate.STL
[0.975s] -- Up-to-date: /home/ros/arm_ws/install/arm_description/share/arm_description/meshes/claw_support.STL
[0.975s] -- Up-to-date: /home/ros/arm_ws/install/arm_description/share/arm_description/meshes/left_finger.STL
[0.975s] -- Up-to-date: /home/ros/arm_ws/install/arm_description/share/arm_description/meshes/servo_plate.STL
[0.975s] -- Up-to-date: /home/ros/arm_ws/install/arm_description/share/arm_description/models
[0.976s] -- Up-to-date: /home/ros/arm_ws/install/arm_description/share/arm_description/models/ground_plane
[0.976s] -- Up-to-date: /home/ros/arm_ws/install/arm_description/share/arm_description/models/ground_plane/model.config
[0.983s] -- Up-to-date: /home/ros/arm_ws/install/arm_description/share/arm_description/models/ground_plane/model-1_4.sdf
[0.984s] -- Up-to-date: /home/ros/arm_ws/install/arm_description/share/arm_description/models/ground_plane/model-1_3.sdf
[0.984s] -- Up-to-date: /home/ros/arm_ws/install/arm_description/share/arm_description/models/ground_plane/model.sdf
[0.988s] -- Up-to-date: /home/ros/arm_ws/install/arm_description/share/arm_description/models/ground_plane/model-1_2.sdf
[0.991s] -- Up-to-date: /home/ros/arm_ws/install/arm_description/share/arm_description/models/sun
[0.991s] -- Up-to-date: /home/ros/arm_ws/install/arm_description/share/arm_description/models/sun/model.config
[0.992s] -- Up-to-date: /home/ros/arm_ws/install/arm_description/share/arm_description/models/sun/model-1_4.sdf
[0.992s] -- Up-to-date: /home/ros/arm_ws/install/arm_description/share/arm_description/models/sun/model-1_3.sdf
[0.998s] -- Up-to-date: /home/ros/arm_ws/install/arm_description/share/arm_description/models/sun/model.sdf
[0.999s] -- Up-to-date: /home/ros/arm_ws/install/arm_description/share/arm_description/models/sun/model-1_2.sdf
[0.999s] -- Up-to-date: /home/ros/arm_ws/install/arm_description/share/arm_description/urdf
[1.000s] -- Up-to-date: /home/ros/arm_ws/install/arm_description/share/arm_description/urdf/arm_ros2_control.xacro
[1.001s] -- Up-to-date: /home/ros/arm_ws/install/arm_description/share/arm_description/urdf/arm_gazebo.xacro
[1.001s] -- Up-to-date: /home/ros/arm_ws/install/arm_description/share/arm_description/urdf/arm.urdf.xacro
[1.007s] -- Up-to-date: /home/ros/arm_ws/install/arm_description/share/arm_description/rviz
[1.007s] -- Up-to-date: /home/ros/arm_ws/install/arm_description/share/arm_description/rviz/display.rviz
[1.016s] -- Up-to-date: /home/ros/arm_ws/install/arm_description/share/ament_index/resource_index/package_run_dependencies/arm_description
[1.017s] -- Up-to-date: /home/ros/arm_ws/install/arm_description/share/ament_index/resource_index/parent_prefix_path/arm_description
[1.017s] -- Up-to-date: /home/ros/arm_ws/install/arm_description/share/arm_description/environment/ament_prefix_path.sh
[1.019s] -- Up-to-date: /home/ros/arm_ws/install/arm_description/share/arm_description/environment/ament_prefix_path.dsv
[1.020s] -- Up-to-date: /home/ros/arm_ws/install/arm_description/share/arm_description/environment/path.sh
[1.020s] -- Up-to-date: /home/ros/arm_ws/install/arm_description/share/arm_description/environment/path.dsv
[1.024s] -- Up-to-date: /home/ros/arm_ws/install/arm_description/share/arm_description/local_setup.bash
[1.026s] -- Up-to-date: /home/ros/arm_ws/install/arm_description/share/arm_description/local_setup.sh
[1.026s] -- Up-to-date: /home/ros/arm_ws/install/arm_description/share/arm_description/local_setup.zsh
[1.026s] -- Up-to-date: /home/ros/arm_ws/install/arm_description/share/arm_description/local_setup.dsv
[1.027s] -- Installing: /home/ros/arm_ws/install/arm_description/share/arm_description/package.dsv
[1.027s] -- Up-to-date: /home/ros/arm_ws/install/arm_description/share/ament_index/resource_index/packages/arm_description
[1.027s] -- Up-to-date: /home/ros/arm_ws/install/arm_description/share/arm_description/cmake/arm_descriptionConfig.cmake
[1.027s] -- Up-to-date: /home/ros/arm_ws/install/arm_description/share/arm_description/cmake/arm_descriptionConfig-version.cmake
[1.043s] -- Up-to-date: /home/ros/arm_ws/install/arm_description/share/arm_description/package.xml
[1.044s] Invoked command in '/home/ros/arm_ws/build/arm_description' returned '0': CMAKE_PREFIX_PATH=${CMAKE_PREFIX_PATH}:/home/ros/arm_ws/install/arm_py_examples:/opt/ros/humble /usr/bin/cmake --install /home/ros/arm_ws/build/arm_description
