[0.089s] Invoking command in '/home/ros/arm_ws/build/arm_controller': CMAKE_PREFIX_PATH=${CMAKE_PREFIX_PATH}:/home/ros/arm_ws/install/arm_py_examples:/opt/ros/humble /usr/bin/cmake --build /home/ros/arm_ws/build/arm_controller -- -j2 -l2
[0.764s] [ 50%] Built target slider_control
[1.111s] [100%] Built target arm_controller
[1.504s] [100%] Built target ament_cmake_python_copy_arm_controller
[4.840s] running egg_info
[4.859s] writing arm_controller.egg-info/PKG-INFO
[4.866s] writing dependency_links to arm_controller.egg-info/dependency_links.txt
[4.866s] writing top-level names to arm_controller.egg-info/top_level.txt
[4.886s] reading manifest file 'arm_controller.egg-info/SOURCES.txt'
[4.896s] writing manifest file 'arm_controller.egg-info/SOURCES.txt'
[5.271s] [100%] Built target ament_cmake_python_build_arm_controller_egg
[5.403s] Invoked command in '/home/ros/arm_ws/build/arm_controller' returned '0': CMAKE_PREFIX_PATH=${CMAKE_PREFIX_PATH}:/home/ros/arm_ws/install/arm_py_examples:/opt/ros/humble /usr/bin/cmake --build /home/ros/arm_ws/build/arm_controller -- -j2 -l2
[5.918s] Invoking command in '/home/ros/arm_ws/build/arm_controller': CMAKE_PREFIX_PATH=${CMAKE_PREFIX_PATH}:/home/ros/arm_ws/install/arm_py_examples:/opt/ros/humble /usr/bin/cmake --install /home/ros/arm_ws/build/arm_controller
[6.049s] -- Install configuration: ""
[6.052s] -- Up-to-date: /home/ros/arm_ws/install/arm_controller/share/arm_controller/arm_controller.xml
[6.053s] -- Up-to-date: /home/ros/arm_ws/install/arm_controller/share/arm_controller/environment/pythonpath.sh
[6.053s] -- Up-to-date: /home/ros/arm_ws/install/arm_controller/share/arm_controller/environment/pythonpath.dsv
[6.053s] -- Up-to-date: /home/ros/arm_ws/install/arm_controller/local/lib/python3.10/dist-packages/arm_controller-0.0.0-py3.10.egg-info
[6.056s] -- Installing: /home/ros/arm_ws/install/arm_controller/local/lib/python3.10/dist-packages/arm_controller-0.0.0-py3.10.egg-info/dependency_links.txt
[6.059s] -- Installing: /home/ros/arm_ws/install/arm_controller/local/lib/python3.10/dist-packages/arm_controller-0.0.0-py3.10.egg-info/SOURCES.txt
[6.059s] -- Installing: /home/ros/arm_ws/install/arm_controller/local/lib/python3.10/dist-packages/arm_controller-0.0.0-py3.10.egg-info/PKG-INFO
[6.064s] -- Installing: /home/ros/arm_ws/install/arm_controller/local/lib/python3.10/dist-packages/arm_controller-0.0.0-py3.10.egg-info/top_level.txt
[6.065s] -- Up-to-date: /home/ros/arm_ws/install/arm_controller/local/lib/python3.10/dist-packages/arm_controller
[6.065s] -- Up-to-date: /home/ros/arm_ws/install/arm_controller/local/lib/python3.10/dist-packages/arm_controller/slider_control.py
[6.076s] -- Up-to-date: /home/ros/arm_ws/install/arm_controller/local/lib/python3.10/dist-packages/arm_controller/__init__.py
[6.413s] Listing '/home/ros/arm_ws/install/arm_controller/local/lib/python3.10/dist-packages/arm_controller'...
[6.432s] -- Up-to-date: /home/ros/arm_ws/install/arm_controller/lib/arm_controller/slider_control
[6.432s] -- Up-to-date: /home/ros/arm_ws/install/arm_controller/lib/libarm_controller.so
[6.437s] -- Up-to-date: /home/ros/arm_ws/install/arm_controller/include/include
[6.437s] -- Up-to-date: /home/ros/arm_ws/install/arm_controller/include/include/arm_controller
[6.443s] -- Up-to-date: /home/ros/arm_ws/install/arm_controller/include/include/arm_controller/arm_interface.hpp
[6.444s] -- Up-to-date: /home/ros/arm_ws/install/arm_controller/share/arm_controller/launch
[6.444s] -- Up-to-date: /home/ros/arm_ws/install/arm_controller/share/arm_controller/launch/controller.launch.py
[6.446s] -- Up-to-date: /home/ros/arm_ws/install/arm_controller/share/arm_controller/launch/slider_controller.launch.py
[6.446s] -- Up-to-date: /home/ros/arm_ws/install/arm_controller/share/arm_controller/config
[6.446s] -- Up-to-date: /home/ros/arm_ws/install/arm_controller/share/arm_controller/config/arm_controllers.yaml
[6.446s] -- Up-to-date: /home/ros/arm_ws/install/arm_controller/lib/arm_controller/slider_control.py
[6.447s] -- Up-to-date: /home/ros/arm_ws/install/arm_controller/share/arm_controller/environment/library_path.sh
[6.450s] -- Up-to-date: /home/ros/arm_ws/install/arm_controller/share/arm_controller/environment/library_path.dsv
[6.452s] -- Up-to-date: /home/ros/arm_ws/install/arm_controller/share/ament_index/resource_index/package_run_dependencies/arm_controller
[6.458s] -- Up-to-date: /home/ros/arm_ws/install/arm_controller/share/ament_index/resource_index/parent_prefix_path/arm_controller
[6.458s] -- Up-to-date: /home/ros/arm_ws/install/arm_controller/share/arm_controller/environment/ament_prefix_path.sh
[6.458s] -- Up-to-date: /home/ros/arm_ws/install/arm_controller/share/arm_controller/environment/ament_prefix_path.dsv
[6.459s] -- Up-to-date: /home/ros/arm_ws/install/arm_controller/share/arm_controller/environment/path.sh
[6.460s] -- Up-to-date: /home/ros/arm_ws/install/arm_controller/share/arm_controller/environment/path.dsv
[6.460s] -- Up-to-date: /home/ros/arm_ws/install/arm_controller/share/arm_controller/local_setup.bash
[6.460s] -- Up-to-date: /home/ros/arm_ws/install/arm_controller/share/arm_controller/local_setup.sh
[6.461s] -- Up-to-date: /home/ros/arm_ws/install/arm_controller/share/arm_controller/local_setup.zsh
[6.461s] -- Up-to-date: /home/ros/arm_ws/install/arm_controller/share/arm_controller/local_setup.dsv
[6.461s] -- Installing: /home/ros/arm_ws/install/arm_controller/share/arm_controller/package.dsv
[6.465s] -- Up-to-date: /home/ros/arm_ws/install/arm_controller/share/ament_index/resource_index/packages/arm_controller
[6.465s] -- Up-to-date: /home/ros/arm_ws/install/arm_controller/share/ament_index/resource_index/hardware_interface__pluginlib__plugin/arm_controller
[6.466s] -- Up-to-date: /home/ros/arm_ws/install/arm_controller/share/arm_controller/cmake/ament_cmake_export_include_directories-extras.cmake
[6.470s] -- Up-to-date: /home/ros/arm_ws/install/arm_controller/share/arm_controller/cmake/ament_cmake_export_libraries-extras.cmake
[6.471s] -- Up-to-date: /home/ros/arm_ws/install/arm_controller/share/arm_controller/cmake/ament_cmake_export_dependencies-extras.cmake
[6.471s] -- Up-to-date: /home/ros/arm_ws/install/arm_controller/share/arm_controller/cmake/arm_controllerConfig.cmake
[6.472s] -- Up-to-date: /home/ros/arm_ws/install/arm_controller/share/arm_controller/cmake/arm_controllerConfig-version.cmake
[6.474s] -- Up-to-date: /home/ros/arm_ws/install/arm_controller/share/arm_controller/package.xml
[6.487s] Invoked command in '/home/ros/arm_ws/build/arm_controller' returned '0': CMAKE_PREFIX_PATH=${CMAKE_PREFIX_PATH}:/home/ros/arm_ws/install/arm_py_examples:/opt/ros/humble /usr/bin/cmake --install /home/ros/arm_ws/build/arm_controller
