[0.074s] Invoking command in '/home/ros/arm_ws/build/arm_utils': AMENT_PREFIX_PATH=/home/ros/arm_ws/install/arm_msgs:${AMENT_PREFIX_PATH} CMAKE_PREFIX_PATH=/home/ros/arm_ws/install/arm_msgs:/opt/ros/humble LD_LIBRARY_PATH=/home/ros/arm_ws/install/arm_msgs/lib:${LD_LIBRARY_PATH} PYTHONPATH=/home/ros/arm_ws/install/arm_msgs/local/lib/python3.10/dist-packages:${PYTHONPATH} /usr/bin/cmake /home/ros/arm_ws/src/arm_utils -DCMAKE_INSTALL_PREFIX=/home/ros/arm_ws/install/arm_utils
[0.390s] -- The C compiler identification is GNU 11.4.0
[0.691s] -- The CXX compiler identification is GNU 11.4.0
[0.734s] -- Detecting C compiler ABI info
[1.227s] -- Detecting C compiler ABI info - done
[1.291s] -- Check for working C compiler: /usr/bin/cc - skipped
[1.299s] -- Detecting C compile features
[1.299s] -- Detecting C compile features - done
[1.339s] -- Detecting CXX compiler ABI info
[1.935s] -- Detecting CXX compiler ABI info - done
[1.991s] -- Check for working CXX compiler: /usr/bin/c++ - skipped
[1.994s] -- Detecting CXX compile features
[1.995s] -- Detecting CXX compile features - done
[2.010s] -- Found ament_cmake: 1.3.10 (/opt/ros/humble/share/ament_cmake/cmake)
[2.945s] -- Found Python3: /usr/bin/python3 (found version "3.10.12") found components: Interpreter 
[3.557s] -- Found rclcpp: 16.0.10 (/opt/ros/humble/share/rclcpp/cmake)
[3.833s] -- Found rosidl_generator_c: 3.1.5 (/opt/ros/humble/share/rosidl_generator_c/cmake)
[3.851s] -- Found rosidl_adapter: 3.1.5 (/opt/ros/humble/share/rosidl_adapter/cmake)
[3.885s] -- Found rosidl_generator_cpp: 3.1.5 (/opt/ros/humble/share/rosidl_generator_cpp/cmake)
[3.954s] -- Using all available rosidl_typesupport_c: rosidl_typesupport_fastrtps_c;rosidl_typesupport_introspection_c
[4.103s] -- Using all available rosidl_typesupport_cpp: rosidl_typesupport_fastrtps_cpp;rosidl_typesupport_introspection_cpp
[4.560s] -- Found rmw_implementation_cmake: 6.1.2 (/opt/ros/humble/share/rmw_implementation_cmake/cmake)
[4.586s] -- Found rmw_fastrtps_cpp: 6.2.7 (/opt/ros/humble/share/rmw_fastrtps_cpp/cmake)
[5.291s] -- Found OpenSSL: /usr/lib/x86_64-linux-gnu/libcrypto.so (found version "3.0.2")  
[5.481s] -- Found FastRTPS: /opt/ros/humble/include  
[5.753s] -- Using RMW implementation 'rmw_fastrtps_cpp' as default
[5.807s] -- Looking for pthread.h
[6.531s] -- Looking for pthread.h - found
[6.531s] -- Performing Test CMAKE_HAVE_LIBC_PTHREAD
[7.002s] -- Performing Test CMAKE_HAVE_LIBC_PTHREAD - Success
[7.014s] -- Found Threads: TRUE  
[7.441s] -- Found rclpy: 3.3.14 (/opt/ros/humble/share/rclpy/cmake)
[7.447s] -- Found arm_msgs: 0.0.0 (/home/ros/arm_ws/install/arm_msgs/share/arm_msgs/cmake)
[7.687s] -- Found tf2: 0.25.8 (/opt/ros/humble/share/tf2/cmake)
[8.825s] -- Configuring done
[8.942s] -- Generating done
[8.957s] -- Build files have been written to: /home/ros/arm_ws/build/arm_utils
[9.020s] Invoked command in '/home/ros/arm_ws/build/arm_utils' returned '0': AMENT_PREFIX_PATH=/home/ros/arm_ws/install/arm_msgs:${AMENT_PREFIX_PATH} CMAKE_PREFIX_PATH=/home/ros/arm_ws/install/arm_msgs:/opt/ros/humble LD_LIBRARY_PATH=/home/ros/arm_ws/install/arm_msgs/lib:${LD_LIBRARY_PATH} PYTHONPATH=/home/ros/arm_ws/install/arm_msgs/local/lib/python3.10/dist-packages:${PYTHONPATH} /usr/bin/cmake /home/ros/arm_ws/src/arm_utils -DCMAKE_INSTALL_PREFIX=/home/ros/arm_ws/install/arm_utils
[9.029s] Invoking command in '/home/ros/arm_ws/build/arm_utils': AMENT_PREFIX_PATH=/home/ros/arm_ws/install/arm_msgs:${AMENT_PREFIX_PATH} CMAKE_PREFIX_PATH=/home/ros/arm_ws/install/arm_msgs:/opt/ros/humble LD_LIBRARY_PATH=/home/ros/arm_ws/install/arm_msgs/lib:${LD_LIBRARY_PATH} PYTHONPATH=/home/ros/arm_ws/install/arm_msgs/local/lib/python3.10/dist-packages:${PYTHONPATH} /usr/bin/cmake --build /home/ros/arm_ws/build/arm_utils -- -j2 -l2
[9.752s] [ 50%] [32mBuilding CXX object CMakeFiles/angle_conversion.dir/src/angle_conversion.cpp.o[0m
[32.838s] [100%] [32m[1mLinking CXX executable angle_conversion[0m
[33.770s] [100%] Built target angle_conversion
[33.962s] [100%] Built target ament_cmake_python_copy_arm_utils
[35.313s] running egg_info
[35.316s] creating arm_utils.egg-info
[35.318s] writing arm_utils.egg-info/PKG-INFO
[35.320s] writing dependency_links to arm_utils.egg-info/dependency_links.txt
[35.320s] writing top-level names to arm_utils.egg-info/top_level.txt
[35.326s] writing manifest file 'arm_utils.egg-info/SOURCES.txt'
[35.335s] reading manifest file 'arm_utils.egg-info/SOURCES.txt'
[35.337s] writing manifest file 'arm_utils.egg-info/SOURCES.txt'
[35.546s] [100%] Built target ament_cmake_python_build_arm_utils_egg
[35.654s] Invoked command in '/home/ros/arm_ws/build/arm_utils' returned '0': AMENT_PREFIX_PATH=/home/ros/arm_ws/install/arm_msgs:${AMENT_PREFIX_PATH} CMAKE_PREFIX_PATH=/home/ros/arm_ws/install/arm_msgs:/opt/ros/humble LD_LIBRARY_PATH=/home/ros/arm_ws/install/arm_msgs/lib:${LD_LIBRARY_PATH} PYTHONPATH=/home/ros/arm_ws/install/arm_msgs/local/lib/python3.10/dist-packages:${PYTHONPATH} /usr/bin/cmake --build /home/ros/arm_ws/build/arm_utils -- -j2 -l2
[36.054s] Invoking command in '/home/ros/arm_ws/build/arm_utils': AMENT_PREFIX_PATH=/home/ros/arm_ws/install/arm_msgs:${AMENT_PREFIX_PATH} CMAKE_PREFIX_PATH=/home/ros/arm_ws/install/arm_msgs:/opt/ros/humble LD_LIBRARY_PATH=/home/ros/arm_ws/install/arm_msgs/lib:${LD_LIBRARY_PATH} PYTHONPATH=/home/ros/arm_ws/install/arm_msgs/local/lib/python3.10/dist-packages:${PYTHONPATH} /usr/bin/cmake --install /home/ros/arm_ws/build/arm_utils
[36.162s] -- Install configuration: ""
[36.165s] -- Installing: /home/ros/arm_ws/install/arm_utils/share/arm_utils/environment/pythonpath.sh
[36.168s] -- Installing: /home/ros/arm_ws/install/arm_utils/share/arm_utils/environment/pythonpath.dsv
[36.168s] -- Installing: /home/ros/arm_ws/install/arm_utils/local/lib/python3.10/dist-packages/arm_utils-0.0.0-py3.10.egg-info
[36.171s] -- Installing: /home/ros/arm_ws/install/arm_utils/local/lib/python3.10/dist-packages/arm_utils-0.0.0-py3.10.egg-info/dependency_links.txt
[36.171s] -- Installing: /home/ros/arm_ws/install/arm_utils/local/lib/python3.10/dist-packages/arm_utils-0.0.0-py3.10.egg-info/SOURCES.txt
[36.176s] -- Installing: /home/ros/arm_ws/install/arm_utils/local/lib/python3.10/dist-packages/arm_utils-0.0.0-py3.10.egg-info/PKG-INFO
[36.176s] -- Installing: /home/ros/arm_ws/install/arm_utils/local/lib/python3.10/dist-packages/arm_utils-0.0.0-py3.10.egg-info/top_level.txt
[36.178s] -- Installing: /home/ros/arm_ws/install/arm_utils/local/lib/python3.10/dist-packages/arm_utils
[36.179s] -- Installing: /home/ros/arm_ws/install/arm_utils/local/lib/python3.10/dist-packages/arm_utils/__init__.py
[36.179s] -- Installing: /home/ros/arm_ws/install/arm_utils/local/lib/python3.10/dist-packages/arm_utils/angle_conversion.py
[36.527s] Listing '/home/ros/arm_ws/install/arm_utils/local/lib/python3.10/dist-packages/arm_utils'...
[36.530s] Compiling '/home/ros/arm_ws/install/arm_utils/local/lib/python3.10/dist-packages/arm_utils/__init__.py'...
[36.531s] Compiling '/home/ros/arm_ws/install/arm_utils/local/lib/python3.10/dist-packages/arm_utils/angle_conversion.py'...
[36.593s] -- Installing: /home/ros/arm_ws/install/arm_utils/lib/arm_utils/angle_conversion
[36.595s] -- Set runtime path of "/home/ros/arm_ws/install/arm_utils/lib/arm_utils/angle_conversion" to ""
[36.596s] -- Installing: /home/ros/arm_ws/install/arm_utils/lib/arm_utils/angle_conversion.py
[36.602s] -- Installing: /home/ros/arm_ws/install/arm_utils/share/ament_index/resource_index/package_run_dependencies/arm_utils
[36.608s] -- Installing: /home/ros/arm_ws/install/arm_utils/share/ament_index/resource_index/parent_prefix_path/arm_utils
[36.609s] -- Installing: /home/ros/arm_ws/install/arm_utils/share/arm_utils/environment/ament_prefix_path.sh
[36.612s] -- Installing: /home/ros/arm_ws/install/arm_utils/share/arm_utils/environment/ament_prefix_path.dsv
[36.618s] -- Installing: /home/ros/arm_ws/install/arm_utils/share/arm_utils/environment/path.sh
[36.620s] -- Installing: /home/ros/arm_ws/install/arm_utils/share/arm_utils/environment/path.dsv
[36.623s] -- Installing: /home/ros/arm_ws/install/arm_utils/share/arm_utils/local_setup.bash
[36.626s] -- Installing: /home/ros/arm_ws/install/arm_utils/share/arm_utils/local_setup.sh
[36.631s] -- Installing: /home/ros/arm_ws/install/arm_utils/share/arm_utils/local_setup.zsh
[36.635s] -- Installing: /home/ros/arm_ws/install/arm_utils/share/arm_utils/local_setup.dsv
[36.635s] -- Installing: /home/ros/arm_ws/install/arm_utils/share/arm_utils/package.dsv
[36.639s] -- Installing: /home/ros/arm_ws/install/arm_utils/share/ament_index/resource_index/packages/arm_utils
[36.643s] -- Installing: /home/ros/arm_ws/install/arm_utils/share/arm_utils/cmake/arm_utilsConfig.cmake
[36.647s] -- Installing: /home/ros/arm_ws/install/arm_utils/share/arm_utils/cmake/arm_utilsConfig-version.cmake
[36.651s] -- Installing: /home/ros/arm_ws/install/arm_utils/share/arm_utils/package.xml
[36.678s] Invoked command in '/home/ros/arm_ws/build/arm_utils' returned '0': AMENT_PREFIX_PATH=/home/ros/arm_ws/install/arm_msgs:${AMENT_PREFIX_PATH} CMAKE_PREFIX_PATH=/home/ros/arm_ws/install/arm_msgs:/opt/ros/humble LD_LIBRARY_PATH=/home/ros/arm_ws/install/arm_msgs/lib:${LD_LIBRARY_PATH} PYTHONPATH=/home/ros/arm_ws/install/arm_msgs/local/lib/python3.10/dist-packages:${PYTHONPATH} /usr/bin/cmake --install /home/ros/arm_ws/build/arm_utils
