/home/ros/arm_ws/install/arm_py_examples/lib/python3.10/site-packages/arm_py_examples/simple_publisher.py
/home/ros/arm_ws/install/arm_py_examples/lib/python3.10/site-packages/arm_py_examples/simple_service_server.py
/home/ros/arm_ws/install/arm_py_examples/lib/python3.10/site-packages/arm_py_examples/simple_action_server.py
/home/ros/arm_ws/install/arm_py_examples/lib/python3.10/site-packages/arm_py_examples/simple_service_client.py
/home/ros/arm_ws/install/arm_py_examples/lib/python3.10/site-packages/arm_py_examples/simple_action_client.py
/home/ros/arm_ws/install/arm_py_examples/lib/python3.10/site-packages/arm_py_examples/__init__.py
/home/ros/arm_ws/install/arm_py_examples/lib/python3.10/site-packages/arm_py_examples/simple_subscriber.py
/home/ros/arm_ws/install/arm_py_examples/lib/python3.10/site-packages/arm_py_examples/simple_parameter.py
/home/ros/arm_ws/install/arm_py_examples/lib/python3.10/site-packages/arm_py_examples/__pycache__/simple_publisher.cpython-310.pyc
/home/ros/arm_ws/install/arm_py_examples/lib/python3.10/site-packages/arm_py_examples/__pycache__/simple_service_server.cpython-310.pyc
/home/ros/arm_ws/install/arm_py_examples/lib/python3.10/site-packages/arm_py_examples/__pycache__/simple_action_server.cpython-310.pyc
/home/ros/arm_ws/install/arm_py_examples/lib/python3.10/site-packages/arm_py_examples/__pycache__/simple_service_client.cpython-310.pyc
/home/ros/arm_ws/install/arm_py_examples/lib/python3.10/site-packages/arm_py_examples/__pycache__/simple_action_client.cpython-310.pyc
/home/ros/arm_ws/install/arm_py_examples/lib/python3.10/site-packages/arm_py_examples/__pycache__/__init__.cpython-310.pyc
/home/ros/arm_ws/install/arm_py_examples/lib/python3.10/site-packages/arm_py_examples/__pycache__/simple_subscriber.cpython-310.pyc
/home/ros/arm_ws/install/arm_py_examples/lib/python3.10/site-packages/arm_py_examples/__pycache__/simple_parameter.cpython-310.pyc
/home/ros/arm_ws/install/arm_py_examples/share/ament_index/resource_index/packages/arm_py_examples
/home/ros/arm_ws/install/arm_py_examples/share/arm_py_examples/package.xml
/home/ros/arm_ws/install/arm_py_examples/lib/python3.10/site-packages/arm_py_examples-0.0.0-py3.10.egg-info/dependency_links.txt
/home/ros/arm_ws/install/arm_py_examples/lib/python3.10/site-packages/arm_py_examples-0.0.0-py3.10.egg-info/SOURCES.txt
/home/ros/arm_ws/install/arm_py_examples/lib/python3.10/site-packages/arm_py_examples-0.0.0-py3.10.egg-info/PKG-INFO
/home/ros/arm_ws/install/arm_py_examples/lib/python3.10/site-packages/arm_py_examples-0.0.0-py3.10.egg-info/entry_points.txt
/home/ros/arm_ws/install/arm_py_examples/lib/python3.10/site-packages/arm_py_examples-0.0.0-py3.10.egg-info/top_level.txt
/home/ros/arm_ws/install/arm_py_examples/lib/python3.10/site-packages/arm_py_examples-0.0.0-py3.10.egg-info/zip-safe
/home/ros/arm_ws/install/arm_py_examples/lib/python3.10/site-packages/arm_py_examples-0.0.0-py3.10.egg-info/requires.txt
/home/ros/arm_ws/install/arm_py_examples/lib/arm_py_examples/simple_action_client
/home/ros/arm_ws/install/arm_py_examples/lib/arm_py_examples/simple_action_server
/home/ros/arm_ws/install/arm_py_examples/lib/arm_py_examples/simple_parameter
/home/ros/arm_ws/install/arm_py_examples/lib/arm_py_examples/simple_publisher
/home/ros/arm_ws/install/arm_py_examples/lib/arm_py_examples/simple_service_client
/home/ros/arm_ws/install/arm_py_examples/lib/arm_py_examples/simple_service_server
/home/ros/arm_ws/install/arm_py_examples/lib/arm_py_examples/simple_subscriber
