[35m[1mConsolidate compiler generated dependencies of target task_server[0m
[ 25%] [32mBuilding CXX object CMakeFiles/task_server.dir/src/task_server.cpp.o[0m
[ 50%] [32m[1mLinking CXX shared library libtask_server.so[0m
[ 50%] Built target task_server
[ 75%] [32mBuilding CXX object CMakeFiles/task_server_node.dir/rclcpp_components/node_main_task_server_node.cpp.o[0m
[100%] [32m[1mLinking CXX executable task_server_node[0m
[100%] Built target task_server_node
[100%] Built target ament_cmake_python_copy_arm_remote
running egg_info
creating arm_remote.egg-info
writing arm_remote.egg-info/PKG-INFO
writing dependency_links to arm_remote.egg-info/dependency_links.txt
writing top-level names to arm_remote.egg-info/top_level.txt
writing manifest file 'arm_remote.egg-info/SOURCES.txt'
reading manifest file 'arm_remote.egg-info/SOURCES.txt'
writing manifest file 'arm_remote.egg-info/SOURCES.txt'
[100%] Built target ament_cmake_python_build_arm_remote_egg
-- Install configuration: ""
-- Installing: /home/ros/arm_ws/install/arm_remote/lib/arm_remote/task_server_node
-- Set runtime path of "/home/ros/arm_ws/install/arm_remote/lib/arm_remote/task_server_node" to ""
-- Installing: /home/ros/arm_ws/install/arm_remote/share/arm_remote/environment/pythonpath.sh
-- Installing: /home/ros/arm_ws/install/arm_remote/share/arm_remote/environment/pythonpath.dsv
-- Installing: /home/ros/arm_ws/install/arm_remote/local/lib/python3.10/dist-packages/arm_remote-0.0.0-py3.10.egg-info
-- Installing: /home/ros/arm_ws/install/arm_remote/local/lib/python3.10/dist-packages/arm_remote-0.0.0-py3.10.egg-info/dependency_links.txt
-- Installing: /home/ros/arm_ws/install/arm_remote/local/lib/python3.10/dist-packages/arm_remote-0.0.0-py3.10.egg-info/SOURCES.txt
-- Installing: /home/ros/arm_ws/install/arm_remote/local/lib/python3.10/dist-packages/arm_remote-0.0.0-py3.10.egg-info/PKG-INFO
-- Installing: /home/ros/arm_ws/install/arm_remote/local/lib/python3.10/dist-packages/arm_remote-0.0.0-py3.10.egg-info/top_level.txt
-- Installing: /home/ros/arm_ws/install/arm_remote/local/lib/python3.10/dist-packages/arm_remote
-- Installing: /home/ros/arm_ws/install/arm_remote/local/lib/python3.10/dist-packages/arm_remote/alexa_interface.py
-- Installing: /home/ros/arm_ws/install/arm_remote/local/lib/python3.10/dist-packages/arm_remote/__init__.py
Listing '/home/ros/arm_ws/install/arm_remote/local/lib/python3.10/dist-packages/arm_remote'...
Compiling '/home/ros/arm_ws/install/arm_remote/local/lib/python3.10/dist-packages/arm_remote/__init__.py'...
Compiling '/home/ros/arm_ws/install/arm_remote/local/lib/python3.10/dist-packages/arm_remote/alexa_interface.py'...
-- Installing: /home/ros/arm_ws/install/arm_remote/share/arm_remote/launch
-- Installing: /home/ros/arm_ws/install/arm_remote/share/arm_remote/launch/remote_interface.launch.py
-- Installing: /home/ros/arm_ws/install/arm_remote/lib/libtask_server.so
-- Set runtime path of "/home/ros/arm_ws/install/arm_remote/lib/libtask_server.so" to ""
-- Installing: /home/ros/arm_ws/install/arm_remote/lib/arm_remote/alexa_interface.py
-- Installing: /home/ros/arm_ws/install/arm_remote/share/ament_index/resource_index/package_run_dependencies/arm_remote
-- Installing: /home/ros/arm_ws/install/arm_remote/share/ament_index/resource_index/parent_prefix_path/arm_remote
-- Installing: /home/ros/arm_ws/install/arm_remote/share/arm_remote/environment/ament_prefix_path.sh
-- Installing: /home/ros/arm_ws/install/arm_remote/share/arm_remote/environment/ament_prefix_path.dsv
-- Installing: /home/ros/arm_ws/install/arm_remote/share/arm_remote/environment/path.sh
-- Installing: /home/ros/arm_ws/install/arm_remote/share/arm_remote/environment/path.dsv
-- Installing: /home/ros/arm_ws/install/arm_remote/share/arm_remote/local_setup.bash
-- Installing: /home/ros/arm_ws/install/arm_remote/share/arm_remote/local_setup.sh
-- Installing: /home/ros/arm_ws/install/arm_remote/share/arm_remote/local_setup.zsh
-- Installing: /home/ros/arm_ws/install/arm_remote/share/arm_remote/local_setup.dsv
-- Installing: /home/ros/arm_ws/install/arm_remote/share/arm_remote/package.dsv
-- Installing: /home/ros/arm_ws/install/arm_remote/share/ament_index/resource_index/packages/arm_remote
-- Installing: /home/ros/arm_ws/install/arm_remote/share/ament_index/resource_index/rclcpp_components/arm_remote
-- Installing: /home/ros/arm_ws/install/arm_remote/share/arm_remote/cmake/arm_remoteConfig.cmake
-- Installing: /home/ros/arm_ws/install/arm_remote/share/arm_remote/cmake/arm_remoteConfig-version.cmake
-- Installing: /home/ros/arm_ws/install/arm_remote/share/arm_remote/package.xml
