[0.146s] Invoking command in '/home/ros/arm_ws/build/arm_controller': CMAKE_PREFIX_PATH=/opt/ros/humble /usr/bin/cmake --build /home/ros/arm_ws/build/arm_controller -- -j2 -l2
[0.839s] [35m[1mConsolidate compiler generated dependencies of target arm_controller[0m
[1.107s] [ 50%] Built target slider_control
[1.136s] [100%] Built target arm_controller
[1.443s] [100%] Built target ament_cmake_python_copy_arm_controller
[3.155s] running egg_info
[3.162s] writing arm_controller.egg-info/PKG-INFO
[3.171s] writing dependency_links to arm_controller.egg-info/dependency_links.txt
[3.175s] writing top-level names to arm_controller.egg-info/top_level.txt
[3.209s] reading manifest file 'arm_controller.egg-info/SOURCES.txt'
[3.223s] writing manifest file 'arm_controller.egg-info/SOURCES.txt'
[3.459s] [100%] Built target ament_cmake_python_build_arm_controller_egg
[3.529s] Invoked command in '/home/ros/arm_ws/build/arm_controller' returned '0': CMAKE_PREFIX_PATH=/opt/ros/humble /usr/bin/cmake --build /home/ros/arm_ws/build/arm_controller -- -j2 -l2
[3.818s] Invoking command in '/home/ros/arm_ws/build/arm_controller': CMAKE_PREFIX_PATH=/opt/ros/humble /usr/bin/cmake --install /home/ros/arm_ws/build/arm_controller
[3.862s] -- Install configuration: ""
[3.862s] -- Up-to-date: /home/ros/arm_ws/install/arm_controller/share/arm_controller/arm_controller.xml
[3.864s] -- Up-to-date: /home/ros/arm_ws/install/arm_controller/share/arm_controller/environment/pythonpath.sh
[3.864s] -- Up-to-date: /home/ros/arm_ws/install/arm_controller/share/arm_controller/environment/pythonpath.dsv
[3.868s] -- Up-to-date: /home/ros/arm_ws/install/arm_controller/local/lib/python3.10/dist-packages/arm_controller-0.0.0-py3.10.egg-info
[3.868s] -- Installing: /home/ros/arm_ws/install/arm_controller/local/lib/python3.10/dist-packages/arm_controller-0.0.0-py3.10.egg-info/dependency_links.txt
[3.870s] -- Installing: /home/ros/arm_ws/install/arm_controller/local/lib/python3.10/dist-packages/arm_controller-0.0.0-py3.10.egg-info/SOURCES.txt
[3.878s] -- Installing: /home/ros/arm_ws/install/arm_controller/local/lib/python3.10/dist-packages/arm_controller-0.0.0-py3.10.egg-info/PKG-INFO
[3.878s] -- Installing: /home/ros/arm_ws/install/arm_controller/local/lib/python3.10/dist-packages/arm_controller-0.0.0-py3.10.egg-info/top_level.txt
[3.878s] -- Up-to-date: /home/ros/arm_ws/install/arm_controller/local/lib/python3.10/dist-packages/arm_controller
[3.879s] -- Up-to-date: /home/ros/arm_ws/install/arm_controller/local/lib/python3.10/dist-packages/arm_controller/slider_control.py
[3.879s] -- Up-to-date: /home/ros/arm_ws/install/arm_controller/local/lib/python3.10/dist-packages/arm_controller/__init__.py
[4.036s] Listing '/home/ros/arm_ws/install/arm_controller/local/lib/python3.10/dist-packages/arm_controller'...
[4.064s] -- Up-to-date: /home/ros/arm_ws/install/arm_controller/lib/arm_controller/slider_control
[4.076s] -- Up-to-date: /home/ros/arm_ws/install/arm_controller/lib/libarm_controller.so
[4.076s] -- Up-to-date: /home/ros/arm_ws/install/arm_controller/include/include
[4.076s] -- Up-to-date: /home/ros/arm_ws/install/arm_controller/include/include/arm_controller
[4.077s] -- Up-to-date: /home/ros/arm_ws/install/arm_controller/include/include/arm_controller/arm_interface.hpp
[4.086s] -- Up-to-date: /home/ros/arm_ws/install/arm_controller/share/arm_controller/launch
[4.086s] -- Up-to-date: /home/ros/arm_ws/install/arm_controller/share/arm_controller/launch/controller.launch.py
[4.087s] -- Up-to-date: /home/ros/arm_ws/install/arm_controller/share/arm_controller/launch/slider_controller.launch.py
[4.087s] -- Up-to-date: /home/ros/arm_ws/install/arm_controller/share/arm_controller/config
[4.089s] -- Up-to-date: /home/ros/arm_ws/install/arm_controller/share/arm_controller/config/arm_controllers.yaml
[4.094s] -- Up-to-date: /home/ros/arm_ws/install/arm_controller/lib/arm_controller/slider_control.py
[4.094s] -- Up-to-date: /home/ros/arm_ws/install/arm_controller/share/arm_controller/environment/library_path.sh
[4.095s] -- Up-to-date: /home/ros/arm_ws/install/arm_controller/share/arm_controller/environment/library_path.dsv
[4.097s] -- Up-to-date: /home/ros/arm_ws/install/arm_controller/share/ament_index/resource_index/package_run_dependencies/arm_controller
[4.097s] -- Up-to-date: /home/ros/arm_ws/install/arm_controller/share/ament_index/resource_index/parent_prefix_path/arm_controller
[4.097s] -- Up-to-date: /home/ros/arm_ws/install/arm_controller/share/arm_controller/environment/ament_prefix_path.sh
[4.100s] -- Up-to-date: /home/ros/arm_ws/install/arm_controller/share/arm_controller/environment/ament_prefix_path.dsv
[4.100s] -- Up-to-date: /home/ros/arm_ws/install/arm_controller/share/arm_controller/environment/path.sh
[4.100s] -- Up-to-date: /home/ros/arm_ws/install/arm_controller/share/arm_controller/environment/path.dsv
[4.101s] -- Up-to-date: /home/ros/arm_ws/install/arm_controller/share/arm_controller/local_setup.bash
[4.101s] -- Up-to-date: /home/ros/arm_ws/install/arm_controller/share/arm_controller/local_setup.sh
[4.101s] -- Up-to-date: /home/ros/arm_ws/install/arm_controller/share/arm_controller/local_setup.zsh
[4.101s] -- Up-to-date: /home/ros/arm_ws/install/arm_controller/share/arm_controller/local_setup.dsv
[4.101s] -- Installing: /home/ros/arm_ws/install/arm_controller/share/arm_controller/package.dsv
[4.108s] -- Up-to-date: /home/ros/arm_ws/install/arm_controller/share/ament_index/resource_index/packages/arm_controller
[4.108s] -- Up-to-date: /home/ros/arm_ws/install/arm_controller/share/ament_index/resource_index/hardware_interface__pluginlib__plugin/arm_controller
[4.109s] -- Up-to-date: /home/ros/arm_ws/install/arm_controller/share/arm_controller/cmake/ament_cmake_export_include_directories-extras.cmake
[4.109s] -- Up-to-date: /home/ros/arm_ws/install/arm_controller/share/arm_controller/cmake/ament_cmake_export_libraries-extras.cmake
[4.117s] -- Up-to-date: /home/ros/arm_ws/install/arm_controller/share/arm_controller/cmake/ament_cmake_export_dependencies-extras.cmake
[4.120s] -- Up-to-date: /home/ros/arm_ws/install/arm_controller/share/arm_controller/cmake/arm_controllerConfig.cmake
[4.121s] -- Up-to-date: /home/ros/arm_ws/install/arm_controller/share/arm_controller/cmake/arm_controllerConfig-version.cmake
[4.121s] -- Up-to-date: /home/ros/arm_ws/install/arm_controller/share/arm_controller/package.xml
[4.122s] Invoked command in '/home/ros/arm_ws/build/arm_controller' returned '0': CMAKE_PREFIX_PATH=/opt/ros/humble /usr/bin/cmake --install /home/ros/arm_ws/build/arm_controller
