[0.174s] Invoking command in '/home/ros/arm_ws/build/arm_cpp_examples': AMENT_PREFIX_PATH=/home/ros/arm_ws/install/arm_msgs:${AMENT_PREFIX_PATH} CMAKE_PREFIX_PATH=/home/ros/arm_ws/install/arm_msgs:/opt/ros/humble LD_LIBRARY_PATH=/home/ros/arm_ws/install/arm_msgs/lib:${LD_LIBRARY_PATH} PYTHONPATH=/home/ros/arm_ws/install/arm_msgs/local/lib/python3.10/dist-packages:${PYTHONPATH} /usr/bin/cmake --build /home/ros/arm_ws/build/arm_cpp_examples -- -j2 -l2
[0.629s] [35m[1mConsolidate compiler generated dependencies of target simple_publisher[0m
[0.811s] [  9%] Built target simple_publisher
[0.875s] [35m[1mConsolidate compiler generated dependencies of target simple_subscriber[0m
[0.973s] [ 18%] Built target simple_subscriber
[1.044s] [35m[1mConsolidate compiler generated dependencies of target simple_parameter[0m
[1.160s] [ 27%] Built target simple_parameter
[1.223s] [35m[1mConsolidate compiler generated dependencies of target simple_service_server[0m
[1.357s] [ 36%] Built target simple_service_server
[1.423s] [35m[1mConsolidate compiler generated dependencies of target simple_service_client[0m
[1.542s] [ 45%] Built target simple_service_client
[1.606s] [35m[1mConsolidate compiler generated dependencies of target simple_action_server[0m
[1.729s] [ 54%] Built target simple_action_server
[1.823s] [35m[1mConsolidate compiler generated dependencies of target simple_action_server_node[0m
[2.083s] [ 63%] Built target simple_action_server_node
[2.160s] [35m[1mConsolidate compiler generated dependencies of target simple_action_client[0m
[2.376s] [ 72%] Built target simple_action_client
[2.489s] [35m[1mConsolidate compiler generated dependencies of target simple_action_client_node[0m
[2.619s] [ 81%] Built target simple_action_client_node
[2.698s] [35m[1mConsolidate compiler generated dependencies of target simple_moveit_interface[0m
[2.972s] [ 90%] Built target simple_moveit_interface
[3.100s] [35m[1mConsolidate compiler generated dependencies of target simple_lifecycle_node[0m
[3.219s] [100%] Built target simple_lifecycle_node
[4.604s] Invoked command in '/home/ros/arm_ws/build/arm_cpp_examples' returned '0': AMENT_PREFIX_PATH=/home/ros/arm_ws/install/arm_msgs:${AMENT_PREFIX_PATH} CMAKE_PREFIX_PATH=/home/ros/arm_ws/install/arm_msgs:/opt/ros/humble LD_LIBRARY_PATH=/home/ros/arm_ws/install/arm_msgs/lib:${LD_LIBRARY_PATH} PYTHONPATH=/home/ros/arm_ws/install/arm_msgs/local/lib/python3.10/dist-packages:${PYTHONPATH} /usr/bin/cmake --build /home/ros/arm_ws/build/arm_cpp_examples -- -j2 -l2
[5.726s] Invoking command in '/home/ros/arm_ws/build/arm_cpp_examples': AMENT_PREFIX_PATH=/home/ros/arm_ws/install/arm_msgs:${AMENT_PREFIX_PATH} CMAKE_PREFIX_PATH=/home/ros/arm_ws/install/arm_msgs:/opt/ros/humble LD_LIBRARY_PATH=/home/ros/arm_ws/install/arm_msgs/lib:${LD_LIBRARY_PATH} PYTHONPATH=/home/ros/arm_ws/install/arm_msgs/local/lib/python3.10/dist-packages:${PYTHONPATH} /usr/bin/cmake --install /home/ros/arm_ws/build/arm_cpp_examples
[5.832s] -- Install configuration: ""
[5.832s] -- Installing: /home/ros/arm_ws/install/arm_cpp_examples/lib/arm_cpp_examples/simple_action_server_node
[5.834s] -- Set runtime path of "/home/ros/arm_ws/install/arm_cpp_examples/lib/arm_cpp_examples/simple_action_server_node" to ""
[5.842s] -- Installing: /home/ros/arm_ws/install/arm_cpp_examples/lib/arm_cpp_examples/simple_action_client_node
[5.843s] -- Set runtime path of "/home/ros/arm_ws/install/arm_cpp_examples/lib/arm_cpp_examples/simple_action_client_node" to ""
[5.849s] -- Installing: /home/ros/arm_ws/install/arm_cpp_examples/lib/arm_cpp_examples/simple_publisher
[5.863s] -- Set runtime path of "/home/ros/arm_ws/install/arm_cpp_examples/lib/arm_cpp_examples/simple_publisher" to ""
[5.863s] -- Installing: /home/ros/arm_ws/install/arm_cpp_examples/lib/arm_cpp_examples/simple_subscriber
[5.900s] -- Set runtime path of "/home/ros/arm_ws/install/arm_cpp_examples/lib/arm_cpp_examples/simple_subscriber" to ""
[5.901s] -- Installing: /home/ros/arm_ws/install/arm_cpp_examples/lib/arm_cpp_examples/simple_parameter
[5.907s] -- Set runtime path of "/home/ros/arm_ws/install/arm_cpp_examples/lib/arm_cpp_examples/simple_parameter" to ""
[5.907s] -- Installing: /home/ros/arm_ws/install/arm_cpp_examples/lib/arm_cpp_examples/simple_service_server
[5.912s] -- Set runtime path of "/home/ros/arm_ws/install/arm_cpp_examples/lib/arm_cpp_examples/simple_service_server" to ""
[5.912s] -- Installing: /home/ros/arm_ws/install/arm_cpp_examples/lib/arm_cpp_examples/simple_service_client
[5.931s] -- Set runtime path of "/home/ros/arm_ws/install/arm_cpp_examples/lib/arm_cpp_examples/simple_service_client" to ""
[5.931s] -- Installing: /home/ros/arm_ws/install/arm_cpp_examples/lib/arm_cpp_examples/simple_moveit_interface
[5.933s] -- Set runtime path of "/home/ros/arm_ws/install/arm_cpp_examples/lib/arm_cpp_examples/simple_moveit_interface" to ""
[5.934s] -- Installing: /home/ros/arm_ws/install/arm_cpp_examples/lib/arm_cpp_examples/simple_lifecycle_node
[5.976s] -- Set runtime path of "/home/ros/arm_ws/install/arm_cpp_examples/lib/arm_cpp_examples/simple_lifecycle_node" to ""
[5.976s] -- Installing: /home/ros/arm_ws/install/arm_cpp_examples/lib/libsimple_action_server.so
[5.987s] -- Set runtime path of "/home/ros/arm_ws/install/arm_cpp_examples/lib/libsimple_action_server.so" to ""
[5.988s] -- Installing: /home/ros/arm_ws/install/arm_cpp_examples/lib/libsimple_action_client.so
[6.002s] -- Set runtime path of "/home/ros/arm_ws/install/arm_cpp_examples/lib/libsimple_action_client.so" to ""
[6.002s] -- Installing: /home/ros/arm_ws/install/arm_cpp_examples/share/ament_index/resource_index/package_run_dependencies/arm_cpp_examples
[6.002s] -- Installing: /home/ros/arm_ws/install/arm_cpp_examples/share/ament_index/resource_index/parent_prefix_path/arm_cpp_examples
[6.003s] -- Installing: /home/ros/arm_ws/install/arm_cpp_examples/share/arm_cpp_examples/environment/ament_prefix_path.sh
[6.004s] -- Installing: /home/ros/arm_ws/install/arm_cpp_examples/share/arm_cpp_examples/environment/ament_prefix_path.dsv
[6.006s] -- Installing: /home/ros/arm_ws/install/arm_cpp_examples/share/arm_cpp_examples/environment/path.sh
[6.006s] -- Installing: /home/ros/arm_ws/install/arm_cpp_examples/share/arm_cpp_examples/environment/path.dsv
[6.006s] -- Installing: /home/ros/arm_ws/install/arm_cpp_examples/share/arm_cpp_examples/local_setup.bash
[6.010s] -- Installing: /home/ros/arm_ws/install/arm_cpp_examples/share/arm_cpp_examples/local_setup.sh
[6.011s] -- Installing: /home/ros/arm_ws/install/arm_cpp_examples/share/arm_cpp_examples/local_setup.zsh
[6.016s] -- Installing: /home/ros/arm_ws/install/arm_cpp_examples/share/arm_cpp_examples/local_setup.dsv
[6.017s] -- Installing: /home/ros/arm_ws/install/arm_cpp_examples/share/arm_cpp_examples/package.dsv
[6.017s] -- Installing: /home/ros/arm_ws/install/arm_cpp_examples/share/ament_index/resource_index/packages/arm_cpp_examples
[6.017s] -- Installing: /home/ros/arm_ws/install/arm_cpp_examples/share/ament_index/resource_index/rclcpp_components/arm_cpp_examples
[6.018s] -- Installing: /home/ros/arm_ws/install/arm_cpp_examples/share/arm_cpp_examples/cmake/arm_cpp_examplesConfig.cmake
[6.018s] -- Installing: /home/ros/arm_ws/install/arm_cpp_examples/share/arm_cpp_examples/cmake/arm_cpp_examplesConfig-version.cmake
[6.018s] -- Installing: /home/ros/arm_ws/install/arm_cpp_examples/share/arm_cpp_examples/package.xml
[6.041s] Invoked command in '/home/ros/arm_ws/build/arm_cpp_examples' returned '0': AMENT_PREFIX_PATH=/home/ros/arm_ws/install/arm_msgs:${AMENT_PREFIX_PATH} CMAKE_PREFIX_PATH=/home/ros/arm_ws/install/arm_msgs:/opt/ros/humble LD_LIBRARY_PATH=/home/ros/arm_ws/install/arm_msgs/lib:${LD_LIBRARY_PATH} PYTHONPATH=/home/ros/arm_ws/install/arm_msgs/local/lib/python3.10/dist-packages:${PYTHONPATH} /usr/bin/cmake --install /home/ros/arm_ws/build/arm_cpp_examples
