-- The C compiler identification is GNU 11.4.0
-- The CXX compiler identification is GNU 11.4.0
-- Detecting C compiler ABI info
-- Detecting C compiler ABI info - done
-- Check for working C compiler: /usr/bin/cc - skipped
-- Detecting C compile features
-- Detecting C compile features - done
-- Detecting CXX compiler ABI info
-- Detecting CXX compiler ABI info - done
-- Check for working CXX compiler: /usr/bin/c++ - skipped
-- Detecting CXX compile features
-- Detecting CXX compile features - done
-- Found ament_cmake: 1.3.10 (/opt/ros/humble/share/ament_cmake/cmake)
-- Found Python3: /usr/bin/python3 (found version "3.10.12") found components: Interpreter 
-- Found rclcpp: 16.0.10 (/opt/ros/humble/share/rclcpp/cmake)
-- Found rosidl_generator_c: 3.1.5 (/opt/ros/humble/share/rosidl_generator_c/cmake)
-- Found rosidl_adapter: 3.1.5 (/opt/ros/humble/share/rosidl_adapter/cmake)
-- Found rosidl_generator_cpp: 3.1.5 (/opt/ros/humble/share/rosidl_generator_cpp/cmake)
-- Using all available rosidl_typesupport_c: rosidl_typesupport_fastrtps_c;rosidl_typesupport_introspection_c
-- Using all available rosidl_typesupport_cpp: rosidl_typesupport_fastrtps_cpp;rosidl_typesupport_introspection_cpp
-- Found rmw_implementation_cmake: 6.1.2 (/opt/ros/humble/share/rmw_implementation_cmake/cmake)
-- Found rmw_fastrtps_cpp: 6.2.7 (/opt/ros/humble/share/rmw_fastrtps_cpp/cmake)
-- Found OpenSSL: /usr/lib/x86_64-linux-gnu/libcrypto.so (found version "3.0.2")  
-- Found FastRTPS: /opt/ros/humble/include  
-- Using RMW implementation 'rmw_fastrtps_cpp' as default
-- Looking for pthread.h
-- Looking for pthread.h - found
-- Performing Test CMAKE_HAVE_LIBC_PTHREAD
-- Performing Test CMAKE_HAVE_LIBC_PTHREAD - Success
-- Found Threads: TRUE  
-- Found rclpy: 3.3.14 (/opt/ros/humble/share/rclpy/cmake)
-- Found PkgConfig: /usr/bin/pkg-config (found version "0.29.2") 
-- Checking for module 'libserial'
--   Found libserial, version 1.0.0
-- Configuring done
-- Generating done
-- Build files have been written to: /home/ros/arm_ws/build/arm_firmware
[  0%] Built target ament_cmake_python_copy_arm_firmware
[ 25%] [32mBuilding CXX object CMakeFiles/simple_serial_receiver.dir/src/simple_serial_receiver.cpp.o[0m
[ 50%] [32m[1mLinking CXX executable simple_serial_receiver[0m
[ 50%] Built target simple_serial_receiver
[ 75%] [32mBuilding CXX object CMakeFiles/simple_serial_transmitter.dir/src/simple_serial_transmitter.cpp.o[0m
[100%] [32m[1mLinking CXX executable simple_serial_transmitter[0m
[100%] Built target simple_serial_transmitter
running egg_info
creating arm_firmware.egg-info
writing arm_firmware.egg-info/PKG-INFO
writing dependency_links to arm_firmware.egg-info/dependency_links.txt
writing top-level names to arm_firmware.egg-info/top_level.txt
writing manifest file 'arm_firmware.egg-info/SOURCES.txt'
reading manifest file 'arm_firmware.egg-info/SOURCES.txt'
writing manifest file 'arm_firmware.egg-info/SOURCES.txt'
[100%] Built target ament_cmake_python_build_arm_firmware_egg
-- Install configuration: ""
-- Installing: /home/ros/arm_ws/install/arm_firmware/share/arm_firmware/environment/pythonpath.sh
-- Installing: /home/ros/arm_ws/install/arm_firmware/share/arm_firmware/environment/pythonpath.dsv
-- Installing: /home/ros/arm_ws/install/arm_firmware/local/lib/python3.10/dist-packages/arm_firmware-0.0.0-py3.10.egg-info
-- Installing: /home/ros/arm_ws/install/arm_firmware/local/lib/python3.10/dist-packages/arm_firmware-0.0.0-py3.10.egg-info/dependency_links.txt
-- Installing: /home/ros/arm_ws/install/arm_firmware/local/lib/python3.10/dist-packages/arm_firmware-0.0.0-py3.10.egg-info/SOURCES.txt
-- Installing: /home/ros/arm_ws/install/arm_firmware/local/lib/python3.10/dist-packages/arm_firmware-0.0.0-py3.10.egg-info/PKG-INFO
-- Installing: /home/ros/arm_ws/install/arm_firmware/local/lib/python3.10/dist-packages/arm_firmware-0.0.0-py3.10.egg-info/top_level.txt
-- Installing: /home/ros/arm_ws/install/arm_firmware/local/lib/python3.10/dist-packages/arm_firmware
-- Installing: /home/ros/arm_ws/install/arm_firmware/local/lib/python3.10/dist-packages/arm_firmware/simple_serial_transmitter.py
-- Installing: /home/ros/arm_ws/install/arm_firmware/local/lib/python3.10/dist-packages/arm_firmware/__init__.py
-- Installing: /home/ros/arm_ws/install/arm_firmware/local/lib/python3.10/dist-packages/arm_firmware/simple_serial_receiver.py
Listing '/home/ros/arm_ws/install/arm_firmware/local/lib/python3.10/dist-packages/arm_firmware'...
Compiling '/home/ros/arm_ws/install/arm_firmware/local/lib/python3.10/dist-packages/arm_firmware/__init__.py'...
Compiling '/home/ros/arm_ws/install/arm_firmware/local/lib/python3.10/dist-packages/arm_firmware/simple_serial_receiver.py'...
Compiling '/home/ros/arm_ws/install/arm_firmware/local/lib/python3.10/dist-packages/arm_firmware/simple_serial_transmitter.py'...
-- Installing: /home/ros/arm_ws/install/arm_firmware/lib/arm_firmware/simple_serial_receiver
-- Set runtime path of "/home/ros/arm_ws/install/arm_firmware/lib/arm_firmware/simple_serial_receiver" to ""
-- Installing: /home/ros/arm_ws/install/arm_firmware/lib/arm_firmware/simple_serial_transmitter
-- Set runtime path of "/home/ros/arm_ws/install/arm_firmware/lib/arm_firmware/simple_serial_transmitter" to ""
-- Installing: /home/ros/arm_ws/install/arm_firmware/lib/arm_firmware/simple_serial_transmitter.py
-- Installing: /home/ros/arm_ws/install/arm_firmware/lib/arm_firmware/simple_serial_receiver.py
-- Installing: /home/ros/arm_ws/install/arm_firmware/share/ament_index/resource_index/package_run_dependencies/arm_firmware
-- Installing: /home/ros/arm_ws/install/arm_firmware/share/ament_index/resource_index/parent_prefix_path/arm_firmware
-- Installing: /home/ros/arm_ws/install/arm_firmware/share/arm_firmware/environment/ament_prefix_path.sh
-- Installing: /home/ros/arm_ws/install/arm_firmware/share/arm_firmware/environment/ament_prefix_path.dsv
-- Installing: /home/ros/arm_ws/install/arm_firmware/share/arm_firmware/environment/path.sh
-- Installing: /home/ros/arm_ws/install/arm_firmware/share/arm_firmware/environment/path.dsv
-- Installing: /home/ros/arm_ws/install/arm_firmware/share/arm_firmware/local_setup.bash
-- Installing: /home/ros/arm_ws/install/arm_firmware/share/arm_firmware/local_setup.sh
-- Installing: /home/ros/arm_ws/install/arm_firmware/share/arm_firmware/local_setup.zsh
-- Installing: /home/ros/arm_ws/install/arm_firmware/share/arm_firmware/local_setup.dsv
-- Installing: /home/ros/arm_ws/install/arm_firmware/share/arm_firmware/package.dsv
-- Installing: /home/ros/arm_ws/install/arm_firmware/share/ament_index/resource_index/packages/arm_firmware
-- Installing: /home/ros/arm_ws/install/arm_firmware/share/arm_firmware/cmake/arm_firmwareConfig.cmake
-- Installing: /home/ros/arm_ws/install/arm_firmware/share/arm_firmware/cmake/arm_firmwareConfig-version.cmake
-- Installing: /home/ros/arm_ws/install/arm_firmware/share/arm_firmware/package.xml
