[0.158s] Invoking command in '/home/ros/arm_ws/build/arm_description': CMAKE_PREFIX_PATH=${CMAKE_PREFIX_PATH}:/home/ros/arm_ws/install/arm_py_examples:/opt/ros/humble /usr/bin/cmake --build /home/ros/arm_ws/build/arm_description -- -j2 -l2
[0.480s] Invoked command in '/home/ros/arm_ws/build/arm_description' returned '0': CMAKE_PREFIX_PATH=${CMAKE_PREFIX_PATH}:/home/ros/arm_ws/install/arm_py_examples:/opt/ros/humble /usr/bin/cmake --build /home/ros/arm_ws/build/arm_description -- -j2 -l2
[0.834s] Invoking command in '/home/ros/arm_ws/build/arm_description': CMAKE_PREFIX_PATH=${CMAKE_PREFIX_PATH}:/home/ros/arm_ws/install/arm_py_examples:/opt/ros/humble /usr/bin/cmake --install /home/ros/arm_ws/build/arm_description
[0.921s] -- Install configuration: ""
[0.921s] -- Up-to-date: /home/ros/arm_ws/install/arm_description/share/arm_description/launch
[0.921s] -- Up-to-date: /home/ros/arm_ws/install/arm_description/share/arm_description/launch/display.launch.py
[0.925s] -- Up-to-date: /home/ros/arm_ws/install/arm_description/share/arm_description/launch/gazebo.launch.py
[0.935s] -- Up-to-date: /home/ros/arm_ws/install/arm_description/share/arm_description/meshes
[0.940s] -- Up-to-date: /home/ros/arm_ws/install/arm_description/share/arm_description/meshes/triangular_link.STL
[0.943s] -- Up-to-date: /home/ros/arm_ws/install/arm_description/share/arm_description/meshes/basement.STL
[0.944s] -- Up-to-date: /home/ros/arm_ws/install/arm_description/share/arm_description/meshes/plate.STL
[0.954s] -- Up-to-date: /home/ros/arm_ws/install/arm_description/share/arm_description/meshes/base_plate.STL
[0.965s] -- Up-to-date: /home/ros/arm_ws/install/arm_description/share/arm_description/meshes/horizontal_arm.STL
[0.965s] -- Up-to-date: /home/ros/arm_ws/install/arm_description/share/arm_description/meshes/right_finger.STL
[0.977s] -- Up-to-date: /home/ros/arm_ws/install/arm_description/share/arm_description/meshes/vertical_drive_arm.STL
[0.978s] -- Up-to-date: /home/ros/arm_ws/install/arm_description/share/arm_description/meshes/forward_drive_arm.STL
[0.978s] -- Up-to-date: /home/ros/arm_ws/install/arm_description/share/arm_description/meshes/link.STL
[0.986s] -- Up-to-date: /home/ros/arm_ws/install/arm_description/share/arm_description/meshes/round_plate.STL
[0.988s] -- Up-to-date: /home/ros/arm_ws/install/arm_description/share/arm_description/meshes/claw_support.STL
[0.989s] -- Up-to-date: /home/ros/arm_ws/install/arm_description/share/arm_description/meshes/left_finger.STL
[0.989s] -- Up-to-date: /home/ros/arm_ws/install/arm_description/share/arm_description/meshes/servo_plate.STL
[0.989s] -- Up-to-date: /home/ros/arm_ws/install/arm_description/share/arm_description/models
[0.989s] -- Up-to-date: /home/ros/arm_ws/install/arm_description/share/arm_description/models/ground_plane
[0.997s] -- Up-to-date: /home/ros/arm_ws/install/arm_description/share/arm_description/models/ground_plane/model.config
[0.997s] -- Up-to-date: /home/ros/arm_ws/install/arm_description/share/arm_description/models/ground_plane/model-1_4.sdf
[0.997s] -- Up-to-date: /home/ros/arm_ws/install/arm_description/share/arm_description/models/ground_plane/model-1_3.sdf
[0.997s] -- Up-to-date: /home/ros/arm_ws/install/arm_description/share/arm_description/models/ground_plane/model.sdf
[0.997s] -- Up-to-date: /home/ros/arm_ws/install/arm_description/share/arm_description/models/ground_plane/model-1_2.sdf
[0.998s] -- Up-to-date: /home/ros/arm_ws/install/arm_description/share/arm_description/models/sun
[0.998s] -- Up-to-date: /home/ros/arm_ws/install/arm_description/share/arm_description/models/sun/model.config
[0.998s] -- Up-to-date: /home/ros/arm_ws/install/arm_description/share/arm_description/models/sun/model-1_4.sdf
[0.998s] -- Up-to-date: /home/ros/arm_ws/install/arm_description/share/arm_description/models/sun/model-1_3.sdf
[0.998s] -- Up-to-date: /home/ros/arm_ws/install/arm_description/share/arm_description/models/sun/model.sdf
[1.010s] -- Up-to-date: /home/ros/arm_ws/install/arm_description/share/arm_description/models/sun/model-1_2.sdf
[1.010s] -- Up-to-date: /home/ros/arm_ws/install/arm_description/share/arm_description/urdf
[1.010s] -- Up-to-date: /home/ros/arm_ws/install/arm_description/share/arm_description/urdf/arm_ros2_control.xacro
[1.014s] -- Up-to-date: /home/ros/arm_ws/install/arm_description/share/arm_description/urdf/arm_gazebo.xacro
[1.014s] -- Up-to-date: /home/ros/arm_ws/install/arm_description/share/arm_description/urdf/arm.urdf.xacro
[1.014s] -- Up-to-date: /home/ros/arm_ws/install/arm_description/share/arm_description/rviz
[1.014s] -- Up-to-date: /home/ros/arm_ws/install/arm_description/share/arm_description/rviz/display.rviz
[1.019s] -- Up-to-date: /home/ros/arm_ws/install/arm_description/share/ament_index/resource_index/package_run_dependencies/arm_description
[1.019s] -- Up-to-date: /home/ros/arm_ws/install/arm_description/share/ament_index/resource_index/parent_prefix_path/arm_description
[1.019s] -- Up-to-date: /home/ros/arm_ws/install/arm_description/share/arm_description/environment/ament_prefix_path.sh
[1.019s] -- Up-to-date: /home/ros/arm_ws/install/arm_description/share/arm_description/environment/ament_prefix_path.dsv
[1.020s] -- Up-to-date: /home/ros/arm_ws/install/arm_description/share/arm_description/environment/path.sh
[1.021s] -- Up-to-date: /home/ros/arm_ws/install/arm_description/share/arm_description/environment/path.dsv
[1.021s] -- Up-to-date: /home/ros/arm_ws/install/arm_description/share/arm_description/local_setup.bash
[1.021s] -- Up-to-date: /home/ros/arm_ws/install/arm_description/share/arm_description/local_setup.sh
[1.028s] -- Up-to-date: /home/ros/arm_ws/install/arm_description/share/arm_description/local_setup.zsh
[1.028s] -- Up-to-date: /home/ros/arm_ws/install/arm_description/share/arm_description/local_setup.dsv
[1.029s] -- Installing: /home/ros/arm_ws/install/arm_description/share/arm_description/package.dsv
[1.038s] -- Up-to-date: /home/ros/arm_ws/install/arm_description/share/ament_index/resource_index/packages/arm_description
[1.038s] -- Up-to-date: /home/ros/arm_ws/install/arm_description/share/arm_description/cmake/arm_descriptionConfig.cmake
[1.038s] -- Up-to-date: /home/ros/arm_ws/install/arm_description/share/arm_description/cmake/arm_descriptionConfig-version.cmake
[1.044s] -- Up-to-date: /home/ros/arm_ws/install/arm_description/share/arm_description/package.xml
[1.045s] Invoked command in '/home/ros/arm_ws/build/arm_description' returned '0': CMAKE_PREFIX_PATH=${CMAKE_PREFIX_PATH}:/home/ros/arm_ws/install/arm_py_examples:/opt/ros/humble /usr/bin/cmake --install /home/ros/arm_ws/build/arm_description
