[0.476s] DEBUG:colcon:Command line arguments: ['/usr/bin/colcon', 'build', '--packages-up-to', 'arm_remote', '--cmake-clean-cache']
[0.476s] DEBUG:colcon:Parsed command line arguments: Namespace(log_base=None, log_level=None, verb_name='build', build_base='build', install_base='install', merge_install=False, symlink_install=False, test_result_base=None, continue_on_error=False, executor='parallel', parallel_workers=4, event_handlers=None, ignore_user_meta=False, metas=['./colcon.meta'], base_paths=['.'], packages_ignore=None, packages_ignore_regex=None, paths=None, packages_up_to=['arm_remote'], packages_up_to_regex=None, packages_above=None, packages_above_and_dependencies=None, packages_above_depth=None, packages_select_by_dep=None, packages_skip_by_dep=None, packages_skip_up_to=None, packages_select_build_failed=False, packages_skip_build_finished=False, packages_select_test_failures=False, packages_skip_test_passed=False, packages_select=None, packages_skip=None, packages_select_regex=None, packages_skip_regex=None, packages_start=None, packages_end=None, allow_overriding=[], cmake_args=None, cmake_target=None, cmake_target_skip_unavailable=False, cmake_clean_cache=True, cmake_clean_first=False, cmake_force_configure=False, ament_cmake_args=None, catkin_cmake_args=None, catkin_skip_building_tests=False, verb_parser=<colcon_defaults.argument_parser.defaults.DefaultArgumentsDecorator object at 0x783b05659120>, verb_extension=<colcon_core.verb.build.BuildVerb object at 0x783b05658c10>, main=<bound method BuildVerb.main of <colcon_core.verb.build.BuildVerb object at 0x783b05658c10>>)
[1.263s] Level 1:colcon.colcon_core.package_discovery:discover_packages(colcon_meta) check parameters
[1.263s] Level 1:colcon.colcon_core.package_discovery:discover_packages(recursive) check parameters
[1.263s] Level 1:colcon.colcon_core.package_discovery:discover_packages(ignore) check parameters
[1.263s] Level 1:colcon.colcon_core.package_discovery:discover_packages(path) check parameters
[1.264s] Level 1:colcon.colcon_core.package_discovery:discover_packages(colcon_meta) discover
[1.264s] Level 1:colcon.colcon_core.package_discovery:discover_packages(recursive) discover
[1.264s] INFO:colcon.colcon_core.package_discovery:Crawling recursively for packages in '/home/ros/arm_ws'
[1.264s] Level 1:colcon.colcon_core.package_identification:_identify(.) by extensions ['ignore', 'ignore_ament_install']
[1.265s] Level 1:colcon.colcon_core.package_identification:_identify(.) by extension 'ignore'
[1.265s] Level 1:colcon.colcon_core.package_identification:_identify(.) by extension 'ignore_ament_install'
[1.265s] Level 1:colcon.colcon_core.package_identification:_identify(.) by extensions ['colcon_pkg']
[1.265s] Level 1:colcon.colcon_core.package_identification:_identify(.) by extension 'colcon_pkg'
[1.265s] Level 1:colcon.colcon_core.package_identification:_identify(.) by extensions ['colcon_meta']
[1.265s] Level 1:colcon.colcon_core.package_identification:_identify(.) by extension 'colcon_meta'
[1.265s] Level 1:colcon.colcon_core.package_identification:_identify(.) by extensions ['ros']
[1.265s] Level 1:colcon.colcon_core.package_identification:_identify(.) by extension 'ros'
[1.290s] Level 1:colcon.colcon_core.package_identification:_identify(.) by extensions ['cmake', 'python']
[1.290s] Level 1:colcon.colcon_core.package_identification:_identify(.) by extension 'cmake'
[1.290s] Level 1:colcon.colcon_core.package_identification:_identify(.) by extension 'python'
[1.290s] Level 1:colcon.colcon_core.package_identification:_identify(.) by extensions ['python_setup_py']
[1.290s] Level 1:colcon.colcon_core.package_identification:_identify(.) by extension 'python_setup_py'
[1.291s] Level 1:colcon.colcon_core.package_identification:_identify(build) by extensions ['ignore', 'ignore_ament_install']
[1.291s] Level 1:colcon.colcon_core.package_identification:_identify(build) by extension 'ignore'
[1.291s] Level 1:colcon.colcon_core.package_identification:_identify(build) ignored
[1.291s] Level 1:colcon.colcon_core.package_identification:_identify(install) by extensions ['ignore', 'ignore_ament_install']
[1.291s] Level 1:colcon.colcon_core.package_identification:_identify(install) by extension 'ignore'
[1.291s] Level 1:colcon.colcon_core.package_identification:_identify(install) ignored
[1.292s] Level 1:colcon.colcon_core.package_identification:_identify(log) by extensions ['ignore', 'ignore_ament_install']
[1.292s] Level 1:colcon.colcon_core.package_identification:_identify(log) by extension 'ignore'
[1.292s] Level 1:colcon.colcon_core.package_identification:_identify(log) ignored
[1.292s] Level 1:colcon.colcon_core.package_identification:_identify(src) by extensions ['ignore', 'ignore_ament_install']
[1.292s] Level 1:colcon.colcon_core.package_identification:_identify(src) by extension 'ignore'
[1.292s] Level 1:colcon.colcon_core.package_identification:_identify(src) by extension 'ignore_ament_install'
[1.292s] Level 1:colcon.colcon_core.package_identification:_identify(src) by extensions ['colcon_pkg']
[1.292s] Level 1:colcon.colcon_core.package_identification:_identify(src) by extension 'colcon_pkg'
[1.292s] Level 1:colcon.colcon_core.package_identification:_identify(src) by extensions ['colcon_meta']
[1.292s] Level 1:colcon.colcon_core.package_identification:_identify(src) by extension 'colcon_meta'
[1.292s] Level 1:colcon.colcon_core.package_identification:_identify(src) by extensions ['ros']
[1.292s] Level 1:colcon.colcon_core.package_identification:_identify(src) by extension 'ros'
[1.292s] Level 1:colcon.colcon_core.package_identification:_identify(src) by extensions ['cmake', 'python']
[1.293s] Level 1:colcon.colcon_core.package_identification:_identify(src) by extension 'cmake'
[1.293s] Level 1:colcon.colcon_core.package_identification:_identify(src) by extension 'python'
[1.293s] Level 1:colcon.colcon_core.package_identification:_identify(src) by extensions ['python_setup_py']
[1.293s] Level 1:colcon.colcon_core.package_identification:_identify(src) by extension 'python_setup_py'
[1.293s] Level 1:colcon.colcon_core.package_identification:_identify(src/arm_bringup) by extensions ['ignore', 'ignore_ament_install']
[1.293s] Level 1:colcon.colcon_core.package_identification:_identify(src/arm_bringup) by extension 'ignore'
[1.293s] Level 1:colcon.colcon_core.package_identification:_identify(src/arm_bringup) by extension 'ignore_ament_install'
[1.293s] Level 1:colcon.colcon_core.package_identification:_identify(src/arm_bringup) by extensions ['colcon_pkg']
[1.293s] Level 1:colcon.colcon_core.package_identification:_identify(src/arm_bringup) by extension 'colcon_pkg'
[1.294s] Level 1:colcon.colcon_core.package_identification:_identify(src/arm_bringup) by extensions ['colcon_meta']
[1.294s] Level 1:colcon.colcon_core.package_identification:_identify(src/arm_bringup) by extension 'colcon_meta'
[1.294s] Level 1:colcon.colcon_core.package_identification:_identify(src/arm_bringup) by extensions ['ros']
[1.294s] Level 1:colcon.colcon_core.package_identification:_identify(src/arm_bringup) by extension 'ros'
[1.301s] DEBUG:colcon.colcon_core.package_identification:Package 'src/arm_bringup' with type 'ros.ament_cmake' and name 'arm_bringup'
[1.301s] Level 1:colcon.colcon_core.package_identification:_identify(src/arm_controller) by extensions ['ignore', 'ignore_ament_install']
[1.301s] Level 1:colcon.colcon_core.package_identification:_identify(src/arm_controller) by extension 'ignore'
[1.302s] Level 1:colcon.colcon_core.package_identification:_identify(src/arm_controller) by extension 'ignore_ament_install'
[1.302s] Level 1:colcon.colcon_core.package_identification:_identify(src/arm_controller) by extensions ['colcon_pkg']
[1.302s] Level 1:colcon.colcon_core.package_identification:_identify(src/arm_controller) by extension 'colcon_pkg'
[1.302s] Level 1:colcon.colcon_core.package_identification:_identify(src/arm_controller) by extensions ['colcon_meta']
[1.302s] Level 1:colcon.colcon_core.package_identification:_identify(src/arm_controller) by extension 'colcon_meta'
[1.302s] Level 1:colcon.colcon_core.package_identification:_identify(src/arm_controller) by extensions ['ros']
[1.302s] Level 1:colcon.colcon_core.package_identification:_identify(src/arm_controller) by extension 'ros'
[1.306s] DEBUG:colcon.colcon_core.package_identification:Package 'src/arm_controller' with type 'ros.ament_cmake' and name 'arm_controller'
[1.306s] Level 1:colcon.colcon_core.package_identification:_identify(src/arm_cpp_examples) by extensions ['ignore', 'ignore_ament_install']
[1.306s] Level 1:colcon.colcon_core.package_identification:_identify(src/arm_cpp_examples) by extension 'ignore'
[1.307s] Level 1:colcon.colcon_core.package_identification:_identify(src/arm_cpp_examples) by extension 'ignore_ament_install'
[1.307s] Level 1:colcon.colcon_core.package_identification:_identify(src/arm_cpp_examples) by extensions ['colcon_pkg']
[1.307s] Level 1:colcon.colcon_core.package_identification:_identify(src/arm_cpp_examples) by extension 'colcon_pkg'
[1.307s] Level 1:colcon.colcon_core.package_identification:_identify(src/arm_cpp_examples) by extensions ['colcon_meta']
[1.307s] Level 1:colcon.colcon_core.package_identification:_identify(src/arm_cpp_examples) by extension 'colcon_meta'
[1.307s] Level 1:colcon.colcon_core.package_identification:_identify(src/arm_cpp_examples) by extensions ['ros']
[1.307s] Level 1:colcon.colcon_core.package_identification:_identify(src/arm_cpp_examples) by extension 'ros'
[1.310s] DEBUG:colcon.colcon_core.package_identification:Package 'src/arm_cpp_examples' with type 'ros.ament_cmake' and name 'arm_cpp_examples'
[1.310s] Level 1:colcon.colcon_core.package_identification:_identify(src/arm_description) by extensions ['ignore', 'ignore_ament_install']
[1.310s] Level 1:colcon.colcon_core.package_identification:_identify(src/arm_description) by extension 'ignore'
[1.310s] Level 1:colcon.colcon_core.package_identification:_identify(src/arm_description) by extension 'ignore_ament_install'
[1.310s] Level 1:colcon.colcon_core.package_identification:_identify(src/arm_description) by extensions ['colcon_pkg']
[1.310s] Level 1:colcon.colcon_core.package_identification:_identify(src/arm_description) by extension 'colcon_pkg'
[1.310s] Level 1:colcon.colcon_core.package_identification:_identify(src/arm_description) by extensions ['colcon_meta']
[1.310s] Level 1:colcon.colcon_core.package_identification:_identify(src/arm_description) by extension 'colcon_meta'
[1.310s] Level 1:colcon.colcon_core.package_identification:_identify(src/arm_description) by extensions ['ros']
[1.310s] Level 1:colcon.colcon_core.package_identification:_identify(src/arm_description) by extension 'ros'
[1.313s] DEBUG:colcon.colcon_core.package_identification:Package 'src/arm_description' with type 'ros.ament_cmake' and name 'arm_description'
[1.313s] Level 1:colcon.colcon_core.package_identification:_identify(src/arm_firmware) by extensions ['ignore', 'ignore_ament_install']
[1.314s] Level 1:colcon.colcon_core.package_identification:_identify(src/arm_firmware) by extension 'ignore'
[1.314s] Level 1:colcon.colcon_core.package_identification:_identify(src/arm_firmware) by extension 'ignore_ament_install'
[1.314s] Level 1:colcon.colcon_core.package_identification:_identify(src/arm_firmware) by extensions ['colcon_pkg']
[1.314s] Level 1:colcon.colcon_core.package_identification:_identify(src/arm_firmware) by extension 'colcon_pkg'
[1.314s] Level 1:colcon.colcon_core.package_identification:_identify(src/arm_firmware) by extensions ['colcon_meta']
[1.314s] Level 1:colcon.colcon_core.package_identification:_identify(src/arm_firmware) by extension 'colcon_meta'
[1.315s] Level 1:colcon.colcon_core.package_identification:_identify(src/arm_firmware) by extensions ['ros']
[1.315s] Level 1:colcon.colcon_core.package_identification:_identify(src/arm_firmware) by extension 'ros'
[1.318s] DEBUG:colcon.colcon_core.package_identification:Package 'src/arm_firmware' with type 'ros.ament_cmake' and name 'arm_firmware'
[1.318s] Level 1:colcon.colcon_core.package_identification:_identify(src/arm_moveit) by extensions ['ignore', 'ignore_ament_install']
[1.318s] Level 1:colcon.colcon_core.package_identification:_identify(src/arm_moveit) by extension 'ignore'
[1.318s] Level 1:colcon.colcon_core.package_identification:_identify(src/arm_moveit) by extension 'ignore_ament_install'
[1.319s] Level 1:colcon.colcon_core.package_identification:_identify(src/arm_moveit) by extensions ['colcon_pkg']
[1.319s] Level 1:colcon.colcon_core.package_identification:_identify(src/arm_moveit) by extension 'colcon_pkg'
[1.319s] Level 1:colcon.colcon_core.package_identification:_identify(src/arm_moveit) by extensions ['colcon_meta']
[1.319s] Level 1:colcon.colcon_core.package_identification:_identify(src/arm_moveit) by extension 'colcon_meta'
[1.319s] Level 1:colcon.colcon_core.package_identification:_identify(src/arm_moveit) by extensions ['ros']
[1.319s] Level 1:colcon.colcon_core.package_identification:_identify(src/arm_moveit) by extension 'ros'
[1.322s] DEBUG:colcon.colcon_core.package_identification:Package 'src/arm_moveit' with type 'ros.ament_cmake' and name 'arm_moveit'
[1.322s] Level 1:colcon.colcon_core.package_identification:_identify(src/arm_msgs) by extensions ['ignore', 'ignore_ament_install']
[1.322s] Level 1:colcon.colcon_core.package_identification:_identify(src/arm_msgs) by extension 'ignore'
[1.322s] Level 1:colcon.colcon_core.package_identification:_identify(src/arm_msgs) by extension 'ignore_ament_install'
[1.323s] Level 1:colcon.colcon_core.package_identification:_identify(src/arm_msgs) by extensions ['colcon_pkg']
[1.323s] Level 1:colcon.colcon_core.package_identification:_identify(src/arm_msgs) by extension 'colcon_pkg'
[1.323s] Level 1:colcon.colcon_core.package_identification:_identify(src/arm_msgs) by extensions ['colcon_meta']
[1.323s] Level 1:colcon.colcon_core.package_identification:_identify(src/arm_msgs) by extension 'colcon_meta'
[1.323s] Level 1:colcon.colcon_core.package_identification:_identify(src/arm_msgs) by extensions ['ros']
[1.323s] Level 1:colcon.colcon_core.package_identification:_identify(src/arm_msgs) by extension 'ros'
[1.326s] DEBUG:colcon.colcon_core.package_identification:Package 'src/arm_msgs' with type 'ros.ament_cmake' and name 'arm_msgs'
[1.326s] Level 1:colcon.colcon_core.package_identification:_identify(src/arm_py_examples) by extensions ['ignore', 'ignore_ament_install']
[1.326s] Level 1:colcon.colcon_core.package_identification:_identify(src/arm_py_examples) by extension 'ignore'
[1.327s] Level 1:colcon.colcon_core.package_identification:_identify(src/arm_py_examples) by extension 'ignore_ament_install'
[1.327s] Level 1:colcon.colcon_core.package_identification:_identify(src/arm_py_examples) by extensions ['colcon_pkg']
[1.327s] Level 1:colcon.colcon_core.package_identification:_identify(src/arm_py_examples) by extension 'colcon_pkg'
[1.327s] Level 1:colcon.colcon_core.package_identification:_identify(src/arm_py_examples) by extensions ['colcon_meta']
[1.327s] Level 1:colcon.colcon_core.package_identification:_identify(src/arm_py_examples) by extension 'colcon_meta'
[1.327s] Level 1:colcon.colcon_core.package_identification:_identify(src/arm_py_examples) by extensions ['ros']
[1.327s] Level 1:colcon.colcon_core.package_identification:_identify(src/arm_py_examples) by extension 'ros'
[1.330s] DEBUG:colcon.colcon_core.package_identification:Package 'src/arm_py_examples' with type 'ros.ament_python' and name 'arm_py_examples'
[1.331s] Level 1:colcon.colcon_core.package_identification:_identify(src/arm_remote) by extensions ['ignore', 'ignore_ament_install']
[1.331s] Level 1:colcon.colcon_core.package_identification:_identify(src/arm_remote) by extension 'ignore'
[1.331s] Level 1:colcon.colcon_core.package_identification:_identify(src/arm_remote) by extension 'ignore_ament_install'
[1.331s] Level 1:colcon.colcon_core.package_identification:_identify(src/arm_remote) by extensions ['colcon_pkg']
[1.331s] Level 1:colcon.colcon_core.package_identification:_identify(src/arm_remote) by extension 'colcon_pkg'
[1.332s] Level 1:colcon.colcon_core.package_identification:_identify(src/arm_remote) by extensions ['colcon_meta']
[1.332s] Level 1:colcon.colcon_core.package_identification:_identify(src/arm_remote) by extension 'colcon_meta'
[1.332s] Level 1:colcon.colcon_core.package_identification:_identify(src/arm_remote) by extensions ['ros']
[1.332s] Level 1:colcon.colcon_core.package_identification:_identify(src/arm_remote) by extension 'ros'
[1.335s] DEBUG:colcon.colcon_core.package_identification:Package 'src/arm_remote' with type 'ros.ament_cmake' and name 'arm_remote'
[1.335s] Level 1:colcon.colcon_core.package_identification:_identify(src/arm_utils) by extensions ['ignore', 'ignore_ament_install']
[1.336s] Level 1:colcon.colcon_core.package_identification:_identify(src/arm_utils) by extension 'ignore'
[1.336s] Level 1:colcon.colcon_core.package_identification:_identify(src/arm_utils) by extension 'ignore_ament_install'
[1.336s] Level 1:colcon.colcon_core.package_identification:_identify(src/arm_utils) by extensions ['colcon_pkg']
[1.336s] Level 1:colcon.colcon_core.package_identification:_identify(src/arm_utils) by extension 'colcon_pkg'
[1.336s] Level 1:colcon.colcon_core.package_identification:_identify(src/arm_utils) by extensions ['colcon_meta']
[1.336s] Level 1:colcon.colcon_core.package_identification:_identify(src/arm_utils) by extension 'colcon_meta'
[1.336s] Level 1:colcon.colcon_core.package_identification:_identify(src/arm_utils) by extensions ['ros']
[1.336s] Level 1:colcon.colcon_core.package_identification:_identify(src/arm_utils) by extension 'ros'
[1.339s] DEBUG:colcon.colcon_core.package_identification:Package 'src/arm_utils' with type 'ros.ament_cmake' and name 'arm_utils'
[1.339s] Level 1:colcon.colcon_core.package_discovery:discover_packages(recursive) using defaults
[1.340s] Level 1:colcon.colcon_core.package_discovery:discover_packages(ignore) discover
[1.340s] Level 1:colcon.colcon_core.package_discovery:discover_packages(ignore) using defaults
[1.340s] Level 1:colcon.colcon_core.package_discovery:discover_packages(path) discover
[1.340s] Level 1:colcon.colcon_core.package_discovery:discover_packages(path) using defaults
[1.418s] INFO:colcon.colcon_core.package_selection:Skipping package 'arm_utils' in 'src/arm_utils'
[1.418s] INFO:colcon.colcon_core.package_selection:Skipping package 'arm_py_examples' in 'src/arm_py_examples'
[1.418s] INFO:colcon.colcon_core.package_selection:Skipping package 'arm_cpp_examples' in 'src/arm_cpp_examples'
[1.418s] INFO:colcon.colcon_core.package_selection:Skipping package 'arm_moveit' in 'src/arm_moveit'
[1.418s] INFO:colcon.colcon_core.package_selection:Skipping package 'arm_firmware' in 'src/arm_firmware'
[1.418s] INFO:colcon.colcon_core.package_selection:Skipping package 'arm_description' in 'src/arm_description'
[1.418s] INFO:colcon.colcon_core.package_selection:Skipping package 'arm_controller' in 'src/arm_controller'
[1.418s] INFO:colcon.colcon_core.package_selection:Skipping package 'arm_bringup' in 'src/arm_bringup'
[1.419s] Level 1:colcon.colcon_core.package_discovery:discover_packages(prefix_path) check parameters
[1.419s] Level 1:colcon.colcon_core.package_discovery:discover_packages(prefix_path) discover
[1.429s] DEBUG:colcon.colcon_installed_package_information.package_discovery:Found 449 installed packages in /opt/ros/humble
[1.433s] Level 1:colcon.colcon_core.package_discovery:discover_packages(prefix_path) using defaults
[1.528s] Level 5:colcon.colcon_core.verb:set package 'arm_msgs' build argument 'cmake_args' from command line to 'None'
[1.528s] Level 5:colcon.colcon_core.verb:set package 'arm_msgs' build argument 'cmake_target' from command line to 'None'
[1.528s] Level 5:colcon.colcon_core.verb:set package 'arm_msgs' build argument 'cmake_target_skip_unavailable' from command line to 'False'
[1.528s] Level 5:colcon.colcon_core.verb:set package 'arm_msgs' build argument 'cmake_clean_cache' from command line to 'True'
[1.528s] Level 5:colcon.colcon_core.verb:set package 'arm_msgs' build argument 'cmake_clean_first' from command line to 'False'
[1.528s] Level 5:colcon.colcon_core.verb:set package 'arm_msgs' build argument 'cmake_force_configure' from command line to 'False'
[1.528s] Level 5:colcon.colcon_core.verb:set package 'arm_msgs' build argument 'ament_cmake_args' from command line to 'None'
[1.528s] Level 5:colcon.colcon_core.verb:set package 'arm_msgs' build argument 'catkin_cmake_args' from command line to 'None'
[1.528s] Level 5:colcon.colcon_core.verb:set package 'arm_msgs' build argument 'catkin_skip_building_tests' from command line to 'False'
[1.528s] DEBUG:colcon.colcon_core.verb:Building package 'arm_msgs' with the following arguments: {'ament_cmake_args': None, 'build_base': '/home/ros/arm_ws/build/arm_msgs', 'catkin_cmake_args': None, 'catkin_skip_building_tests': False, 'cmake_args': None, 'cmake_clean_cache': True, 'cmake_clean_first': False, 'cmake_force_configure': False, 'cmake_target': None, 'cmake_target_skip_unavailable': False, 'install_base': '/home/ros/arm_ws/install/arm_msgs', 'merge_install': False, 'path': '/home/ros/arm_ws/src/arm_msgs', 'symlink_install': False, 'test_result_base': None}
[1.529s] Level 5:colcon.colcon_core.verb:set package 'arm_remote' build argument 'cmake_args' from command line to 'None'
[1.529s] Level 5:colcon.colcon_core.verb:set package 'arm_remote' build argument 'cmake_target' from command line to 'None'
[1.529s] Level 5:colcon.colcon_core.verb:set package 'arm_remote' build argument 'cmake_target_skip_unavailable' from command line to 'False'
[1.529s] Level 5:colcon.colcon_core.verb:set package 'arm_remote' build argument 'cmake_clean_cache' from command line to 'True'
[1.529s] Level 5:colcon.colcon_core.verb:set package 'arm_remote' build argument 'cmake_clean_first' from command line to 'False'
[1.529s] Level 5:colcon.colcon_core.verb:set package 'arm_remote' build argument 'cmake_force_configure' from command line to 'False'
[1.529s] Level 5:colcon.colcon_core.verb:set package 'arm_remote' build argument 'ament_cmake_args' from command line to 'None'
[1.530s] Level 5:colcon.colcon_core.verb:set package 'arm_remote' build argument 'catkin_cmake_args' from command line to 'None'
[1.530s] Level 5:colcon.colcon_core.verb:set package 'arm_remote' build argument 'catkin_skip_building_tests' from command line to 'False'
[1.530s] DEBUG:colcon.colcon_core.verb:Building package 'arm_remote' with the following arguments: {'ament_cmake_args': None, 'build_base': '/home/ros/arm_ws/build/arm_remote', 'catkin_cmake_args': None, 'catkin_skip_building_tests': False, 'cmake_args': None, 'cmake_clean_cache': True, 'cmake_clean_first': False, 'cmake_force_configure': False, 'cmake_target': None, 'cmake_target_skip_unavailable': False, 'install_base': '/home/ros/arm_ws/install/arm_remote', 'merge_install': False, 'path': '/home/ros/arm_ws/src/arm_remote', 'symlink_install': False, 'test_result_base': None}
[1.530s] INFO:colcon.colcon_core.executor:Executing jobs using 'parallel' executor
[1.532s] DEBUG:colcon.colcon_parallel_executor.executor.parallel:run_until_complete
[1.532s] INFO:colcon.colcon_ros.task.ament_cmake.build:Building ROS package in '/home/ros/arm_ws/src/arm_msgs' with build type 'ament_cmake'
[1.533s] INFO:colcon.colcon_cmake.task.cmake.build:Building CMake package in '/home/ros/arm_ws/src/arm_msgs'
[1.553s] INFO:colcon.colcon_core.plugin_system:Skipping extension 'colcon_core.shell.bat': Not used on non-Windows systems
[1.553s] INFO:colcon.colcon_core.shell:Skip shell extension 'powershell' for command environment: Not usable outside of PowerShell
[1.553s] DEBUG:colcon.colcon_core.shell:Skip shell extension 'dsv' for command environment
[1.587s] DEBUG:colcon.colcon_core.event_handler.log_command:Invoking command in '/home/ros/arm_ws/build/arm_msgs': CMAKE_PREFIX_PATH=/opt/ros/humble /usr/bin/cmake /home/ros/arm_ws/src/arm_msgs -DCMAKE_INSTALL_PREFIX=/home/ros/arm_ws/install/arm_msgs
[5.799s] DEBUG:colcon.colcon_core.event_handler.log_command:Invoked command in '/home/ros/arm_ws/build/arm_msgs' returned '0': CMAKE_PREFIX_PATH=/opt/ros/humble /usr/bin/cmake /home/ros/arm_ws/src/arm_msgs -DCMAKE_INSTALL_PREFIX=/home/ros/arm_ws/install/arm_msgs
[5.800s] DEBUG:colcon.colcon_core.event_handler.log_command:Invoking command in '/home/ros/arm_ws/build/arm_msgs': CMAKE_PREFIX_PATH=/opt/ros/humble /usr/bin/cmake --build /home/ros/arm_ws/build/arm_msgs -- -j4 -l4
[31.542s] DEBUG:colcon.colcon_core.event_handler.log_command:Invoked command in '/home/ros/arm_ws/build/arm_msgs' returned '0': CMAKE_PREFIX_PATH=/opt/ros/humble /usr/bin/cmake --build /home/ros/arm_ws/build/arm_msgs -- -j4 -l4
[31.567s] DEBUG:colcon.colcon_core.event_handler.log_command:Invoking command in '/home/ros/arm_ws/build/arm_msgs': CMAKE_PREFIX_PATH=/opt/ros/humble /usr/bin/cmake --install /home/ros/arm_ws/build/arm_msgs
[61.570s] Level 1:colcon.colcon_core.environment:create_environment_scripts_only(arm_msgs)
[61.571s] DEBUG:colcon.colcon_core.event_handler.log_command:Invoked command in '/home/ros/arm_ws/build/arm_msgs' returned '0': CMAKE_PREFIX_PATH=/opt/ros/humble /usr/bin/cmake --install /home/ros/arm_ws/build/arm_msgs
[61.599s] Level 1:colcon.colcon_core.environment:checking '/home/ros/arm_ws/install/arm_msgs' for CMake module files
[61.602s] Level 1:colcon.colcon_core.environment:checking '/home/ros/arm_ws/install/arm_msgs' for CMake config files
[61.602s] Level 1:colcon.colcon_core.shell:create_environment_hook('arm_msgs', 'cmake_prefix_path')
[61.603s] INFO:colcon.colcon_core.shell:Creating environment hook '/home/ros/arm_ws/install/arm_msgs/share/arm_msgs/hook/cmake_prefix_path.ps1'
[61.607s] INFO:colcon.colcon_core.shell:Creating environment descriptor '/home/ros/arm_ws/install/arm_msgs/share/arm_msgs/hook/cmake_prefix_path.dsv'
[61.608s] INFO:colcon.colcon_core.shell:Creating environment hook '/home/ros/arm_ws/install/arm_msgs/share/arm_msgs/hook/cmake_prefix_path.sh'
[61.611s] Level 1:colcon.colcon_core.environment:checking '/home/ros/arm_ws/install/arm_msgs/lib'
[61.611s] Level 1:colcon.colcon_core.shell:create_environment_hook('arm_msgs', 'ld_library_path_lib')
[61.611s] INFO:colcon.colcon_core.shell:Creating environment hook '/home/ros/arm_ws/install/arm_msgs/share/arm_msgs/hook/ld_library_path_lib.ps1'
[61.612s] INFO:colcon.colcon_core.shell:Creating environment descriptor '/home/ros/arm_ws/install/arm_msgs/share/arm_msgs/hook/ld_library_path_lib.dsv'
[61.612s] INFO:colcon.colcon_core.shell:Creating environment hook '/home/ros/arm_ws/install/arm_msgs/share/arm_msgs/hook/ld_library_path_lib.sh'
[61.613s] Level 1:colcon.colcon_core.environment:checking '/home/ros/arm_ws/install/arm_msgs/bin'
[61.613s] Level 1:colcon.colcon_core.environment:checking '/home/ros/arm_ws/install/arm_msgs/lib/pkgconfig/arm_msgs.pc'
[61.613s] Level 1:colcon.colcon_core.environment:checking '/home/ros/arm_ws/install/arm_msgs/lib/python3.10/site-packages'
[61.614s] Level 1:colcon.colcon_core.environment:checking '/home/ros/arm_ws/install/arm_msgs/bin'
[61.614s] INFO:colcon.colcon_core.shell:Creating package script '/home/ros/arm_ws/install/arm_msgs/share/arm_msgs/package.ps1'
[61.616s] INFO:colcon.colcon_core.shell:Creating package descriptor '/home/ros/arm_ws/install/arm_msgs/share/arm_msgs/package.dsv'
[61.618s] INFO:colcon.colcon_core.shell:Creating package script '/home/ros/arm_ws/install/arm_msgs/share/arm_msgs/package.sh'
[61.622s] INFO:colcon.colcon_core.shell:Creating package script '/home/ros/arm_ws/install/arm_msgs/share/arm_msgs/package.bash'
[61.626s] INFO:colcon.colcon_core.shell:Creating package script '/home/ros/arm_ws/install/arm_msgs/share/arm_msgs/package.zsh'
[61.628s] Level 1:colcon.colcon_core.environment:create_file_with_runtime_dependencies(/home/ros/arm_ws/install/arm_msgs/share/colcon-core/packages/arm_msgs)
[61.629s] Level 1:colcon.colcon_core.environment:create_environment_scripts_only(arm_msgs)
[61.630s] Level 1:colcon.colcon_core.environment:checking '/home/ros/arm_ws/install/arm_msgs' for CMake module files
[61.630s] Level 1:colcon.colcon_core.environment:checking '/home/ros/arm_ws/install/arm_msgs' for CMake config files
[61.630s] Level 1:colcon.colcon_core.shell:create_environment_hook('arm_msgs', 'cmake_prefix_path')
[61.631s] INFO:colcon.colcon_core.shell:Creating environment hook '/home/ros/arm_ws/install/arm_msgs/share/arm_msgs/hook/cmake_prefix_path.ps1'
[61.631s] INFO:colcon.colcon_core.shell:Creating environment descriptor '/home/ros/arm_ws/install/arm_msgs/share/arm_msgs/hook/cmake_prefix_path.dsv'
[61.632s] INFO:colcon.colcon_core.shell:Creating environment hook '/home/ros/arm_ws/install/arm_msgs/share/arm_msgs/hook/cmake_prefix_path.sh'
[61.633s] Level 1:colcon.colcon_core.environment:checking '/home/ros/arm_ws/install/arm_msgs/lib'
[61.633s] Level 1:colcon.colcon_core.shell:create_environment_hook('arm_msgs', 'ld_library_path_lib')
[61.633s] INFO:colcon.colcon_core.shell:Creating environment hook '/home/ros/arm_ws/install/arm_msgs/share/arm_msgs/hook/ld_library_path_lib.ps1'
[61.635s] INFO:colcon.colcon_core.shell:Creating environment descriptor '/home/ros/arm_ws/install/arm_msgs/share/arm_msgs/hook/ld_library_path_lib.dsv'
[61.636s] INFO:colcon.colcon_core.shell:Creating environment hook '/home/ros/arm_ws/install/arm_msgs/share/arm_msgs/hook/ld_library_path_lib.sh'
[61.638s] Level 1:colcon.colcon_core.environment:checking '/home/ros/arm_ws/install/arm_msgs/bin'
[61.638s] Level 1:colcon.colcon_core.environment:checking '/home/ros/arm_ws/install/arm_msgs/lib/pkgconfig/arm_msgs.pc'
[61.639s] Level 1:colcon.colcon_core.environment:checking '/home/ros/arm_ws/install/arm_msgs/lib/python3.10/site-packages'
[61.639s] Level 1:colcon.colcon_core.environment:checking '/home/ros/arm_ws/install/arm_msgs/bin'
[61.640s] INFO:colcon.colcon_core.shell:Creating package script '/home/ros/arm_ws/install/arm_msgs/share/arm_msgs/package.ps1'
[61.641s] INFO:colcon.colcon_core.shell:Creating package descriptor '/home/ros/arm_ws/install/arm_msgs/share/arm_msgs/package.dsv'
[61.642s] INFO:colcon.colcon_core.shell:Creating package script '/home/ros/arm_ws/install/arm_msgs/share/arm_msgs/package.sh'
[61.643s] INFO:colcon.colcon_core.shell:Creating package script '/home/ros/arm_ws/install/arm_msgs/share/arm_msgs/package.bash'
[61.643s] INFO:colcon.colcon_core.shell:Creating package script '/home/ros/arm_ws/install/arm_msgs/share/arm_msgs/package.zsh'
[61.644s] Level 1:colcon.colcon_core.environment:create_file_with_runtime_dependencies(/home/ros/arm_ws/install/arm_msgs/share/colcon-core/packages/arm_msgs)
[61.645s] INFO:colcon.colcon_ros.task.ament_cmake.build:Building ROS package in '/home/ros/arm_ws/src/arm_remote' with build type 'ament_cmake'
[61.645s] INFO:colcon.colcon_cmake.task.cmake.build:Building CMake package in '/home/ros/arm_ws/src/arm_remote'
[61.645s] INFO:colcon.colcon_core.shell:Skip shell extension 'powershell' for command environment: Not usable outside of PowerShell
[61.645s] DEBUG:colcon.colcon_core.shell:Skip shell extension 'dsv' for command environment
[61.679s] DEBUG:colcon.colcon_core.event_handler.log_command:Invoking command in '/home/ros/arm_ws/build/arm_remote': AMENT_PREFIX_PATH=/home/ros/arm_ws/install/arm_msgs:${AMENT_PREFIX_PATH} CMAKE_PREFIX_PATH=/home/ros/arm_ws/install/arm_msgs:/opt/ros/humble LD_LIBRARY_PATH=/home/ros/arm_ws/install/arm_msgs/lib:${LD_LIBRARY_PATH} PYTHONPATH=/home/ros/arm_ws/install/arm_msgs/local/lib/python3.10/dist-packages:${PYTHONPATH} /usr/bin/cmake /home/ros/arm_ws/src/arm_remote -DCMAKE_INSTALL_PREFIX=/home/ros/arm_ws/install/arm_remote
[66.761s] DEBUG:colcon.colcon_core.event_handler.log_command:Invoked command in '/home/ros/arm_ws/build/arm_remote' returned '0': AMENT_PREFIX_PATH=/home/ros/arm_ws/install/arm_msgs:${AMENT_PREFIX_PATH} CMAKE_PREFIX_PATH=/home/ros/arm_ws/install/arm_msgs:/opt/ros/humble LD_LIBRARY_PATH=/home/ros/arm_ws/install/arm_msgs/lib:${LD_LIBRARY_PATH} PYTHONPATH=/home/ros/arm_ws/install/arm_msgs/local/lib/python3.10/dist-packages:${PYTHONPATH} /usr/bin/cmake /home/ros/arm_ws/src/arm_remote -DCMAKE_INSTALL_PREFIX=/home/ros/arm_ws/install/arm_remote
[66.765s] DEBUG:colcon.colcon_core.event_handler.log_command:Invoking command in '/home/ros/arm_ws/build/arm_remote': AMENT_PREFIX_PATH=/home/ros/arm_ws/install/arm_msgs:${AMENT_PREFIX_PATH} CMAKE_PREFIX_PATH=/home/ros/arm_ws/install/arm_msgs:/opt/ros/humble LD_LIBRARY_PATH=/home/ros/arm_ws/install/arm_msgs/lib:${LD_LIBRARY_PATH} PYTHONPATH=/home/ros/arm_ws/install/arm_msgs/local/lib/python3.10/dist-packages:${PYTHONPATH} /usr/bin/cmake --build /home/ros/arm_ws/build/arm_remote -- -j4 -l4
[91.934s] DEBUG:colcon.colcon_core.event_handler.log_command:Invoked command in '/home/ros/arm_ws/build/arm_remote' returned '0': AMENT_PREFIX_PATH=/home/ros/arm_ws/install/arm_msgs:${AMENT_PREFIX_PATH} CMAKE_PREFIX_PATH=/home/ros/arm_ws/install/arm_msgs:/opt/ros/humble LD_LIBRARY_PATH=/home/ros/arm_ws/install/arm_msgs/lib:${LD_LIBRARY_PATH} PYTHONPATH=/home/ros/arm_ws/install/arm_msgs/local/lib/python3.10/dist-packages:${PYTHONPATH} /usr/bin/cmake --build /home/ros/arm_ws/build/arm_remote -- -j4 -l4
[91.941s] DEBUG:colcon.colcon_core.event_handler.log_command:Invoking command in '/home/ros/arm_ws/build/arm_remote': AMENT_PREFIX_PATH=/home/ros/arm_ws/install/arm_msgs:${AMENT_PREFIX_PATH} CMAKE_PREFIX_PATH=/home/ros/arm_ws/install/arm_msgs:/opt/ros/humble LD_LIBRARY_PATH=/home/ros/arm_ws/install/arm_msgs/lib:${LD_LIBRARY_PATH} PYTHONPATH=/home/ros/arm_ws/install/arm_msgs/local/lib/python3.10/dist-packages:${PYTHONPATH} /usr/bin/cmake --install /home/ros/arm_ws/build/arm_remote
[92.114s] Level 1:colcon.colcon_core.environment:create_environment_scripts_only(arm_remote)
[92.115s] Level 1:colcon.colcon_core.environment:checking '/home/ros/arm_ws/install/arm_remote' for CMake module files
[92.118s] DEBUG:colcon.colcon_core.event_handler.log_command:Invoked command in '/home/ros/arm_ws/build/arm_remote' returned '0': AMENT_PREFIX_PATH=/home/ros/arm_ws/install/arm_msgs:${AMENT_PREFIX_PATH} CMAKE_PREFIX_PATH=/home/ros/arm_ws/install/arm_msgs:/opt/ros/humble LD_LIBRARY_PATH=/home/ros/arm_ws/install/arm_msgs/lib:${LD_LIBRARY_PATH} PYTHONPATH=/home/ros/arm_ws/install/arm_msgs/local/lib/python3.10/dist-packages:${PYTHONPATH} /usr/bin/cmake --install /home/ros/arm_ws/build/arm_remote
[92.121s] Level 1:colcon.colcon_core.environment:checking '/home/ros/arm_ws/install/arm_remote' for CMake config files
[92.122s] Level 1:colcon.colcon_core.shell:create_environment_hook('arm_remote', 'cmake_prefix_path')
[92.123s] INFO:colcon.colcon_core.shell:Creating environment hook '/home/ros/arm_ws/install/arm_remote/share/arm_remote/hook/cmake_prefix_path.ps1'
[92.124s] INFO:colcon.colcon_core.shell:Creating environment descriptor '/home/ros/arm_ws/install/arm_remote/share/arm_remote/hook/cmake_prefix_path.dsv'
[92.125s] INFO:colcon.colcon_core.shell:Creating environment hook '/home/ros/arm_ws/install/arm_remote/share/arm_remote/hook/cmake_prefix_path.sh'
[92.127s] Level 1:colcon.colcon_core.environment:checking '/home/ros/arm_ws/install/arm_remote/lib'
[92.127s] Level 1:colcon.colcon_core.shell:create_environment_hook('arm_remote', 'ld_library_path_lib')
[92.128s] INFO:colcon.colcon_core.shell:Creating environment hook '/home/ros/arm_ws/install/arm_remote/share/arm_remote/hook/ld_library_path_lib.ps1'
[92.129s] INFO:colcon.colcon_core.shell:Creating environment descriptor '/home/ros/arm_ws/install/arm_remote/share/arm_remote/hook/ld_library_path_lib.dsv'
[92.133s] INFO:colcon.colcon_core.shell:Creating environment hook '/home/ros/arm_ws/install/arm_remote/share/arm_remote/hook/ld_library_path_lib.sh'
[92.136s] Level 1:colcon.colcon_core.environment:checking '/home/ros/arm_ws/install/arm_remote/bin'
[92.136s] Level 1:colcon.colcon_core.environment:checking '/home/ros/arm_ws/install/arm_remote/lib/pkgconfig/arm_remote.pc'
[92.137s] Level 1:colcon.colcon_core.environment:checking '/home/ros/arm_ws/install/arm_remote/lib/python3.10/site-packages'
[92.138s] Level 1:colcon.colcon_core.environment:checking '/home/ros/arm_ws/install/arm_remote/bin'
[92.139s] INFO:colcon.colcon_core.shell:Creating package script '/home/ros/arm_ws/install/arm_remote/share/arm_remote/package.ps1'
[92.140s] INFO:colcon.colcon_core.shell:Creating package descriptor '/home/ros/arm_ws/install/arm_remote/share/arm_remote/package.dsv'
[92.141s] INFO:colcon.colcon_core.shell:Creating package script '/home/ros/arm_ws/install/arm_remote/share/arm_remote/package.sh'
[92.142s] INFO:colcon.colcon_core.shell:Creating package script '/home/ros/arm_ws/install/arm_remote/share/arm_remote/package.bash'
[92.143s] INFO:colcon.colcon_core.shell:Creating package script '/home/ros/arm_ws/install/arm_remote/share/arm_remote/package.zsh'
[92.145s] Level 1:colcon.colcon_core.environment:create_file_with_runtime_dependencies(/home/ros/arm_ws/install/arm_remote/share/colcon-core/packages/arm_remote)
[92.147s] Level 1:colcon.colcon_core.environment:create_environment_scripts_only(arm_remote)
[92.147s] Level 1:colcon.colcon_core.environment:checking '/home/ros/arm_ws/install/arm_remote' for CMake module files
[92.148s] Level 1:colcon.colcon_core.environment:checking '/home/ros/arm_ws/install/arm_remote' for CMake config files
[92.149s] Level 1:colcon.colcon_core.shell:create_environment_hook('arm_remote', 'cmake_prefix_path')
[92.150s] INFO:colcon.colcon_core.shell:Creating environment hook '/home/ros/arm_ws/install/arm_remote/share/arm_remote/hook/cmake_prefix_path.ps1'
[92.151s] INFO:colcon.colcon_core.shell:Creating environment descriptor '/home/ros/arm_ws/install/arm_remote/share/arm_remote/hook/cmake_prefix_path.dsv'
[92.153s] INFO:colcon.colcon_core.shell:Creating environment hook '/home/ros/arm_ws/install/arm_remote/share/arm_remote/hook/cmake_prefix_path.sh'
[92.155s] Level 1:colcon.colcon_core.environment:checking '/home/ros/arm_ws/install/arm_remote/lib'
[92.156s] Level 1:colcon.colcon_core.shell:create_environment_hook('arm_remote', 'ld_library_path_lib')
[92.156s] INFO:colcon.colcon_core.shell:Creating environment hook '/home/ros/arm_ws/install/arm_remote/share/arm_remote/hook/ld_library_path_lib.ps1'
[92.157s] INFO:colcon.colcon_core.shell:Creating environment descriptor '/home/ros/arm_ws/install/arm_remote/share/arm_remote/hook/ld_library_path_lib.dsv'
[92.158s] INFO:colcon.colcon_core.shell:Creating environment hook '/home/ros/arm_ws/install/arm_remote/share/arm_remote/hook/ld_library_path_lib.sh'
[92.159s] Level 1:colcon.colcon_core.environment:checking '/home/ros/arm_ws/install/arm_remote/bin'
[92.159s] Level 1:colcon.colcon_core.environment:checking '/home/ros/arm_ws/install/arm_remote/lib/pkgconfig/arm_remote.pc'
[92.159s] Level 1:colcon.colcon_core.environment:checking '/home/ros/arm_ws/install/arm_remote/lib/python3.10/site-packages'
[92.160s] Level 1:colcon.colcon_core.environment:checking '/home/ros/arm_ws/install/arm_remote/bin'
[92.161s] INFO:colcon.colcon_core.shell:Creating package script '/home/ros/arm_ws/install/arm_remote/share/arm_remote/package.ps1'
[92.162s] INFO:colcon.colcon_core.shell:Creating package descriptor '/home/ros/arm_ws/install/arm_remote/share/arm_remote/package.dsv'
[92.164s] INFO:colcon.colcon_core.shell:Creating package script '/home/ros/arm_ws/install/arm_remote/share/arm_remote/package.sh'
[92.165s] INFO:colcon.colcon_core.shell:Creating package script '/home/ros/arm_ws/install/arm_remote/share/arm_remote/package.bash'
[92.166s] INFO:colcon.colcon_core.shell:Creating package script '/home/ros/arm_ws/install/arm_remote/share/arm_remote/package.zsh'
[92.167s] Level 1:colcon.colcon_core.environment:create_file_with_runtime_dependencies(/home/ros/arm_ws/install/arm_remote/share/colcon-core/packages/arm_remote)
[92.168s] DEBUG:colcon.colcon_parallel_executor.executor.parallel:closing loop
[92.168s] DEBUG:colcon.colcon_parallel_executor.executor.parallel:loop closed
[92.168s] DEBUG:colcon.colcon_parallel_executor.executor.parallel:run_until_complete finished with '0'
[92.168s] DEBUG:colcon.colcon_core.event_reactor:joining thread
[92.191s] INFO:colcon.colcon_core.plugin_system:Skipping extension 'colcon_notification.desktop_notification.terminal_notifier': Not used on non-Darwin systems
[92.192s] INFO:colcon.colcon_core.plugin_system:Skipping extension 'colcon_notification.desktop_notification.win32': Not used on non-Windows systems
[92.192s] INFO:colcon.colcon_notification.desktop_notification:Sending desktop notification using 'notify2'
[92.192s] DEBUG:colcon.colcon_notification.desktop_notification.notify2:Failed to initialize notify2: org.freedesktop.DBus.Error.AccessDenied: Failed to connect to socket /run/user/1000/bus: Operation not permitted
[92.192s] DEBUG:colcon.colcon_core.event_reactor:joined thread
[92.193s] INFO:colcon.colcon_core.shell:Creating prefix script '/home/ros/arm_ws/install/local_setup.ps1'
[92.196s] INFO:colcon.colcon_core.shell:Creating prefix util module '/home/ros/arm_ws/install/_local_setup_util_ps1.py'
[92.202s] INFO:colcon.colcon_core.shell:Creating prefix chain script '/home/ros/arm_ws/install/setup.ps1'
[92.206s] INFO:colcon.colcon_core.shell:Creating prefix script '/home/ros/arm_ws/install/local_setup.sh'
[92.209s] INFO:colcon.colcon_core.shell:Creating prefix util module '/home/ros/arm_ws/install/_local_setup_util_sh.py'
[92.212s] INFO:colcon.colcon_core.shell:Creating prefix chain script '/home/ros/arm_ws/install/setup.sh'
[92.216s] INFO:colcon.colcon_core.shell:Creating prefix script '/home/ros/arm_ws/install/local_setup.bash'
[92.218s] INFO:colcon.colcon_core.shell:Creating prefix chain script '/home/ros/arm_ws/install/setup.bash'
[92.222s] INFO:colcon.colcon_core.shell:Creating prefix script '/home/ros/arm_ws/install/local_setup.zsh'
[92.225s] INFO:colcon.colcon_core.shell:Creating prefix chain script '/home/ros/arm_ws/install/setup.zsh'
