[5.491s] Invoking command in '/home/ros/arm_ws/src/arm_py_examples': AMENT_PREFIX_PATH=/home/ros/arm_ws/install/arm_msgs:${AMENT_PREFIX_PATH} CMAKE_PREFIX_PATH=/home/ros/arm_ws/install/arm_msgs LD_LIBRARY_PATH=/home/ros/arm_ws/install/arm_msgs/lib:${LD_LIBRARY_PATH} PYTHONPATH=/home/ros/arm_ws/build/arm_py_examples/prefix_override:/usr/lib/python3/dist-packages/colcon_core/task/python/colcon_distutils_commands:/home/ros/arm_ws/install/arm_py_examples/lib/python3.10/site-packages:/home/ros/arm_ws/install/arm_msgs/local/lib/python3.10/dist-packages:${PYTHONPATH} /usr/bin/python3 -W ignore:setup.py install is deprecated setup.py egg_info --egg-base ../../build/arm_py_examples build --build-base /home/ros/arm_ws/build/arm_py_examples/build install --record /home/ros/arm_ws/build/arm_py_examples/install.log --single-version-externally-managed install_data
[6.958s] running egg_info
[6.974s] writing ../../build/arm_py_examples/arm_py_examples.egg-info/PKG-INFO
[6.976s] writing dependency_links to ../../build/arm_py_examples/arm_py_examples.egg-info/dependency_links.txt
[6.981s] writing entry points to ../../build/arm_py_examples/arm_py_examples.egg-info/entry_points.txt
[6.982s] writing requirements to ../../build/arm_py_examples/arm_py_examples.egg-info/requires.txt
[6.988s] writing top-level names to ../../build/arm_py_examples/arm_py_examples.egg-info/top_level.txt
[7.005s] reading manifest file '../../build/arm_py_examples/arm_py_examples.egg-info/SOURCES.txt'
[7.010s] writing manifest file '../../build/arm_py_examples/arm_py_examples.egg-info/SOURCES.txt'
[7.010s] running build
[7.011s] running build_py
[7.024s] running install
[7.025s] running install_lib
[7.036s] running install_data
[7.041s] running install_egg_info
[7.064s] removing '/home/ros/arm_ws/install/arm_py_examples/lib/python3.10/site-packages/arm_py_examples-0.0.0-py3.10.egg-info' (and everything under it)
[7.066s] Copying ../../build/arm_py_examples/arm_py_examples.egg-info to /home/ros/arm_ws/install/arm_py_examples/lib/python3.10/site-packages/arm_py_examples-0.0.0-py3.10.egg-info
[7.078s] running install_scripts
[7.168s] Installing simple_action_client script to /home/ros/arm_ws/install/arm_py_examples/lib/arm_py_examples
[7.174s] Installing simple_action_server script to /home/ros/arm_ws/install/arm_py_examples/lib/arm_py_examples
[7.177s] Installing simple_parameter script to /home/ros/arm_ws/install/arm_py_examples/lib/arm_py_examples
[7.182s] Installing simple_publisher script to /home/ros/arm_ws/install/arm_py_examples/lib/arm_py_examples
[7.188s] Installing simple_service_client script to /home/ros/arm_ws/install/arm_py_examples/lib/arm_py_examples
[7.193s] Installing simple_service_server script to /home/ros/arm_ws/install/arm_py_examples/lib/arm_py_examples
[7.201s] Installing simple_subscriber script to /home/ros/arm_ws/install/arm_py_examples/lib/arm_py_examples
[7.205s] writing list of installed files to '/home/ros/arm_ws/build/arm_py_examples/install.log'
[7.389s] Invoked command in '/home/ros/arm_ws/src/arm_py_examples' returned '0': AMENT_PREFIX_PATH=/home/ros/arm_ws/install/arm_msgs:${AMENT_PREFIX_PATH} CMAKE_PREFIX_PATH=/home/ros/arm_ws/install/arm_msgs LD_LIBRARY_PATH=/home/ros/arm_ws/install/arm_msgs/lib:${LD_LIBRARY_PATH} PYTHONPATH=/home/ros/arm_ws/build/arm_py_examples/prefix_override:/usr/lib/python3/dist-packages/colcon_core/task/python/colcon_distutils_commands:/home/ros/arm_ws/install/arm_py_examples/lib/python3.10/site-packages:/home/ros/arm_ws/install/arm_msgs/local/lib/python3.10/dist-packages:${PYTHONPATH} /usr/bin/python3 -W ignore:setup.py install is deprecated setup.py egg_info --egg-base ../../build/arm_py_examples build --build-base /home/ros/arm_ws/build/arm_py_examples/build install --record /home/ros/arm_ws/build/arm_py_examples/install.log --single-version-externally-managed install_data
