[0.149s] Invoking command in '/home/ros/arm_ws/build/arm_cpp_examples': CMAKE_PREFIX_PATH=/home/ros/arm_ws/install/arm_msgs:/home/ros/arm_ws/install/arm_utils:/home/ros/arm_ws/install/arm_remote:/home/ros/arm_ws/install/arm_cpp_examples:/home/ros/arm_ws/install/arm_moveit:/home/ros/arm_ws/install/arm_firmware:/home/ros/arm_ws/install/arm_description:/home/ros/arm_ws/install/arm_controller:/home/ros/arm_ws/install/arm_bringup:/home/ros/arm_ws/install/arm_py_examples:/opt/ros/humble LD_LIBRARY_PATH=/home/ros/arm_ws/install/arm_msgs/lib:/home/ros/arm_ws/install/arm_remote/lib:/home/ros/arm_ws/install/arm_cpp_examples/lib:/home/ros/arm_ws/install/arm_controller/lib:/usr/lib/x86_64-linux-gnu/gazebo-11/plugins:/opt/ros/humble/opt/rviz_ogre_vendor/lib:/opt/ros/humble/lib/x86_64-linux-gnu:/opt/ros/humble/lib /usr/bin/cmake --build /home/ros/arm_ws/build/arm_cpp_examples -- -j2 -l2
[0.556s] [  9%] Built target simple_publisher
[0.759s] [ 18%] Built target simple_subscriber
[0.926s] [ 27%] Built target simple_parameter
[1.136s] [ 36%] Built target simple_service_server
[1.389s] [ 45%] Built target simple_service_client
[1.592s] [ 54%] Built target simple_action_server
[1.801s] [ 63%] Built target simple_action_server_node
[2.007s] [ 72%] Built target simple_action_client
[2.223s] [ 81%] Built target simple_action_client_node
[2.389s] [ 90%] Built target simple_moveit_interface
[2.554s] [100%] Built target simple_lifecycle_node
[2.627s] Invoked command in '/home/ros/arm_ws/build/arm_cpp_examples' returned '0': CMAKE_PREFIX_PATH=/home/ros/arm_ws/install/arm_msgs:/home/ros/arm_ws/install/arm_utils:/home/ros/arm_ws/install/arm_remote:/home/ros/arm_ws/install/arm_cpp_examples:/home/ros/arm_ws/install/arm_moveit:/home/ros/arm_ws/install/arm_firmware:/home/ros/arm_ws/install/arm_description:/home/ros/arm_ws/install/arm_controller:/home/ros/arm_ws/install/arm_bringup:/home/ros/arm_ws/install/arm_py_examples:/opt/ros/humble LD_LIBRARY_PATH=/home/ros/arm_ws/install/arm_msgs/lib:/home/ros/arm_ws/install/arm_remote/lib:/home/ros/arm_ws/install/arm_cpp_examples/lib:/home/ros/arm_ws/install/arm_controller/lib:/usr/lib/x86_64-linux-gnu/gazebo-11/plugins:/opt/ros/humble/opt/rviz_ogre_vendor/lib:/opt/ros/humble/lib/x86_64-linux-gnu:/opt/ros/humble/lib /usr/bin/cmake --build /home/ros/arm_ws/build/arm_cpp_examples -- -j2 -l2
[3.494s] Invoking command in '/home/ros/arm_ws/build/arm_cpp_examples': CMAKE_PREFIX_PATH=/home/ros/arm_ws/install/arm_msgs:/home/ros/arm_ws/install/arm_utils:/home/ros/arm_ws/install/arm_remote:/home/ros/arm_ws/install/arm_cpp_examples:/home/ros/arm_ws/install/arm_moveit:/home/ros/arm_ws/install/arm_firmware:/home/ros/arm_ws/install/arm_description:/home/ros/arm_ws/install/arm_controller:/home/ros/arm_ws/install/arm_bringup:/home/ros/arm_ws/install/arm_py_examples:/opt/ros/humble LD_LIBRARY_PATH=/home/ros/arm_ws/install/arm_msgs/lib:/home/ros/arm_ws/install/arm_remote/lib:/home/ros/arm_ws/install/arm_cpp_examples/lib:/home/ros/arm_ws/install/arm_controller/lib:/usr/lib/x86_64-linux-gnu/gazebo-11/plugins:/opt/ros/humble/opt/rviz_ogre_vendor/lib:/opt/ros/humble/lib/x86_64-linux-gnu:/opt/ros/humble/lib /usr/bin/cmake --install /home/ros/arm_ws/build/arm_cpp_examples
[3.546s] -- Install configuration: ""
[3.546s] -- Up-to-date: /home/ros/arm_ws/install/arm_cpp_examples/lib/arm_cpp_examples/simple_action_server_node
[3.546s] -- Up-to-date: /home/ros/arm_ws/install/arm_cpp_examples/lib/arm_cpp_examples/simple_action_client_node
[3.553s] -- Up-to-date: /home/ros/arm_ws/install/arm_cpp_examples/lib/arm_cpp_examples/simple_publisher
[3.558s] -- Up-to-date: /home/ros/arm_ws/install/arm_cpp_examples/lib/arm_cpp_examples/simple_subscriber
[3.561s] -- Up-to-date: /home/ros/arm_ws/install/arm_cpp_examples/lib/arm_cpp_examples/simple_parameter
[3.561s] -- Up-to-date: /home/ros/arm_ws/install/arm_cpp_examples/lib/arm_cpp_examples/simple_service_server
[3.567s] -- Up-to-date: /home/ros/arm_ws/install/arm_cpp_examples/lib/arm_cpp_examples/simple_service_client
[3.568s] -- Up-to-date: /home/ros/arm_ws/install/arm_cpp_examples/lib/arm_cpp_examples/simple_moveit_interface
[3.568s] -- Up-to-date: /home/ros/arm_ws/install/arm_cpp_examples/lib/arm_cpp_examples/simple_lifecycle_node
[3.574s] -- Up-to-date: /home/ros/arm_ws/install/arm_cpp_examples/lib/libsimple_action_server.so
[3.574s] -- Up-to-date: /home/ros/arm_ws/install/arm_cpp_examples/lib/libsimple_action_client.so
[3.574s] -- Up-to-date: /home/ros/arm_ws/install/arm_cpp_examples/share/ament_index/resource_index/package_run_dependencies/arm_cpp_examples
[3.576s] -- Up-to-date: /home/ros/arm_ws/install/arm_cpp_examples/share/ament_index/resource_index/parent_prefix_path/arm_cpp_examples
[3.576s] -- Up-to-date: /home/ros/arm_ws/install/arm_cpp_examples/share/arm_cpp_examples/environment/ament_prefix_path.sh
[3.576s] -- Up-to-date: /home/ros/arm_ws/install/arm_cpp_examples/share/arm_cpp_examples/environment/ament_prefix_path.dsv
[3.577s] -- Up-to-date: /home/ros/arm_ws/install/arm_cpp_examples/share/arm_cpp_examples/environment/path.sh
[3.577s] -- Up-to-date: /home/ros/arm_ws/install/arm_cpp_examples/share/arm_cpp_examples/environment/path.dsv
[3.577s] -- Up-to-date: /home/ros/arm_ws/install/arm_cpp_examples/share/arm_cpp_examples/local_setup.bash
[3.582s] -- Up-to-date: /home/ros/arm_ws/install/arm_cpp_examples/share/arm_cpp_examples/local_setup.sh
[3.584s] -- Up-to-date: /home/ros/arm_ws/install/arm_cpp_examples/share/arm_cpp_examples/local_setup.zsh
[3.585s] -- Up-to-date: /home/ros/arm_ws/install/arm_cpp_examples/share/arm_cpp_examples/local_setup.dsv
[3.585s] -- Installing: /home/ros/arm_ws/install/arm_cpp_examples/share/arm_cpp_examples/package.dsv
[3.590s] -- Up-to-date: /home/ros/arm_ws/install/arm_cpp_examples/share/ament_index/resource_index/packages/arm_cpp_examples
[3.594s] -- Up-to-date: /home/ros/arm_ws/install/arm_cpp_examples/share/ament_index/resource_index/rclcpp_components/arm_cpp_examples
[3.595s] -- Up-to-date: /home/ros/arm_ws/install/arm_cpp_examples/share/arm_cpp_examples/cmake/arm_cpp_examplesConfig.cmake
[3.595s] -- Up-to-date: /home/ros/arm_ws/install/arm_cpp_examples/share/arm_cpp_examples/cmake/arm_cpp_examplesConfig-version.cmake
[3.596s] -- Up-to-date: /home/ros/arm_ws/install/arm_cpp_examples/share/arm_cpp_examples/package.xml
[3.602s] Invoked command in '/home/ros/arm_ws/build/arm_cpp_examples' returned '0': CMAKE_PREFIX_PATH=/home/ros/arm_ws/install/arm_msgs:/home/ros/arm_ws/install/arm_utils:/home/ros/arm_ws/install/arm_remote:/home/ros/arm_ws/install/arm_cpp_examples:/home/ros/arm_ws/install/arm_moveit:/home/ros/arm_ws/install/arm_firmware:/home/ros/arm_ws/install/arm_description:/home/ros/arm_ws/install/arm_controller:/home/ros/arm_ws/install/arm_bringup:/home/ros/arm_ws/install/arm_py_examples:/opt/ros/humble LD_LIBRARY_PATH=/home/ros/arm_ws/install/arm_msgs/lib:/home/ros/arm_ws/install/arm_remote/lib:/home/ros/arm_ws/install/arm_cpp_examples/lib:/home/ros/arm_ws/install/arm_controller/lib:/usr/lib/x86_64-linux-gnu/gazebo-11/plugins:/opt/ros/humble/opt/rviz_ogre_vendor/lib:/opt/ros/humble/lib/x86_64-linux-gnu:/opt/ros/humble/lib /usr/bin/cmake --install /home/ros/arm_ws/build/arm_cpp_examples
