[0.099s] Invoking command in '/home/ros/arm_ws/build/arm_cpp_examples': AMENT_PREFIX_PATH=/home/ros/arm_ws/install/arm_msgs:${AMENT_PREFIX_PATH} CMAKE_PREFIX_PATH=/home/ros/arm_ws/install/arm_msgs:/opt/ros/humble LD_LIBRARY_PATH=/home/ros/arm_ws/install/arm_msgs/lib:${LD_LIBRARY_PATH} PYTHONPATH=/home/ros/arm_ws/install/arm_msgs/local/lib/python3.10/dist-packages:${PYTHONPATH} /usr/bin/cmake /home/ros/arm_ws/src/arm_cpp_examples -DCMAKE_INSTALL_PREFIX=/home/ros/arm_ws/install/arm_cpp_examples
[0.620s] -- The C compiler identification is GNU 11.4.0
[1.066s] -- The CXX compiler identification is GNU 11.4.0
[1.143s] -- Detecting C compiler ABI info
[1.741s] -- Detecting C compiler ABI info - done
[1.849s] -- Check for working C compiler: /usr/bin/cc - skipped
[1.851s] -- Detecting C compile features
[1.855s] -- Detecting C compile features - done
[1.880s] -- Detecting CXX compiler ABI info
[2.412s] -- Detecting CXX compiler ABI info - done
[2.461s] -- Check for working CXX compiler: /usr/bin/c++ - skipped
[2.467s] -- Detecting CXX compile features
[2.470s] -- Detecting CXX compile features - done
[2.500s] -- Found ament_cmake: 1.3.10 (/opt/ros/humble/share/ament_cmake/cmake)
[3.508s] -- Found Python3: /usr/bin/python3 (found version "3.10.12") found components: Interpreter 
[4.046s] -- Found rclcpp: 16.0.10 (/opt/ros/humble/share/rclcpp/cmake)
[4.305s] -- Found rosidl_generator_c: 3.1.5 (/opt/ros/humble/share/rosidl_generator_c/cmake)
[4.337s] -- Found rosidl_adapter: 3.1.5 (/opt/ros/humble/share/rosidl_adapter/cmake)
[4.396s] -- Found rosidl_generator_cpp: 3.1.5 (/opt/ros/humble/share/rosidl_generator_cpp/cmake)
[4.450s] -- Using all available rosidl_typesupport_c: rosidl_typesupport_fastrtps_c;rosidl_typesupport_introspection_c
[4.608s] -- Using all available rosidl_typesupport_cpp: rosidl_typesupport_fastrtps_cpp;rosidl_typesupport_introspection_cpp
[5.059s] -- Found rmw_implementation_cmake: 6.1.2 (/opt/ros/humble/share/rmw_implementation_cmake/cmake)
[5.078s] -- Found rmw_fastrtps_cpp: 6.2.7 (/opt/ros/humble/share/rmw_fastrtps_cpp/cmake)
[5.670s] -- Found OpenSSL: /usr/lib/x86_64-linux-gnu/libcrypto.so (found version "3.0.2")  
[5.786s] -- Found FastRTPS: /opt/ros/humble/include  
[5.955s] -- Using RMW implementation 'rmw_fastrtps_cpp' as default
[6.004s] -- Looking for pthread.h
[6.527s] -- Looking for pthread.h - found
[6.527s] -- Performing Test CMAKE_HAVE_LIBC_PTHREAD
[6.943s] -- Performing Test CMAKE_HAVE_LIBC_PTHREAD - Success
[6.946s] -- Found Threads: TRUE  
[7.422s] -- Found arm_msgs: 0.0.0 (/home/ros/arm_ws/install/arm_msgs/share/arm_msgs/cmake)
[7.687s] -- Found rclcpp_action: 16.0.10 (/opt/ros/humble/share/rclcpp_action/cmake)
[7.811s] -- Found rclcpp_components: 16.0.10 (/opt/ros/humble/share/rclcpp_components/cmake)
[8.084s] -- Found moveit_ros_planning_interface: 2.5.6 (/opt/ros/humble/share/moveit_ros_planning_interface/cmake)
[8.292s] -- Found Boost: /usr/lib/x86_64-linux-gnu/cmake/Boost-1.74.0/BoostConfig.cmake (found version "1.74.0") found components: date_time filesystem program_options system thread 
[9.776s] -- Found Boost: /usr/lib/x86_64-linux-gnu/cmake/Boost-1.74.0/BoostConfig.cmake (found version "1.74.0") found components: chrono date_time filesystem iostreams program_options regex serialization system thread 
[10.210s] -- Found parameter_traits: 0.3.9 (/opt/ros/humble/share/parameter_traits/cmake)
[10.334s] -- Found Eigen3: TRUE (found version "3.4.0") 
[10.365s] -- Found rclcpp_lifecycle: 16.0.10 (/opt/ros/humble/share/rclcpp_lifecycle/cmake)
[10.584s] -- Found Boost: /usr/lib/x86_64-linux-gnu/cmake/Boost-1.74.0/BoostConfig.cmake (found version "1.74.0") found components: filesystem 
[11.519s] -- library: /usr/lib/x86_64-linux-gnu/libcurl.so
[11.867s] -- Ensuring Eigen3 include directory is part of orocos-kdl CMake target
[12.665s] -- Found Boost: /usr/lib/x86_64-linux-gnu/cmake/Boost-1.74.0/BoostConfig.cmake (found version "1.74.0") found components: system filesystem date_time program_options thread chrono 
[12.876s] -- Found Boost: /usr/lib/x86_64-linux-gnu/cmake/Boost-1.74.0/BoostConfig.cmake (found version "1.74.0") found components: thread system filesystem regex date_time program_options 
[13.015s] -- Found Boost: /usr/lib/x86_64-linux-gnu/cmake/Boost-1.74.0/BoostConfig.cmake (found version "1.74.0") found components: system filesystem date_time program_options thread 
[13.672s] -- Configuring done
[14.190s] -- Generating done
[14.213s] -- Build files have been written to: /home/ros/arm_ws/build/arm_cpp_examples
[14.289s] Invoked command in '/home/ros/arm_ws/build/arm_cpp_examples' returned '0': AMENT_PREFIX_PATH=/home/ros/arm_ws/install/arm_msgs:${AMENT_PREFIX_PATH} CMAKE_PREFIX_PATH=/home/ros/arm_ws/install/arm_msgs:/opt/ros/humble LD_LIBRARY_PATH=/home/ros/arm_ws/install/arm_msgs/lib:${LD_LIBRARY_PATH} PYTHONPATH=/home/ros/arm_ws/install/arm_msgs/local/lib/python3.10/dist-packages:${PYTHONPATH} /usr/bin/cmake /home/ros/arm_ws/src/arm_cpp_examples -DCMAKE_INSTALL_PREFIX=/home/ros/arm_ws/install/arm_cpp_examples
[14.298s] Invoking command in '/home/ros/arm_ws/build/arm_cpp_examples': AMENT_PREFIX_PATH=/home/ros/arm_ws/install/arm_msgs:${AMENT_PREFIX_PATH} CMAKE_PREFIX_PATH=/home/ros/arm_ws/install/arm_msgs:/opt/ros/humble LD_LIBRARY_PATH=/home/ros/arm_ws/install/arm_msgs/lib:${LD_LIBRARY_PATH} PYTHONPATH=/home/ros/arm_ws/install/arm_msgs/local/lib/python3.10/dist-packages:${PYTHONPATH} /usr/bin/cmake --build /home/ros/arm_ws/build/arm_cpp_examples -- -j2 -l2
[14.623s] [  4%] [32mBuilding CXX object CMakeFiles/simple_publisher.dir/src/simple_publisher.cpp.o[0m
[38.226s] [  9%] [32m[1mLinking CXX executable simple_publisher[0m
[39.289s] [  9%] Built target simple_publisher
[39.461s] [ 13%] [32mBuilding CXX object CMakeFiles/simple_subscriber.dir/src/simple_subscriber.cpp.o[0m
[85.553s] [ 18%] [32m[1mLinking CXX executable simple_subscriber[0m
[88.869s] [ 18%] Built target simple_subscriber
[89.136s] [ 22%] [32mBuilding CXX object CMakeFiles/simple_parameter.dir/src/simple_parameter.cpp.o[0m
[103.361s] [ 27%] [32m[1mLinking CXX executable simple_parameter[0m
[103.957s] [ 27%] Built target simple_parameter
[104.117s] [ 31%] [32mBuilding CXX object CMakeFiles/simple_service_server.dir/src/simple_service_server.cpp.o[0m
[116.757s] [ 36%] [32m[1mLinking CXX executable simple_service_server[0m
[117.405s] [ 36%] Built target simple_service_server
[117.513s] [ 40%] [32mBuilding CXX object CMakeFiles/simple_service_client.dir/src/simple_service_client.cpp.o[0m
[130.308s] [ 45%] [32m[1mLinking CXX executable simple_service_client[0m
[130.906s] [ 45%] Built target simple_service_client
[131.008s] [ 50%] [32mBuilding CXX object CMakeFiles/simple_action_server.dir/src/simple_action_server.cpp.o[0m
[144.625s] [ 54%] [32m[1mLinking CXX shared library libsimple_action_server.so[0m
[145.248s] [ 54%] Built target simple_action_server
[145.338s] [ 59%] [32mBuilding CXX object CMakeFiles/simple_action_server_node.dir/rclcpp_components/node_main_simple_action_server_node.cpp.o[0m
[154.492s] [ 63%] [32m[1mLinking CXX executable simple_action_server_node[0m
[154.936s] [ 63%] Built target simple_action_server_node
[155.027s] [ 68%] [32mBuilding CXX object CMakeFiles/simple_action_client.dir/src/simple_action_client.cpp.o[0m
[166.599s] [ 72%] [32m[1mLinking CXX shared library libsimple_action_client.so[0m
[167.264s] [ 72%] Built target simple_action_client
[167.366s] [ 77%] [32mBuilding CXX object CMakeFiles/simple_action_client_node.dir/rclcpp_components/node_main_simple_action_client_node.cpp.o[0m
[177.189s] [ 81%] [32m[1mLinking CXX executable simple_action_client_node[0m
[177.574s] [ 81%] Built target simple_action_client_node
[177.723s] [ 86%] [32mBuilding CXX object CMakeFiles/simple_moveit_interface.dir/src/simple_moveit_interface.cpp.o[0m
[199.269s] [ 90%] [32m[1mLinking CXX executable simple_moveit_interface[0m
[200.278s] [ 90%] Built target simple_moveit_interface
[200.359s] [ 95%] [32mBuilding CXX object CMakeFiles/simple_lifecycle_node.dir/src/simple_lifecycle_node.cpp.o[0m
[223.188s] [100%] [32m[1mLinking CXX executable simple_lifecycle_node[0m
[224.160s] [100%] Built target simple_lifecycle_node
