[7.275s] Invoking command in '/home/ros/arm_ws/src/arm_py_examples': CMAKE_PREFIX_PATH=/home/ros/arm_ws/install/arm_msgs:/home/ros/arm_ws/install/arm_utils:/home/ros/arm_ws/install/arm_remote:/home/ros/arm_ws/install/arm_cpp_examples:/home/ros/arm_ws/install/arm_moveit:/home/ros/arm_ws/install/arm_firmware:/home/ros/arm_ws/install/arm_description:/home/ros/arm_ws/install/arm_controller:/home/ros/arm_ws/install/arm_bringup LD_LIBRARY_PATH=/home/ros/arm_ws/install/arm_msgs/lib:/home/ros/arm_ws/install/arm_remote/lib:/home/ros/arm_ws/install/arm_cpp_examples/lib:/home/ros/arm_ws/install/arm_controller/lib:/usr/lib/x86_64-linux-gnu/gazebo-11/plugins:/opt/ros/humble/opt/rviz_ogre_vendor/lib:/opt/ros/humble/lib/x86_64-linux-gnu:/opt/ros/humble/lib PYTHONPATH=/home/ros/arm_ws/build/arm_py_examples/prefix_override:/usr/lib/python3/dist-packages/colcon_core/task/python/colcon_distutils_commands:/home/ros/arm_ws/install/arm_py_examples/lib/python3.10/site-packages:${PYTHONPATH} /usr/bin/python3 -W ignore:setup.py install is deprecated setup.py egg_info --egg-base ../../build/arm_py_examples build --build-base /home/ros/arm_ws/build/arm_py_examples/build install --record /home/ros/arm_ws/build/arm_py_examples/install.log --single-version-externally-managed install_data
[10.040s] running egg_info
[10.043s] writing ../../build/arm_py_examples/arm_py_examples.egg-info/PKG-INFO
[10.054s] writing dependency_links to ../../build/arm_py_examples/arm_py_examples.egg-info/dependency_links.txt
[10.054s] writing entry points to ../../build/arm_py_examples/arm_py_examples.egg-info/entry_points.txt
[10.056s] writing requirements to ../../build/arm_py_examples/arm_py_examples.egg-info/requires.txt
[10.061s] writing top-level names to ../../build/arm_py_examples/arm_py_examples.egg-info/top_level.txt
[10.083s] reading manifest file '../../build/arm_py_examples/arm_py_examples.egg-info/SOURCES.txt'
[10.097s] writing manifest file '../../build/arm_py_examples/arm_py_examples.egg-info/SOURCES.txt'
[10.098s] running build
[10.098s] running build_py
[10.098s] running install
[10.105s] running install_lib
[10.118s] running install_data
[10.123s] running install_egg_info
[10.141s] removing '/home/ros/arm_ws/install/arm_py_examples/lib/python3.10/site-packages/arm_py_examples-0.0.0-py3.10.egg-info' (and everything under it)
[10.153s] Copying ../../build/arm_py_examples/arm_py_examples.egg-info to /home/ros/arm_ws/install/arm_py_examples/lib/python3.10/site-packages/arm_py_examples-0.0.0-py3.10.egg-info
[10.165s] running install_scripts
[10.320s] Installing simple_action_client script to /home/ros/arm_ws/install/arm_py_examples/lib/arm_py_examples
[10.328s] Installing simple_action_server script to /home/ros/arm_ws/install/arm_py_examples/lib/arm_py_examples
[10.328s] Installing simple_parameter script to /home/ros/arm_ws/install/arm_py_examples/lib/arm_py_examples
[10.331s] Installing simple_publisher script to /home/ros/arm_ws/install/arm_py_examples/lib/arm_py_examples
[10.332s] Installing simple_service_client script to /home/ros/arm_ws/install/arm_py_examples/lib/arm_py_examples
[10.333s] Installing simple_service_server script to /home/ros/arm_ws/install/arm_py_examples/lib/arm_py_examples
[10.339s] Installing simple_subscriber script to /home/ros/arm_ws/install/arm_py_examples/lib/arm_py_examples
[10.339s] writing list of installed files to '/home/ros/arm_ws/build/arm_py_examples/install.log'
[10.536s] Invoked command in '/home/ros/arm_ws/src/arm_py_examples' returned '0': CMAKE_PREFIX_PATH=/home/ros/arm_ws/install/arm_msgs:/home/ros/arm_ws/install/arm_utils:/home/ros/arm_ws/install/arm_remote:/home/ros/arm_ws/install/arm_cpp_examples:/home/ros/arm_ws/install/arm_moveit:/home/ros/arm_ws/install/arm_firmware:/home/ros/arm_ws/install/arm_description:/home/ros/arm_ws/install/arm_controller:/home/ros/arm_ws/install/arm_bringup LD_LIBRARY_PATH=/home/ros/arm_ws/install/arm_msgs/lib:/home/ros/arm_ws/install/arm_remote/lib:/home/ros/arm_ws/install/arm_cpp_examples/lib:/home/ros/arm_ws/install/arm_controller/lib:/usr/lib/x86_64-linux-gnu/gazebo-11/plugins:/opt/ros/humble/opt/rviz_ogre_vendor/lib:/opt/ros/humble/lib/x86_64-linux-gnu:/opt/ros/humble/lib PYTHONPATH=/home/ros/arm_ws/build/arm_py_examples/prefix_override:/usr/lib/python3/dist-packages/colcon_core/task/python/colcon_distutils_commands:/home/ros/arm_ws/install/arm_py_examples/lib/python3.10/site-packages:${PYTHONPATH} /usr/bin/python3 -W ignore:setup.py install is deprecated setup.py egg_info --egg-base ../../build/arm_py_examples build --build-base /home/ros/arm_ws/build/arm_py_examples/build install --record /home/ros/arm_ws/build/arm_py_examples/install.log --single-version-externally-managed install_data
